This is pdfTeX, Version 3.141592653-2.6-1.40.28 (MiKTeX 25.12) (preloaded format=pdflatex 2026.6.8)  8 JUN 2026 22:45
entering extended mode
 restricted \write18 enabled.
 %&-line parsing enabled.
**./sttools.ins
(sttools.ins
LaTeX2e <2025-11-01>
L3 programming layer <2025-12-24>
(d:\0.\tex/latex/base\docstrip.tex
\blockLevel=\count275
\emptyLines=\count276
\processedLines=\count277
\commentsRemoved=\count278
\commentsPassed=\count279
\codeLinesPassed=\count280
\TotalprocessedLines=\count281
\TotalcommentsRemoved=\count282
\TotalcommentsPassed=\count283
\TotalcodeLinesPassed=\count284
\NumberOfFiles=\count285
\inFile=\read2
\inputcheck=\read3
\off@0=\count286
\off@1=\count287
\off@2=\count288
\off@3=\count289
\off@4=\count290
\off@5=\count291
\off@6=\count292
\off@7=\count293
\off@8=\count294
\off@9=\count295
\off@10=\count296
\off@11=\count297
\off@12=\count298
\off@13=\count299
\off@14=\count300
\off@15=\count301
\@maxfiles=\count302
\@maxoutfiles=\count303

Utility: `docstrip' v2.6c <2024-12-23>
English documentation    <2025-09-23>

**********************************************************
* This program converts documented macro-files into fast *
* loadable files by stripping off (nearly) all comments! *
**********************************************************

********************************************************
* No Configuration file found, using default settings. *
********************************************************

)

Generating file(s) ./cuted.sty 
\openout0 = `./cuted.sty'.


Processing file cuted.dtx (package) -> cuted.sty
Lines  processed: 1202
Comments removed: 174
Comments  passed: 21
Codelines passed: 988


Generating file(s) ./floatpag.sty 
\openout0 = `./floatpag.sty'.


Processing file floatpag.dtx (package) -> floatpag.sty
Lines  processed: 347
Comments removed: 169
Comments  passed: 30
Codelines passed: 131


Generating file(s) ./flushend.sty 
\openout0 = `./flushend.sty'.


Processing file flushend.dtx (package) -> flushend.sty
Lines  processed: 998
Comments removed: 213
Comments  passed: 22
Codelines passed: 744


Generating file(s) ./stabular.sty 
\openout0 = `./stabular.sty'.


Processing file stabular.dtx (package) -> stabular.sty
Lines  processed: 323
Comments removed: 148
Comments  passed: 30
Codelines passed: 126


Generating file(s) ./stfloats.sty 
\openout0 = `./stfloats.sty'.


Processing file stfloats.dtx (package) -> stfloats.sty
Lines  processed: 836
Comments removed: 315
Comments  passed: 21
Codelines passed: 481

*************************************************************
*                                                           *
* To finish the installation you have to move the following *
* file into a directory searched by TeX:                    *
*                                                           *
* All the files with extension `.sty'                       *
*                                                           *
* To produce the documentation run the files with extension *
* '.dtx' through LaTeX.                                     *
*                                                           *
* Happy TeXing!                                             *
*                                                           *
*************************************************************
Overall statistics:
Files  processed: 5
Lines  processed: 3706
Comments removed: 1019
Comments  passed: 124
Codelines passed: 2470
 ) 
Here is how much of TeX's memory you used:
 381 strings out of 467871
 4107 string characters out of 5437130
 433733 words of memory out of 5000000
 29349 multiletter control sequences out of 15000+600000
 627721 words of font info for 40 fonts, out of 8000000 for 9000
 1141 hyphenation exceptions out of 8191
 12i,0n,15p,161b,116s stack positions out of 10000i,1000n,20000p,200000b,200000s

No pages of output.
PDF statistics:
 0 PDF objects out of 1000 (max. 8388607)
 0 named destinations out of 1000 (max. 500000)
 1 words of extra memory for PDF output out of 10000 (max. 10000000)

