[2026-06-14T23:21:08+07:00] === Environment check ===
[2026-06-14T23:21:29+07:00] === Environment check ===
[2026-06-14T23:21:33+07:00] Parquet OK
[2026-06-14T23:21:33+07:00] === Graph builder (skip if exports exist) ===
[2026-06-14T23:21:34+07:00] Clearing GKT baseline cache once before parallel run...
[2026-06-14T23:21:34+07:00] Starting parallel runs for seeds 17 and 1234...
[2026-06-14T23:21:34+07:00] === GKT epochs30 | split_base_seed=1234 | tag=gkt_epochs30_s1234 ===
[2026-06-14T23:21:34+07:00] Waiting for seed 17 (PID 675) and seed 1234 (PID 676) to finish...
[2026-06-14T23:21:34+07:00] === GKT epochs30 | split_base_seed=17 | tag=gkt_epochs30_s17 ===
[2026-06-14T23:21:47+07:00] Parallel Phase 2 runs completed successfully.
[2026-06-14T23:21:47+07:00] === Summarize Q1 results ===
[2026-06-14T23:21:58+07:00] === Environment check ===
[2026-06-14T23:22:02+07:00] Parquet OK
[2026-06-14T23:22:02+07:00] === Graph builder (skip if exports exist) ===
[2026-06-14T23:22:02+07:00] Fold exports present; skipping graph_builder
[2026-06-14T23:22:02+07:00] Clearing GKT baseline cache once before parallel run...
[2026-06-14T23:22:02+07:00] Starting parallel runs for seeds 17 and 1234...
[2026-06-14T23:22:02+07:00] === GKT epochs30 | split_base_seed=1234 | tag=gkt_epochs30_s1234 ===
[2026-06-14T23:22:02+07:00] === GKT epochs30 | split_base_seed=17 | tag=gkt_epochs30_s17 ===
[2026-06-14T23:22:02+07:00] Waiting for seed 17 (PID 926) and seed 1234 (PID 927) to finish...
[2026-06-14T23:22:14+07:00] Parallel Phase 2 runs completed successfully.
[2026-06-14T23:22:14+07:00] === Summarize Q1 results ===
[2026-06-14T23:22:15+07:00] Done. Inspect results/tables/q1_gkt_epochs30_ablation.tex
[2026-06-14T23:22:15+07:00] === Finished phase: phase2 ===
[2026-06-14T23:31:02+07:00] === Environment check ===
[2026-06-14T23:31:09+07:00] Parquet OK
[2026-06-14T23:31:09+07:00] === Graph builder (skip if exports exist) ===
[2026-06-14T23:31:56+07:00] Clearing GKT baseline cache once before parallel run...
[2026-06-14T23:31:56+07:00] Starting parallel runs for seeds 17 and 1234...
[2026-06-14T23:31:56+07:00] === GKT epochs30 | split_base_seed=17 | tag=gkt_epochs30_s17 ===
[2026-06-14T23:31:56+07:00] === GKT epochs30 | split_base_seed=1234 | tag=gkt_epochs30_s1234 ===
[2026-06-14T23:31:56+07:00] Waiting for seed 17 (PID 939) and seed 1234 (PID 940) to finish...
[2026-06-14T23:37:18+07:00] Error: Parallel Phase 2 runs encountered failures.
[2026-06-14T23:41:10+07:00] === Environment check ===
[2026-06-14T23:41:22+07:00] Parquet OK
[2026-06-14T23:41:22+07:00] === Graph builder (skip if exports exist) ===
[2026-06-14T23:41:22+07:00] Fold exports present; skipping graph_builder
[2026-06-14T23:41:22+07:00] Clearing GKT baseline cache once before parallel run...
[2026-06-14T23:41:22+07:00] Starting parallel runs for seeds 17 and 1234...
[2026-06-14T23:41:22+07:00] === GKT epochs30 | split_base_seed=17 | tag=gkt_epochs30_s17 ===
[2026-06-14T23:41:23+07:00] === GKT epochs30 | split_base_seed=1234 | tag=gkt_epochs30_s1234 ===
[2026-06-14T23:41:23+07:00] Waiting for seed 17 (PID 613) and seed 1234 (PID 614) to finish...
[2026-06-14T23:54:27+07:00] === Environment check ===
[2026-06-14T23:54:33+07:00] Parquet OK
[2026-06-14T23:54:34+07:00] === Graph builder (skip if exports exist) ===
[2026-06-14T23:54:34+07:00] Fold exports present; skipping graph_builder
[2026-06-14T23:54:34+07:00] Clearing GKT baseline cache once before parallel run...
[2026-06-14T23:54:34+07:00] Starting parallel runs for seeds 17 and 1234...
[2026-06-14T23:54:34+07:00] === GKT epochs30 | split_base_seed=1234 | tag=gkt_epochs30_s1234 ===
[2026-06-14T23:54:34+07:00] === GKT epochs30 | split_base_seed=17 | tag=gkt_epochs30_s17 ===
[2026-06-14T23:54:34+07:00] Waiting for seed 17 (PID 1940) and seed 1234 (PID 1941) to finish...
[2026-06-14T23:58:03+07:00] Error: Parallel Phase 2 runs encountered failures.
[2026-06-14T23:59:58+07:00] === Environment check ===
[2026-06-15T00:00:07+07:00] Parquet OK
[2026-06-15T00:00:07+07:00] === Graph builder (skip if exports exist) ===
[2026-06-15T00:00:07+07:00] Fold exports present; skipping graph_builder
[2026-06-15T00:00:07+07:00] Clearing GKT baseline cache once before parallel run...
[2026-06-15T00:00:07+07:00] Starting parallel runs for seeds 17 and 1234...
[2026-06-15T00:00:07+07:00] Waiting for seed 17 (PID 744) and seed 1234 (PID 745) to finish...
[2026-06-15T00:00:07+07:00] === GKT epochs30 | split_base_seed=1234 | tag=gkt_epochs30_s1234 ===
[2026-06-15T00:00:07+07:00] === GKT epochs30 | split_base_seed=17 | tag=gkt_epochs30_s17 ===
[2026-06-15T00:03:27+07:00] Warning: Parallel execution failed (likely CUDA OOM). Falling back to sequential execution...
[2026-06-15T00:03:27+07:00] Clearing cache for clean sequential restart...
[2026-06-15T00:03:27+07:00] Running seed 17 sequentially...
[2026-06-15T00:03:27+07:00] === GKT epochs30 | split_base_seed=17 | tag=gkt_epochs30_s17 ===
[2026-06-15T00:05:25+07:00] === Environment check ===
[2026-06-15T00:05:31+07:00] Parquet OK
[2026-06-15T00:05:31+07:00] === Graph builder (skip if exports exist) ===
[2026-06-15T00:05:31+07:00] Fold exports present; skipping graph_builder
[2026-06-15T00:05:31+07:00] Clearing GKT baseline cache once before parallel run...
[2026-06-15T00:05:31+07:00] Starting parallel runs for seeds 17 and 1234...
[2026-06-15T00:05:31+07:00] === GKT epochs30 | split_base_seed=17 | tag=gkt_epochs30_s17 ===
[2026-06-15T00:05:32+07:00] === GKT epochs30 | split_base_seed=1234 | tag=gkt_epochs30_s1234 ===
[2026-06-15T00:05:32+07:00] Waiting for seed 17 (PID 1152) and seed 1234 (PID 1153) to finish...
[2026-06-15T00:08:21+07:00] Warning: Parallel execution failed (likely CUDA OOM). Falling back to sequential execution...
[2026-06-15T00:08:21+07:00] Clearing cache for clean sequential restart...
[2026-06-15T00:08:21+07:00] Running seed 17 sequentially...
[2026-06-15T00:08:21+07:00] === GKT epochs30 | split_base_seed=17 | tag=gkt_epochs30_s17 ===
[2026-06-15T00:15:44+07:00] === Environment check ===
[2026-06-15T00:15:51+07:00] Parquet OK
[2026-06-15T00:15:51+07:00] === Graph builder (skip if exports exist) ===
[2026-06-15T00:15:51+07:00] Fold exports present; skipping graph_builder
[2026-06-15T00:15:51+07:00] Clearing GKT baseline cache once before parallel run...
[2026-06-15T00:15:52+07:00] Starting parallel runs for seeds 17 and 1234...
[2026-06-15T00:15:52+07:00] === GKT epochs30 | split_base_seed=17 | tag=gkt_epochs30_s17 ===
[2026-06-15T00:15:52+07:00] Waiting for seed 17 (PID 1546) and seed 1234 (PID 1548) to finish...
[2026-06-15T00:15:52+07:00] === GKT epochs30 | split_base_seed=1234 | tag=gkt_epochs30_s1234 ===
[2026-06-15T00:36:45+07:00] Warning: Parallel execution failed (likely CUDA OOM). Falling back to sequential execution...
[2026-06-15T00:36:45+07:00] Clearing cache for clean sequential restart...
[2026-06-15T00:36:46+07:00] Running seed 17 sequentially...
[2026-06-15T00:36:46+07:00] === GKT epochs30 | split_base_seed=17 | tag=gkt_epochs30_s17 ===
[2026-06-15T02:27:13+07:00] === Environment check ===
[2026-06-15T02:27:21+07:00] Parquet OK
[2026-06-15T02:27:21+07:00] === Graph builder (skip if exports exist) ===
[2026-06-15T02:27:21+07:00] Fold exports present; skipping graph_builder
[2026-06-15T02:27:22+07:00] Clearing GKT baseline cache once before parallel run...
[2026-06-15T02:27:22+07:00] Starting parallel runs for seeds 17 and 1234...
[2026-06-15T02:27:22+07:00] === GKT epochs30 | split_base_seed=17 | tag=gkt_epochs30_s17 ===
[2026-06-15T02:27:22+07:00] Waiting for seed 17 (PID 658) and seed 1234 (PID 659) to finish...
[2026-06-15T02:27:22+07:00] === GKT epochs30 | split_base_seed=1234 | tag=gkt_epochs30_s1234 ===
[2026-06-15T02:29:10+07:00] === Environment check ===
[2026-06-15T02:29:16+07:00] Parquet OK
[2026-06-15T02:29:17+07:00] === Graph builder (skip if exports exist) ===
[2026-06-15T02:29:17+07:00] Fold exports present; skipping graph_builder
[2026-06-15T02:29:17+07:00] Running Phase 2 sequentially (16GB VRAM insufficient for parallel GKT)...
[2026-06-15T02:29:17+07:00] Clearing GKT baseline cache before run...
[2026-06-15T02:29:17+07:00] Running seed 17 sequentially...
[2026-06-15T02:29:17+07:00] === GKT epochs30 | split_base_seed=17 | tag=gkt_epochs30_s17 ===
[2026-06-15T02:40:34+07:00] === Environment check ===
[2026-06-15T02:40:42+07:00] Parquet OK
[2026-06-15T02:40:42+07:00] === Graph builder (skip if exports exist) ===
[2026-06-15T02:40:42+07:00] Fold exports present; skipping graph_builder
[2026-06-15T02:40:42+07:00] Running Phase 2 sequentially (16GB VRAM insufficient for parallel GKT)...
[2026-06-15T02:40:42+07:00] Clearing GKT baseline cache before run...
[2026-06-15T02:40:42+07:00] Running seed 17 sequentially...
[2026-06-15T02:40:42+07:00] === GKT epochs30 | split_base_seed=17 | tag=gkt_epochs30_s17 ===
[2026-06-15T02:44:16+07:00] === Environment check ===
[2026-06-15T02:44:24+07:00] Parquet OK
[2026-06-15T02:44:24+07:00] === Graph builder (skip if exports exist) ===
[2026-06-15T02:44:24+07:00] Fold exports present; skipping graph_builder
[2026-06-15T02:44:24+07:00] Running Phase 2 sequentially (16GB VRAM insufficient for parallel GKT)...
[2026-06-15T02:44:24+07:00] Clearing GKT baseline cache before run...
[2026-06-15T02:44:24+07:00] Running seed 17 sequentially...
[2026-06-15T02:44:24+07:00] === GKT epochs30 | split_base_seed=17 | tag=gkt_epochs30_s17 ===
[2026-06-15T02:47:59+07:00] === Environment check ===
[2026-06-15T02:48:06+07:00] Parquet OK
[2026-06-15T02:48:06+07:00] === Graph builder (skip if exports exist) ===
[2026-06-15T02:48:06+07:00] Fold exports present; skipping graph_builder
[2026-06-15T02:48:06+07:00] Running Phase 2 sequentially (16GB VRAM insufficient for parallel GKT)...
[2026-06-15T02:48:06+07:00] Clearing GKT baseline cache before run...
[2026-06-15T02:48:06+07:00] Running seed 17 sequentially...
[2026-06-15T02:48:06+07:00] === GKT epochs30 | split_base_seed=17 | tag=gkt_epochs30_s17 ===
[2026-06-15T09:26:27+07:00] === Environment check ===
[2026-06-15T09:26:33+07:00] Parquet OK
[2026-06-15T09:26:33+07:00] === Graph builder (skip if exports exist) ===
[2026-06-15T09:26:33+07:00] Fold exports present; skipping graph_builder
[2026-06-15T09:26:33+07:00] Running Phase 2 sequentially (16GB VRAM insufficient for parallel GKT)...
[2026-06-15T09:26:33+07:00] Clearing GKT baseline cache before run...
[2026-06-15T09:26:33+07:00] Running seed 17 sequentially...
[2026-06-15T09:26:33+07:00] === GKT epochs30 | split_base_seed=17 | tag=gkt_epochs30_s17 ===
[2026-06-15T09:39:46+07:00] === Environment check ===
[2026-06-15T09:39:53+07:00] Parquet OK
[2026-06-15T09:39:53+07:00] === Graph builder (skip if exports exist) ===
[2026-06-15T09:39:53+07:00] Fold exports present; skipping graph_builder
[2026-06-15T09:39:53+07:00] Running Phase 2 sequentially (16GB VRAM insufficient for parallel GKT)...
[2026-06-15T09:39:53+07:00] Running seed 17 sequentially...
[2026-06-15T09:39:53+07:00] === GKT epochs30 | split_base_seed=17 | tag=gkt_epochs30_s17 ===
[2026-06-15T18:01:27+07:00] === Environment check ===
[2026-06-15T18:01:40+07:00] Parquet OK
[2026-06-15T18:01:40+07:00] === Graph builder (skip if exports exist) ===
[2026-06-15T18:01:40+07:00] Fold exports present; skipping graph_builder
[2026-06-15T18:01:40+07:00] Running Phase 2 sequentially (16GB VRAM insufficient for parallel GKT)...
[2026-06-15T18:01:40+07:00] Running seed 17 sequentially...
[2026-06-15T18:01:40+07:00] === GKT epochs30 | split_base_seed=17 | tag=gkt_epochs30_s17 ===
[2026-06-16T01:55:54+07:00] Running seed 1234 sequentially...
[2026-06-16T01:55:54+07:00] === GKT epochs30 | split_base_seed=1234 | tag=gkt_epochs30_s1234 ===
[2026-06-16T14:12:44+07:00] Phase 2 sequential runs completed.
[2026-06-16T14:12:44+07:00] === Summarize Q1 results ===
[2026-06-16T14:12:45+07:00] Done. Inspect results/tables/q1_gkt_epochs30_ablation.tex
[2026-06-16T14:12:45+07:00] === Finished phase: phase2 ===
