This is pdfTeX, Version 3.141592653-2.6-1.40.28 (MiKTeX 25.12) (preloaded format=pdflatex 2026.5.21)  23 MAY 2026 18:45
entering extended mode
 restricted \write18 enabled.
 %&-line parsing enabled.
**./paper/main.tex
(paper/main.tex
LaTeX2e <2025-11-01>
L3 programming layer <2025-12-24>
(d:\0.\tex/latex/ieeetran\IEEEtran.cls
Document Class: IEEEtran 2015/08/26 V1.8b by Michael Shell
-- See the "IEEEtran_HOWTO" manual for usage information.
-- http://www.michaelshell.org/tex/ieeetran/
\@IEEEtrantmpdimenA=\dimen148
\@IEEEtrantmpdimenB=\dimen149
\@IEEEtrantmpdimenC=\dimen150
\@IEEEtrantmpcountA=\count275
\@IEEEtrantmpcountB=\count276
\@IEEEtrantmpcountC=\count277
\@IEEEtrantmptoksA=\toks17
LaTeX Font Info:    Trying to load font information for OT1+ptm on input line 5
03.
(d:\0.\tex/latex/psnfss\ot1ptm.fd
File: ot1ptm.fd 2001/06/04 font definitions for OT1/ptm.
)
-- Using 8.5in x 11in (letter) paper.
-- Using PDF output.
\@IEEEnormalsizeunitybaselineskip=\dimen151
-- This is a 10 point document.
LaTeX Encoding Info:    Redeclaring text command \textunderscore (encoding ?) o
n input line 937.
\CLASSINFOnormalsizebaselineskip=\dimen152
\CLASSINFOnormalsizeunitybaselineskip=\dimen153
\IEEEnormaljot=\dimen154
LaTeX Font Info:    Font shape `OT1/ptm/bx/n' in size <5> not available
(Font)              Font shape `OT1/ptm/b/n' tried instead on input line 1090.
LaTeX Font Info:    Font shape `OT1/ptm/bx/it' in size <5> not available
(Font)              Font shape `OT1/ptm/b/it' tried instead on input line 1090.

LaTeX Font Info:    Font shape `OT1/ptm/bx/n' in size <7> not available
(Font)              Font shape `OT1/ptm/b/n' tried instead on input line 1090.
LaTeX Font Info:    Font shape `OT1/ptm/bx/it' in size <7> not available
(Font)              Font shape `OT1/ptm/b/it' tried instead on input line 1090.

LaTeX Font Info:    Font shape `OT1/ptm/bx/n' in size <8> not available
(Font)              Font shape `OT1/ptm/b/n' tried instead on input line 1090.
LaTeX Font Info:    Font shape `OT1/ptm/bx/it' in size <8> not available
(Font)              Font shape `OT1/ptm/b/it' tried instead on input line 1090.

LaTeX Font Info:    Font shape `OT1/ptm/bx/n' in size <9> not available
(Font)              Font shape `OT1/ptm/b/n' tried instead on input line 1090.
LaTeX Font Info:    Font shape `OT1/ptm/bx/it' in size <9> not available
(Font)              Font shape `OT1/ptm/b/it' tried instead on input line 1090.

LaTeX Font Info:    Font shape `OT1/ptm/bx/n' in size <10> not available
(Font)              Font shape `OT1/ptm/b/n' tried instead on input line 1090.
LaTeX Font Info:    Font shape `OT1/ptm/bx/it' in size <10> not available
(Font)              Font shape `OT1/ptm/b/it' tried instead on input line 1090.

LaTeX Font Info:    Font shape `OT1/ptm/bx/n' in size <11> not available
(Font)              Font shape `OT1/ptm/b/n' tried instead on input line 1090.
LaTeX Font Info:    Font shape `OT1/ptm/bx/it' in size <11> not available
(Font)              Font shape `OT1/ptm/b/it' tried instead on input line 1090.

LaTeX Font Info:    Font shape `OT1/ptm/bx/n' in size <12> not available
(Font)              Font shape `OT1/ptm/b/n' tried instead on input line 1090.
LaTeX Font Info:    Font shape `OT1/ptm/bx/it' in size <12> not available
(Font)              Font shape `OT1/ptm/b/it' tried instead on input line 1090.

LaTeX Font Info:    Font shape `OT1/ptm/bx/n' in size <17> not available
(Font)              Font shape `OT1/ptm/b/n' tried instead on input line 1090.
LaTeX Font Info:    Font shape `OT1/ptm/bx/it' in size <17> not available
(Font)              Font shape `OT1/ptm/b/it' tried instead on input line 1090.

LaTeX Font Info:    Font shape `OT1/ptm/bx/n' in size <20> not available
(Font)              Font shape `OT1/ptm/b/n' tried instead on input line 1090.
LaTeX Font Info:    Font shape `OT1/ptm/bx/it' in size <20> not available
(Font)              Font shape `OT1/ptm/b/it' tried instead on input line 1090.

LaTeX Font Info:    Font shape `OT1/ptm/bx/n' in size <24> not available
(Font)              Font shape `OT1/ptm/b/n' tried instead on input line 1090.
LaTeX Font Info:    Font shape `OT1/ptm/bx/it' in size <24> not available
(Font)              Font shape `OT1/ptm/b/it' tried instead on input line 1090.

\IEEEquantizedlength=\dimen155
\IEEEquantizedlengthdiff=\dimen156
\IEEEquantizedtextheightdiff=\dimen157
\IEEEilabelindentA=\dimen158
\IEEEilabelindentB=\dimen159
\IEEEilabelindent=\dimen160
\IEEEelabelindent=\dimen161
\IEEEdlabelindent=\dimen162
\IEEElabelindent=\dimen163
\IEEEiednormlabelsep=\dimen164
\IEEEiedmathlabelsep=\dimen165
\IEEEiedtopsep=\skip49
\c@section=\count278
\c@subsection=\count279
\c@subsubsection=\count280
\c@paragraph=\count281
\c@IEEEsubequation=\count282
\abovecaptionskip=\skip50
\belowcaptionskip=\skip51
\c@figure=\count283
\c@table=\count284
\@IEEEeqnnumcols=\count285
\@IEEEeqncolcnt=\count286
\@IEEEsubeqnnumrollback=\count287
\@IEEEquantizeheightA=\dimen166
\@IEEEquantizeheightB=\dimen167
\@IEEEquantizeheightC=\dimen168
\@IEEEquantizeprevdepth=\dimen169
\@IEEEquantizemultiple=\count288
\@IEEEquantizeboxA=\box53
\@IEEEtmpitemindent=\dimen170
\IEEEPARstartletwidth=\dimen171
\c@IEEEbiography=\count289
\@IEEEtranrubishbin=\box54
) (d:\0.\tex/latex/base\fontenc.sty
Package: fontenc 2025/07/18 v2.1d Standard LaTeX package
LaTeX Font Info:    Trying to load font information for T1+ptm on input line 11
6.
 (d:\0.\tex/latex/psnfss\t1ptm.fd
File: t1ptm.fd 2001/06/04 font definitions for T1/ptm.
))
(d:\0.\tex/latex/base\inputenc.sty
Package: inputenc 2024/02/08 v1.3d Input encoding file
\inpenc@prehook=\toks18
\inpenc@posthook=\toks19
) (d:\0.\tex/latex/microtype\microtype.sty
Package: microtype 2026/03/01 v3.2d Micro-typographical refinements (RS)

(d:\0.\tex/latex/graphics\keyval.sty
Package: keyval 2022/05/29 v1.15 key=value parser (DPC)
\KV@toks@=\toks20
) (d:\0.\tex/latex/etoolbox\etoolbox.sty
Package: etoolbox 2025/10/02 v2.5m e-TeX tools for LaTeX (JAW)
\etb@tempcnta=\count290
)
\MT@toks=\toks21
\MT@tempbox=\box55
\MT@count=\count291
LaTeX Info: Redefining \noprotrusionifhmode on input line 1084.
LaTeX Info: Redefining \leftprotrusion on input line 1085.
\MT@prot@toks=\toks22
LaTeX Info: Redefining \rightprotrusion on input line 1104.
LaTeX Info: Redefining \textls on input line 1449.
\MT@outer@kern=\dimen172
LaTeX Info: Redefining \microtypecontext on input line 2053.
LaTeX Info: Redefining \textmicrotypecontext on input line 2070.
\MT@listname@count=\count292

(d:\0.\tex/latex/microtype\microtype-pdftex.def
File: microtype-pdftex.def 2026/03/01 v3.2d Definitions specific to pdftex (RS)

LaTeX Info: Redefining \lsstyle on input line 944.
LaTeX Info: Redefining \lslig on input line 944.
\MT@outer@space=\skip52
)
Package microtype Info: Loading configuration file microtype.cfg.

(d:\0.\tex/latex/microtype\microtype.cfg
File: microtype.cfg 2026/03/01 v3.2d microtype main configuration file (RS)
)
LaTeX Info: Redefining \microtypesetup on input line 3065.
) (d:\0.\tex/latex/amsmath\amsmath.sty
Package: amsmath 2025/07/09 v2.17z AMS math features
\@mathmargin=\skip53
For additional information on amsmath, use the `?' option.
(d:\0.\tex/latex/amsmath\amstext.sty
Package: amstext 2024/11/17 v2.01 AMS text
 (d:\0.\tex/latex/amsmath\amsgen.sty
File: amsgen.sty 1999/11/30 v2.0 generic functions
\@emptytoks=\toks23
\ex@=\dimen173
))
(d:\0.\tex/latex/amsmath\amsbsy.sty
Package: amsbsy 1999/11/29 v1.2d Bold Symbols
\pmbraise@=\dimen174
) (d:\0.\tex/latex/amsmath\amsopn.sty
Package: amsopn 2022/04/08 v2.04 operator names
)
\inf@bad=\count293
LaTeX Info: Redefining \frac on input line 233.
\uproot@=\count294
\leftroot@=\count295
LaTeX Info: Redefining \overline on input line 398.
LaTeX Info: Redefining \colon on input line 409.
\classnum@=\count296
\DOTSCASE@=\count297
LaTeX Info: Redefining \ldots on input line 495.
LaTeX Info: Redefining \dots on input line 498.
LaTeX Info: Redefining \cdots on input line 619.
\Mathstrutbox@=\box56
\strutbox@=\box57
LaTeX Info: Redefining \big on input line 721.
LaTeX Info: Redefining \Big on input line 722.
LaTeX Info: Redefining \bigg on input line 723.
LaTeX Info: Redefining \Bigg on input line 724.
\big@size=\dimen175
LaTeX Font Info:    Redeclaring font encoding OML on input line 742.
LaTeX Font Info:    Redeclaring font encoding OMS on input line 743.
\macc@depth=\count298
LaTeX Info: Redefining \bmod on input line 904.
LaTeX Info: Redefining \pmod on input line 909.
LaTeX Info: Redefining \smash on input line 939.
LaTeX Info: Redefining \relbar on input line 969.
LaTeX Info: Redefining \Relbar on input line 970.
\c@MaxMatrixCols=\count299
\dotsspace@=\muskip17
\c@parentequation=\count300
\dspbrk@lvl=\count301
\tag@help=\toks24
\row@=\count302
\column@=\count303
\maxfields@=\count304
\andhelp@=\toks25
\eqnshift@=\dimen176
\alignsep@=\dimen177
\tagshift@=\dimen178
\tagwidth@=\dimen179
\totwidth@=\dimen180
\lineht@=\dimen181
\@envbody=\toks26
\multlinegap=\skip54
\multlinetaggap=\skip55
\mathdisplay@stack=\toks27
LaTeX Info: Redefining \[ on input line 2950.
LaTeX Info: Redefining \] on input line 2951.
)
(d:\0.\tex/latex/amsfonts\amssymb.sty
Package: amssymb 2013/01/14 v3.01 AMS font symbols
 (d:\0.\tex/latex/amsfonts\amsfonts.sty
Package: amsfonts 2013/01/14 v3.01 Basic AMSFonts support
\symAMSa=\mathgroup4
\symAMSb=\mathgroup5
LaTeX Font Info:    Redeclaring math symbol \hbar on input line 98.
LaTeX Font Info:    Overwriting math alphabet `\mathfrak' in version `bold'
(Font)                  U/euf/m/n --> U/euf/b/n on input line 106.
))
(d:\0.\tex/latex/booktabs\booktabs.sty
Package: booktabs 2020/01/12 v1.61803398 Publication quality tables
\heavyrulewidth=\dimen182
\lightrulewidth=\dimen183
\cmidrulewidth=\dimen184
\belowrulesep=\dimen185
\belowbottomsep=\dimen186
\aboverulesep=\dimen187
\abovetopsep=\dimen188
\cmidrulesep=\dimen189
\cmidrulekern=\dimen190
\defaultaddspace=\dimen191
\@cmidla=\count305
\@cmidlb=\count306
\@aboverulesep=\dimen192
\@belowrulesep=\dimen193
\@thisruleclass=\count307
\@lastruleclass=\count308
\@thisrulewidth=\dimen194
) (d:\0.\tex/latex/tools\tabularx.sty
Package: tabularx 2023/12/11 v2.12a `tabularx' package (DPC)

(d:\0.\tex/latex/tools\array.sty
Package: array 2025/09/25 v2.6n Tabular extension package (FMi)
\col@sep=\dimen195
\ar@mcellbox=\box58
\extrarowheight=\dimen196
\NC@list=\toks28
\extratabsurround=\skip56
\backup@length=\skip57
\ar@cellbox=\box59
)
\TX@col@width=\dimen197
\TX@old@table=\dimen198
\TX@old@col=\dimen199
\TX@target=\dimen256
\TX@delta=\dimen257
\TX@cols=\count309
\TX@ftn=\toks29
) (d:\0.\tex/latex/ragged2e\ragged2e.sty
Package: ragged2e 2023/06/22 v3.6 ragged2e Package
\CenteringLeftskip=\skip58
\RaggedLeftLeftskip=\skip59
\RaggedRightLeftskip=\skip60
\CenteringRightskip=\skip61
\RaggedLeftRightskip=\skip62
\RaggedRightRightskip=\skip63
\CenteringParfillskip=\skip64
\RaggedLeftParfillskip=\skip65
\RaggedRightParfillskip=\skip66
\JustifyingParfillskip=\skip67
\CenteringParindent=\skip68
\RaggedLeftParindent=\skip69
\RaggedRightParindent=\skip70
\JustifyingParindent=\skip71
)
(d:\0.\tex/latex/makecell\makecell.sty
Package: makecell 2009/08/03 V0.1e Managing of Tab Column Heads and Cells
\rotheadsize=\dimen258
\c@nlinenum=\count310
\TeXr@lab=\toks30
) (d:\0.\tex/latex/multirow\multirow.sty
Package: multirow 2024/11/12 v2.9 Span multiple rows of a table
\multirow@colwidth=\skip72
\multirow@cntb=\count311
\multirow@dima=\skip73
\bigstrutjot=\dimen259
) (d:\0.\tex/latex/siunitx\siunitx.sty
Package: siunitx 2026-04-15 v3.5.4 A comprehensive (SI) units package
\l__siunitx_number_uncert_offset_int=\count312
\l__siunitx_number_exponent_fixed_int=\count313
\l__siunitx_number_min_decimal_int=\count314
\l__siunitx_number_min_integer_int=\count315
\l__siunitx_number_round_precision_int=\count316
\l__siunitx_number_lower_threshold_int=\count317
\l__siunitx_number_upper_threshold_int=\count318
\l__siunitx_number_group_first_int=\count319
\l__siunitx_number_group_size_int=\count320
\l__siunitx_number_group_min_int=\count321
\l__siunitx_number_group_minimum_int=\count322
\l__siunitx_compound_count_int=\count323

(d:\0.\tex/latex/translations\translations.sty
Package: translations 2022/02/05 v1.12 internationalization of LaTeX2e packages
 (CN)

(d:\0.\tex/generic/pdftexcmds\pdftexcmds.sty
Package: pdftexcmds 2020-06-27 v0.33 Utility functions of pdfTeX for LuaTeX (HO
)

(d:\0.\tex/generic/infwarerr\infwarerr.sty
Package: infwarerr 2019/12/03 v1.5 Providing info/warning/error messages (HO)
) (d:\0.\tex/generic/iftex\iftex.sty
Package: iftex 2024/12/12 v1.0g TeX engine tests
) (d:\0.\tex/generic/ltxcmds\ltxcmds.sty
Package: ltxcmds 2023-12-04 v1.26 LaTeX kernel commands for general use (HO)
)
Package pdftexcmds Info: \pdf@primitive is available.
Package pdftexcmds Info: \pdf@ifprimitive is available.
Package pdftexcmds Info: \pdfdraftmode found.
))
\l__siunitx_table_tmp_box=\box60
\l__siunitx_table_tmp_dim=\dimen260
\l__siunitx_table_column_width_dim=\dimen261
\l__siunitx_table_integer_box=\box61
\l__siunitx_table_decimal_box=\box62
\l__siunitx_table_uncert_box=\box63
\l__siunitx_table_before_box=\box64
\l__siunitx_table_after_box=\box65
\l__siunitx_table_before_dim=\dimen262
\l__siunitx_table_carry_dim=\dimen263
\l__siunitx_unit_tmp_int=\count324
\l__siunitx_unit_position_int=\count325
\l__siunitx_unit_total_int=\count326
\l__siunitx_sexagesimal_tmp_dim=\dimen264
\l__siunitx_sexagesimal_marker_box=\box66
\l__siunitx_sexagesimal_unit_box=\box67
)
(d:\0.\tex/latex/graphics\graphicx.sty
Package: graphicx 2024/12/31 v1.2e Enhanced LaTeX Graphics (DPC,SPQR)
 (d:\0.\tex/latex/graphics\graphics.sty
Package: graphics 2024/08/06 v1.4g Standard LaTeX Graphics (DPC,SPQR)

(d:\0.\tex/latex/graphics\trig.sty
Package: trig 2023/12/02 v1.11 sin cos tan (DPC)
) (d:\0.\tex/latex/graphics-cfg\graphics.cfg
File: graphics.cfg 2016/06/04 v1.11 sample graphics configuration
)
Package graphics Info: Driver file: pdftex.def on input line 106.
(d:\0.\tex/latex/graphics-def\pdftex.def
File: pdftex.def 2025/09/29 v1.2d Graphics/color driver for pdftex
))
\Gin@req@height=\dimen265
\Gin@req@width=\dimen266
) (d:\0.\tex/latex/xcolor\xcolor.sty
Package: xcolor 2024/09/29 v3.02 LaTeX color extensions (UK)

(d:\0.\tex/latex/graphics-cfg\color.cfg
File: color.cfg 2016/01/02 v1.6 sample color configuration
)
Package xcolor Info: Driver file: pdftex.def on input line 274.

(d:\0.\tex/latex/graphics\mathcolor.ltx)
Package xcolor Info: Model `cmy' substituted by `cmy0' on input line 1349.
Package xcolor Info: Model `hsb' substituted by `rgb' on input line 1353.
Package xcolor Info: Model `RGB' extended on input line 1365.
Package xcolor Info: Model `HTML' substituted by `rgb' on input line 1367.
Package xcolor Info: Model `Hsb' substituted by `hsb' on input line 1368.
Package xcolor Info: Model `tHsb' substituted by `hsb' on input line 1369.
Package xcolor Info: Model `HSB' substituted by `hsb' on input line 1370.
Package xcolor Info: Model `Gray' substituted by `gray' on input line 1371.
Package xcolor Info: Model `wave' substituted by `hsb' on input line 1372.
)
(d:\0.\tex/latex/caption\subcaption.sty
Package: subcaption 2023/07/28 v1.6b Sub-captions (AR)
 (d:\0.\tex/latex/caption\caption.sty
Package: caption 2023/08/05 v3.6o Customizing captions (AR)

(d:\0.\tex/latex/caption\caption3.sty
Package: caption3 2023/07/31 v2.4d caption3 kernel (AR)
\caption@tempdima=\dimen267
\captionmargin=\dimen268
\caption@leftmargin=\dimen269
\caption@rightmargin=\dimen270
\caption@width=\dimen271
\caption@indent=\dimen272
\caption@parindent=\dimen273
\caption@hangindent=\dimen274
Package caption Info: Unknown document class (or package),
(caption)             standard defaults will be used.
Package caption Info: \@makecaption = \long macro:#1#2->\ifx \@captype \@IEEEta
blestring \footnotesize \bgroup \par \centering \@IEEEtabletopskipstrut {\norma
lfont \footnotesize #1}\\{\normalfont \footnotesize \scshape #2}\par \addvspace
 {0.5\baselineskip }\egroup \@IEEEtablecaptionsepspace \else \@IEEEfigurecaptio
nsepspace \setbox \@tempboxa \hbox {\normalfont \footnotesize {#1.}\nobreakspac
e \nobreakspace #2}\ifdim \wd \@tempboxa >\hsize \setbox \@tempboxa \hbox {\nor
malfont \footnotesize {#1.}\nobreakspace \nobreakspace }\parbox [t]{\hsize }{\n
ormalfont \footnotesize \noindent \unhbox \@tempboxa #2}\else \ifCLASSOPTIONcon
ference \hbox to\hsize {\normalfont \footnotesize \hfil \box \@tempboxa \hfil }
\else \hbox to\hsize {\normalfont \footnotesize \box \@tempboxa \hfil }\fi \fi 
\fi  on input line 1175.
)

Package caption Warning: Unknown document class (or package),
(caption)                standard defaults will be used.
See the caption package documentation for explanation.

\c@caption@flags=\count327
\c@continuedfloat=\count328
)
Package caption Info: New subtype `subfigure' on input line 238.
\c@subfigure=\count329
Package caption Info: New subtype `subtable' on input line 238.
\c@subtable=\count330
) (d:\0.\tex/latex/float\float.sty
Package: float 2001/11/08 v1.3d Float enhancements (AL)
\c@float@type=\count331
\float@exts=\toks31
\float@box=\box68
\@float@everytoks=\toks32
\@floatcapt=\box69
)
(d:\0.\tex/latex/pgf/frontendlayer\tikz.sty
(d:\0.\tex/latex/pgf/basiclayer\pgf.sty
(d:\0.\tex/latex/pgf/utilities\pgfrcs.sty
(d:\0.\tex/generic/pgf/utilities\pgfutil-common.tex
\pgfutil@everybye=\toks33
\pgfutil@tempdima=\dimen275
\pgfutil@tempdimb=\dimen276
)
(d:\0.\tex/generic/pgf/utilities\pgfutil-latex.def
\pgfutil@abb=\box70
)
(d:\0.\tex/generic/pgf/utilities\pgfrcs.code.tex
(d:\0.\tex/generic/pgf\pgf.revision.tex)
Package: pgfrcs 2025-08-29 v3.1.11a (3.1.11a)
))
Package: pgf 2025-08-29 v3.1.11a (3.1.11a)

(d:\0.\tex/latex/pgf/basiclayer\pgfcore.sty
(d:\0.\tex/latex/pgf/systemlayer\pgfsys.sty
(d:\0.\tex/generic/pgf/systemlayer\pgfsys.code.tex
Package: pgfsys 2025-08-29 v3.1.11a (3.1.11a)

(d:\0.\tex/generic/pgf/utilities\pgfkeys.code.tex
\pgfkeys@pathtoks=\toks34
\pgfkeys@temptoks=\toks35

(d:\0.\tex/generic/pgf/utilities\pgfkeyslibraryfiltered.code.tex
\pgfkeys@tmptoks=\toks36
))
\pgf@x=\dimen277
\pgf@y=\dimen278
\pgf@xa=\dimen279
\pgf@ya=\dimen280
\pgf@xb=\dimen281
\pgf@yb=\dimen282
\pgf@xc=\dimen283
\pgf@yc=\dimen284
\pgf@xd=\dimen285
\pgf@yd=\dimen286
\w@pgf@writea=\write3
\r@pgf@reada=\read2
\c@pgf@counta=\count332
\c@pgf@countb=\count333
\c@pgf@countc=\count334
\c@pgf@countd=\count335
\t@pgf@toka=\toks37
\t@pgf@tokb=\toks38
\t@pgf@tokc=\toks39
\pgf@sys@id@count=\count336

(d:\0.\tex/generic/pgf/systemlayer\pgf.cfg
File: pgf.cfg 2025-08-29 v3.1.11a (3.1.11a)
)
Driver file for pgf: pgfsys-pdftex.def

(d:\0.\tex/generic/pgf/systemlayer\pgfsys-pdftex.def
File: pgfsys-pdftex.def 2025-08-29 v3.1.11a (3.1.11a)

(d:\0.\tex/generic/pgf/systemlayer\pgfsys-common-pdf.def
File: pgfsys-common-pdf.def 2025-08-29 v3.1.11a (3.1.11a)
)))
(d:\0.\tex/generic/pgf/systemlayer\pgfsyssoftpath.code.tex
File: pgfsyssoftpath.code.tex 2025-08-29 v3.1.11a (3.1.11a)
\pgfsyssoftpath@smallbuffer@items=\count337
\pgfsyssoftpath@bigbuffer@items=\count338
)
(d:\0.\tex/generic/pgf/systemlayer\pgfsysprotocol.code.tex
File: pgfsysprotocol.code.tex 2025-08-29 v3.1.11a (3.1.11a)
))
(d:\0.\tex/generic/pgf/basiclayer\pgfcore.code.tex
Package: pgfcore 2025-08-29 v3.1.11a (3.1.11a)

(d:\0.\tex/generic/pgf/math\pgfmath.code.tex
(d:\0.\tex/generic/pgf/math\pgfmathutil.code.tex)
(d:\0.\tex/generic/pgf/math\pgfmathparser.code.tex
\pgfmath@dimen=\dimen287
\pgfmath@count=\count339
\pgfmath@box=\box71
\pgfmath@toks=\toks40
\pgfmath@stack@operand=\toks41
\pgfmath@stack@operation=\toks42
)
(d:\0.\tex/generic/pgf/math\pgfmathfunctions.code.tex)
(d:\0.\tex/generic/pgf/math\pgfmathfunctions.basic.code.tex)
(d:\0.\tex/generic/pgf/math\pgfmathfunctions.trigonometric.code.tex)
(d:\0.\tex/generic/pgf/math\pgfmathfunctions.random.code.tex)
(d:\0.\tex/generic/pgf/math\pgfmathfunctions.comparison.code.tex)
(d:\0.\tex/generic/pgf/math\pgfmathfunctions.base.code.tex)
(d:\0.\tex/generic/pgf/math\pgfmathfunctions.round.code.tex)
(d:\0.\tex/generic/pgf/math\pgfmathfunctions.misc.code.tex)
(d:\0.\tex/generic/pgf/math\pgfmathfunctions.integerarithmetics.code.tex)
(d:\0.\tex/generic/pgf/math\pgfmathcalc.code.tex)
(d:\0.\tex/generic/pgf/math\pgfmathfloat.code.tex
\c@pgfmathroundto@lastzeros=\count340
))
(d:\0.\tex/generic/pgf/math\pgfint.code.tex)
(d:\0.\tex/generic/pgf/basiclayer\pgfcorepoints.code.tex
File: pgfcorepoints.code.tex 2025-08-29 v3.1.11a (3.1.11a)
\pgf@picminx=\dimen288
\pgf@picmaxx=\dimen289
\pgf@picminy=\dimen290
\pgf@picmaxy=\dimen291
\pgf@pathminx=\dimen292
\pgf@pathmaxx=\dimen293
\pgf@pathminy=\dimen294
\pgf@pathmaxy=\dimen295
\pgf@xx=\dimen296
\pgf@xy=\dimen297
\pgf@yx=\dimen298
\pgf@yy=\dimen299
\pgf@zx=\dimen300
\pgf@zy=\dimen301
)
(d:\0.\tex/generic/pgf/basiclayer\pgfcorepathconstruct.code.tex
File: pgfcorepathconstruct.code.tex 2025-08-29 v3.1.11a (3.1.11a)
\pgf@path@lastx=\dimen302
\pgf@path@lasty=\dimen303
)
(d:\0.\tex/generic/pgf/basiclayer\pgfcorepathusage.code.tex
File: pgfcorepathusage.code.tex 2025-08-29 v3.1.11a (3.1.11a)
\pgf@shorten@end@additional=\dimen304
\pgf@shorten@start@additional=\dimen305
)
(d:\0.\tex/generic/pgf/basiclayer\pgfcorescopes.code.tex
File: pgfcorescopes.code.tex 2025-08-29 v3.1.11a (3.1.11a)
\pgfpic=\box72
\pgf@hbox=\box73
\pgf@layerbox@main=\box74
\pgf@picture@serial@count=\count341
)
(d:\0.\tex/generic/pgf/basiclayer\pgfcoregraphicstate.code.tex
File: pgfcoregraphicstate.code.tex 2025-08-29 v3.1.11a (3.1.11a)
\pgflinewidth=\dimen306
)
(d:\0.\tex/generic/pgf/basiclayer\pgfcoretransformations.code.tex
File: pgfcoretransformations.code.tex 2025-08-29 v3.1.11a (3.1.11a)
\pgf@pt@x=\dimen307
\pgf@pt@y=\dimen308
\pgf@pt@temp=\dimen309
)
(d:\0.\tex/generic/pgf/basiclayer\pgfcorequick.code.tex
File: pgfcorequick.code.tex 2025-08-29 v3.1.11a (3.1.11a)
)
(d:\0.\tex/generic/pgf/basiclayer\pgfcoreobjects.code.tex
File: pgfcoreobjects.code.tex 2025-08-29 v3.1.11a (3.1.11a)
)
(d:\0.\tex/generic/pgf/basiclayer\pgfcorepathprocessing.code.tex
File: pgfcorepathprocessing.code.tex 2025-08-29 v3.1.11a (3.1.11a)
)
(d:\0.\tex/generic/pgf/basiclayer\pgfcorearrows.code.tex
File: pgfcorearrows.code.tex 2025-08-29 v3.1.11a (3.1.11a)
\pgfarrowsep=\dimen310
)
(d:\0.\tex/generic/pgf/basiclayer\pgfcoreshade.code.tex
File: pgfcoreshade.code.tex 2025-08-29 v3.1.11a (3.1.11a)
\pgf@max=\dimen311
\pgf@sys@shading@range@num=\count342
\pgf@shadingcount=\count343
)
(d:\0.\tex/generic/pgf/basiclayer\pgfcoreimage.code.tex
File: pgfcoreimage.code.tex 2025-08-29 v3.1.11a (3.1.11a)
)
(d:\0.\tex/generic/pgf/basiclayer\pgfcoreexternal.code.tex
File: pgfcoreexternal.code.tex 2025-08-29 v3.1.11a (3.1.11a)
\pgfexternal@startupbox=\box75
)
(d:\0.\tex/generic/pgf/basiclayer\pgfcorelayers.code.tex
File: pgfcorelayers.code.tex 2025-08-29 v3.1.11a (3.1.11a)
)
(d:\0.\tex/generic/pgf/basiclayer\pgfcoretransparency.code.tex
File: pgfcoretransparency.code.tex 2025-08-29 v3.1.11a (3.1.11a)
)
(d:\0.\tex/generic/pgf/basiclayer\pgfcorepatterns.code.tex
File: pgfcorepatterns.code.tex 2025-08-29 v3.1.11a (3.1.11a)
)
(d:\0.\tex/generic/pgf/basiclayer\pgfcorerdf.code.tex
File: pgfcorerdf.code.tex 2025-08-29 v3.1.11a (3.1.11a)
)))
(d:\0.\tex/generic/pgf/modules\pgfmoduleshapes.code.tex
File: pgfmoduleshapes.code.tex 2025-08-29 v3.1.11a (3.1.11a)
\pgfnodeparttextbox=\box76
)
(d:\0.\tex/generic/pgf/modules\pgfmoduleplot.code.tex
File: pgfmoduleplot.code.tex 2025-08-29 v3.1.11a (3.1.11a)
)
(d:\0.\tex/latex/pgf/compatibility\pgfcomp-version-0-65.sty
Package: pgfcomp-version-0-65 2025-08-29 v3.1.11a (3.1.11a)
\pgf@nodesepstart=\dimen312
\pgf@nodesepend=\dimen313
)
(d:\0.\tex/latex/pgf/compatibility\pgfcomp-version-1-18.sty
Package: pgfcomp-version-1-18 2025-08-29 v3.1.11a (3.1.11a)
))
(d:\0.\tex/latex/pgf/utilities\pgffor.sty
(d:\0.\tex/latex/pgf/utilities\pgfkeys.sty
(d:\0.\tex/generic/pgf/utilities\pgfkeys.code.tex))
(d:\0.\tex/latex/pgf/math\pgfmath.sty
(d:\0.\tex/generic/pgf/math\pgfmath.code.tex))
(d:\0.\tex/generic/pgf/utilities\pgffor.code.tex
Package: pgffor 2025-08-29 v3.1.11a (3.1.11a)
\pgffor@iter=\dimen314
\pgffor@skip=\dimen315
\pgffor@stack=\toks43
\pgffor@toks=\toks44
))
(d:\0.\tex/generic/pgf/frontendlayer/tikz\tikz.code.tex
Package: tikz 2025-08-29 v3.1.11a (3.1.11a)

(d:\0.\tex/generic/pgf/libraries\pgflibraryplothandlers.code.tex
File: pgflibraryplothandlers.code.tex 2025-08-29 v3.1.11a (3.1.11a)
\pgf@plot@mark@count=\count344
\pgfplotmarksize=\dimen316
)
\tikz@lastx=\dimen317
\tikz@lasty=\dimen318
\tikz@lastxsaved=\dimen319
\tikz@lastysaved=\dimen320
\tikz@lastmovetox=\dimen321
\tikz@lastmovetoy=\dimen322
\tikzleveldistance=\dimen323
\tikzsiblingdistance=\dimen324
\tikz@figbox=\box77
\tikz@figbox@bg=\box78
\tikz@tempbox=\box79
\tikz@tempbox@bg=\box80
\tikztreelevel=\count345
\tikznumberofchildren=\count346
\tikznumberofcurrentchild=\count347
\tikz@fig@count=\count348

(d:\0.\tex/generic/pgf/modules\pgfmodulematrix.code.tex
File: pgfmodulematrix.code.tex 2025-08-29 v3.1.11a (3.1.11a)
\pgfmatrixcurrentrow=\count349
\pgfmatrixcurrentcolumn=\count350
\pgf@matrix@numberofcolumns=\count351
)
\tikz@expandcount=\count352

(d:\0.\tex/generic/pgf/frontendlayer/tikz/libraries\tikzlibrarytopaths.code.tex
File: tikzlibrarytopaths.code.tex 2025-08-29 v3.1.11a (3.1.11a)
))) (d:\0.\tex/generic/pgf/libraries\pgflibraryarrows.meta.code.tex
File: pgflibraryarrows.meta.code.tex 2025-08-29 v3.1.11a (3.1.11a)
\pgfarrowinset=\dimen325
\pgfarrowlength=\dimen326
\pgfarrowwidth=\dimen327
\pgfarrowlinewidth=\dimen328
)
(d:\0.\tex/generic/pgf/frontendlayer/tikz/libraries\tikzlibrarypositioning.code
.tex
File: tikzlibrarypositioning.code.tex 2025-08-29 v3.1.11a (3.1.11a)
)
(d:\0.\tex/generic/pgf/frontendlayer/tikz/libraries\tikzlibraryfit.code.tex
File: tikzlibraryfit.code.tex 2025-08-29 v3.1.11a (3.1.11a)
)
(d:\0.\tex/generic/pgf/frontendlayer/tikz/libraries\tikzlibraryshapes.geometric
.code.tex
File: tikzlibraryshapes.geometric.code.tex 2025-08-29 v3.1.11a (3.1.11a)

(d:\0.\tex/generic/pgf/libraries/shapes\pgflibraryshapes.geometric.code.tex
File: pgflibraryshapes.geometric.code.tex 2025-08-29 v3.1.11a (3.1.11a)
))
(d:\0.\tex/generic/pgf/frontendlayer/tikz/libraries\tikzlibrarycalc.code.tex
File: tikzlibrarycalc.code.tex 2025-08-29 v3.1.11a (3.1.11a)
)
(d:\0.\tex/latex/cite\cite.sty
LaTeX Info: Redefining \cite on input line 302.
LaTeX Info: Redefining \nocite on input line 332.
Package: cite 2015/02/27  v 5.5
) (d:\0.\tex/latex/hyperref\hyperref.sty
Package: hyperref 2025-07-12 v7.01o Hypertext links for LaTeX

(d:\0.\tex/latex/kvsetkeys\kvsetkeys.sty
Package: kvsetkeys 2022-10-05 v1.19 Key value parser (HO)
)
(d:\0.\tex/generic/kvdefinekeys\kvdefinekeys.sty
Package: kvdefinekeys 2019-12-19 v1.6 Define keys (HO)
)
(d:\0.\tex/generic/pdfescape\pdfescape.sty
Package: pdfescape 2019/12/09 v1.15 Implements pdfTeX's escape features (HO)
)
(d:\0.\tex/latex/hycolor\hycolor.sty
Package: hycolor 2020-01-27 v1.10 Color options for hyperref/bookmark (HO)
) (d:\0.\tex/latex/hyperref\nameref.sty
Package: nameref 2025-06-21 v2.57 Cross-referencing by name of section

(d:\0.\tex/latex/refcount\refcount.sty
Package: refcount 2019/12/15 v3.6 Data extraction from label references (HO)
)
(d:\0.\tex/generic/gettitlestring\gettitlestring.sty
Package: gettitlestring 2019/12/15 v1.6 Cleanup title references (HO)

(d:\0.\tex/latex/kvoptions\kvoptions.sty
Package: kvoptions 2022-06-15 v3.15 Key value format for package options (HO)
))
\c@section@level=\count353
)
(d:\0.\tex/generic/stringenc\stringenc.sty
Package: stringenc 2019/11/29 v1.12 Convert strings between diff. encodings (HO
)
)
\@linkdim=\dimen329
\Hy@linkcounter=\count354
\Hy@pagecounter=\count355

(d:\0.\tex/latex/hyperref\pd1enc.def
File: pd1enc.def 2025-07-12 v7.01o Hyperref: PDFDocEncoding definition (HO)
Now handling font encoding PD1 ...
... no UTF-8 mapping file for font encoding PD1
) (d:\0.\tex/generic/intcalc\intcalc.sty
Package: intcalc 2019/12/15 v1.3 Expandable calculations with integers (HO)
)
\Hy@SavedSpaceFactor=\count356

(d:\0.\tex/latex/hyperref\puenc.def
File: puenc.def 2025-07-12 v7.01o Hyperref: PDF Unicode definition (HO)
Now handling font encoding PU ...
... no UTF-8 mapping file for font encoding PU
)
Package hyperref Info: Option `colorlinks' set `true' on input line 4066.
Package hyperref Info: Hyper figures OFF on input line 4195.
Package hyperref Info: Link nesting OFF on input line 4200.
Package hyperref Info: Hyper index ON on input line 4203.
Package hyperref Info: Plain pages OFF on input line 4210.
Package hyperref Info: Backreferencing OFF on input line 4215.
Package hyperref Info: Implicit mode ON; LaTeX internals redefined.
Package hyperref Info: Bookmarks ON on input line 4462.
\c@Hy@tempcnt=\count357
 (d:\0.\tex/latex/url\url.sty
\Urlmuskip=\muskip18
Package: url 2013/09/16  ver 3.4  Verb mode for urls, etc.
)
LaTeX Info: Redefining \url on input line 4801.
\XeTeXLinkMargin=\dimen330

(d:\0.\tex/generic/bitset\bitset.sty
Package: bitset 2019/12/09 v1.3 Handle bit-vector datatype (HO)

(d:\0.\tex/generic/bigintcalc\bigintcalc.sty
Package: bigintcalc 2019/12/15 v1.5 Expandable calculations on big integers (HO
)
))
\Fld@menulength=\count358
\Field@Width=\dimen331
\Fld@charsize=\dimen332
Package hyperref Info: Hyper figures OFF on input line 6078.
Package hyperref Info: Link nesting OFF on input line 6083.
Package hyperref Info: Hyper index ON on input line 6086.
Package hyperref Info: backreferencing OFF on input line 6093.
Package hyperref Info: Link coloring ON on input line 6096.
Package hyperref Info: Link coloring with OCG OFF on input line 6103.
Package hyperref Info: PDF/A mode OFF on input line 6108.
\Hy@abspage=\count359
\c@Item=\count360
\c@Hfootnote=\count361
)
Package hyperref Info: Driver (autodetected): hpdftex.

(d:\0.\tex/latex/hyperref\hpdftex.def
File: hpdftex.def 2025-07-12 v7.01o Hyperref driver for pdfTeX
\Fld@listcount=\count362
\c@bookmark@seq@number=\count363

(d:\0.\tex/latex/rerunfilecheck\rerunfilecheck.sty
Package: rerunfilecheck 2025-06-21 v1.11 Rerun checks for auxiliary files (HO)

(d:\0.\tex/generic/uniquecounter\uniquecounter.sty
Package: uniquecounter 2019/12/15 v1.4 Provide unlimited unique counter (HO)
)
Package uniquecounter Info: New unique counter `rerunfilecheck' on input line 2
84.
)
\Hy@SectionHShift=\skip74
)
(d:\0.\tex/latex/cleveref\cleveref.sty
Package: cleveref 2018/03/27 v0.21.4 Intelligent cross-referencing
Package cleveref Info: `hyperref' support loaded on input line 2370.
LaTeX Info: Redefining \cref on input line 2370.
LaTeX Info: Redefining \Cref on input line 2370.
LaTeX Info: Redefining \crefrange on input line 2370.
LaTeX Info: Redefining \Crefrange on input line 2370.
LaTeX Info: Redefining \cpageref on input line 2370.
LaTeX Info: Redefining \Cpageref on input line 2370.
LaTeX Info: Redefining \cpagerefrange on input line 2370.
LaTeX Info: Redefining \Cpagerefrange on input line 2370.
LaTeX Info: Redefining \labelcref on input line 2370.
LaTeX Info: Redefining \labelcpageref on input line 2370.
)
==> First Aid for cleveref.sty applied!
Package translations Info: No language package found. I am going to use `englis
h' as default language. on input line 82.
(d:\0.\tex/latex/l3backend\l3backend-pdftex.def
File: l3backend-pdftex.def 2025-10-09 L3 backend support: PDF output (pdfTeX)
\l__color_backend_stack_int=\count364
)
(D:\0. NCS\CODE\p0_project\paper\$job.aux)
\openout1 = `$job.aux'.

LaTeX Font Info:    Checking defaults for OML/cmm/m/it on input line 82.
LaTeX Font Info:    ... okay on input line 82.
LaTeX Font Info:    Checking defaults for OMS/cmsy/m/n on input line 82.
LaTeX Font Info:    ... okay on input line 82.
LaTeX Font Info:    Checking defaults for OT1/cmr/m/n on input line 82.
LaTeX Font Info:    ... okay on input line 82.
LaTeX Font Info:    Checking defaults for T1/cmr/m/n on input line 82.
LaTeX Font Info:    ... okay on input line 82.
LaTeX Font Info:    Checking defaults for TS1/cmr/m/n on input line 82.
LaTeX Font Info:    ... okay on input line 82.
LaTeX Font Info:    Checking defaults for OMX/cmex/m/n on input line 82.
LaTeX Font Info:    ... okay on input line 82.
LaTeX Font Info:    Checking defaults for U/cmr/m/n on input line 82.
LaTeX Font Info:    ... okay on input line 82.
LaTeX Font Info:    Checking defaults for PD1/pdf/m/n on input line 82.
LaTeX Font Info:    ... okay on input line 82.
LaTeX Font Info:    Checking defaults for PU/pdf/m/n on input line 82.
LaTeX Font Info:    ... okay on input line 82.

-- Lines per column: 56 (exact).
LaTeX Info: Redefining \microtypecontext on input line 82.
Package microtype Info: Applying patch `item' on input line 82.
Package microtype Info: Applying patch `toc' on input line 82.
Package microtype Info: Applying patch `eqnum' on input line 82.
Package microtype Info: Applying patch `footnote' on input line 82.
Package microtype Info: Applying patch `verbatim' on input line 82.
LaTeX Info: Redefining \microtypesetup on input line 82.
Package microtype Info: Generating PDF output.
Package microtype Info: Character protrusion enabled (level 2).
Package microtype Info: Using default protrusion set `alltext'.
Package microtype Info: Automatic font expansion enabled (level 2),
(microtype)             stretch: 20, shrink: 20, step: 1, non-selected.
Package microtype Info: Using default expansion set `alltext-nott'.
Package microtype Info: Patching command `\showhyphens'.
Package microtype Info: No adjustment of tracking.
Package microtype Info: No adjustment of interword spacing.
Package microtype Info: No adjustment of character kerning.
(d:\0.\tex/latex/microtype\mt-ptm.cfg
File: mt-ptm.cfg 2006/04/20 v1.7 microtype config. file: Times (RS)
)
(d:\0.\tex/latex/translations/dicts\translations-basic-dictionary-english.trsl
File: translations-basic-dictionary-english.trsl (english translation file `tra
nslations-basic-dictionary')
)
Package translations Info: loading dictionary `translations-basic-dictionary' f
or `english'. on input line 82.
(d:\0.\tex/context/base/mkii\supp-pdf.mkii
[Loading MPS to PDF converter (version 2006.09.02).]
\scratchcounter=\count365
\scratchdimen=\dimen333
\scratchbox=\box81
\nofMPsegments=\count366
\nofMParguments=\count367
\everyMPshowfont=\toks45
\MPscratchCnt=\count368
\MPscratchDim=\dimen334
\MPnumerator=\count369
\makeMPintoPDFobject=\count370
\everyMPtoPDFconversion=\toks46
) (d:\0.\tex/latex/epstopdf-pkg\epstopdf-base.sty
Package: epstopdf-base 2020-01-24 v2.11 Base part for package epstopdf
Package epstopdf-base Info: Redefining graphics rule for `.eps' on input line 4
85.

(d:\0.\tex/latex/00miktex\epstopdf-sys.cfg
File: epstopdf-sys.cfg 2021/03/18 v2.0 Configuration of epstopdf for MiKTeX
))
Package caption Info: Begin \AtBeginDocument code.
Package caption Info: float package is loaded.
Package caption Info: hyperref package is loaded.
Package caption Info: End \AtBeginDocument code.
Package hyperref Info: Link coloring ON on input line 82.

(D:\0. NCS\CODE\p0_project\paper\$job.out)
(D:\0. NCS\CODE\p0_project\paper\$job.out)
\@outlinefile=\write4
\openout4 = `$job.out'.

LaTeX Font Info:    Calculating math sizes for size <11> on input line 107.

(d:\0.\tex/latex/microtype\mt-cmr.cfg
File: mt-cmr.cfg 2013/05/19 v2.2 microtype config. file: Computer Modern Roman 
(RS)
)
LaTeX Font Info:    Trying to load font information for U+msa on input line 107
.
 (d:\0.\tex/latex/amsfonts\umsa.fd
File: umsa.fd 2013/01/14 v3.01 AMS symbols A
)
(d:\0.\tex/latex/microtype\mt-msa.cfg
File: mt-msa.cfg 2006/02/04 v1.1 microtype config. file: AMS symbols (a) (RS)
)
LaTeX Font Info:    Trying to load font information for U+msb on input line 107
.
 (d:\0.\tex/latex/amsfonts\umsb.fd
File: umsb.fd 2013/01/14 v3.01 AMS symbols B
)
(d:\0.\tex/latex/microtype\mt-msb.cfg
File: mt-msb.cfg 2005/06/01 v1.0 microtype config. file: AMS symbols (b) (RS)
)

LaTeX Warning: Citation `corbett1995bkt' on page 1 undefined on input line 161.



LaTeX Warning: Citation `piech2015dkt' on page 1 undefined on input line 163.


LaTeX Warning: Citation `zhang2017dkvmn' on page 1 undefined on input line 163.



LaTeX Warning: Citation `ghosh2020akt' on page 1 undefined on input line 163.


LaTeX Warning: Citation `liu2023simplekt' on page 1 undefined on input line 163
.


LaTeX Warning: Citation `pandey2019rkt' on page 1 undefined on input line 163.


LaTeX Warning: Citation `shen2021saint' on page 1 undefined on input line 163.


LaTeX Warning: Citation `nakagawa2019gkt' on page 1 undefined on input line 166
.


LaTeX Warning: Citation `tong2020skt' on page 1 undefined on input line 166.


LaTeX Warning: Citation `yang2021gikt' on page 1 undefined on input line 166.


LaTeX Warning: Citation `dygkt2024' on page 1 undefined on input line 166.


LaTeX Warning: Citation `dgekt2024' on page 1 undefined on input line 166.


LaTeX Warning: Citation `wang2022grapkt' on page 1 undefined on input line 166.



LaTeX Warning: Citation `chen2023hgkt' on page 1 undefined on input line 166.


Underfull \vbox (badness 10000) has occurred while \output is active []


Overfull \hbox (20.88098pt too wide) in paragraph at lines 215--221
 [][] 
 []

[1{C:/Users/tuanymc/AppData/Local/MiKTeX/fonts/map/pdftex/pdftex.map}{d:/0./fon
ts/enc/dvips/base/8r.enc}


]

LaTeX Warning: Citation `heffernan2006assist' on page 2 undefined on input line
 237.


LaTeX Warning: Citation `junyi_dataset' on page 2 undefined on input line 237.


LaTeX Warning: Citation `choi2020ednet' on page 2 undefined on input line 241.


LaTeX Warning: Citation `xes3g5m2023' on page 2 undefined on input line 241.

LaTeX Font Info:    Trying to load font information for T1+pcr on input line 25
2.
(d:\0.\tex/latex/psnfss\t1pcr.fd
File: t1pcr.fd 2001/06/04 font definitions for T1/pcr.
)
Package microtype Info: Loading generic protrusion settings for font family
(microtype)             `pcr' (encoding: T1).
(microtype)             For optimal results, create family-specific settings.
(microtype)             See the microtype manual for details.


LaTeX Warning: Citation `liu2022pykt' on page 2 undefined on input line 252.


LaTeX Warning: Citation `you2020graphcl' on page 2 undefined on input line 261.



LaTeX Warning: Citation `zhu2021gca' on page 2 undefined on input line 261.


LaTeX Warning: Citation `xia2022simgrace' on page 2 undefined on input line 261
.


LaTeX Warning: Citation `thakoor2021bgrl' on page 2 undefined on input line 261
.


LaTeX Warning: Citation `velickovic2018dgi' on page 2 undefined on input line 2
61.


LaTeX Warning: Citation `hassani2020mvgrl' on page 2 undefined on input line 26
1.


LaTeX Warning: Citation `schein2002coldstart' on page 2 undefined on input line
 270.


LaTeX Warning: Citation `junyi_dataset' on page 2 undefined on input line 279.


LaTeX Warning: Citation `chang2015junyi' on page 2 undefined on input line 279.



LaTeX Warning: Citation `xes3g5m2023' on page 2 undefined on input line 280.


LaTeX Warning: Citation `abdelrahman2023kt_survey' on page 2 undefined on input
 line 284.


LaTeX Warning: Citation `liu2022pykt' on page 2 undefined on input line 284.


LaTeX Warning: Citation `nakagawa2019gkt' on page 2 undefined on input line 288
.


LaTeX Warning: Citation `tong2020skt' on page 2 undefined on input line 288.


LaTeX Warning: Citation `yang2021gikt' on page 2 undefined on input line 288.


LaTeX Warning: Citation `dygkt2024' on page 2 undefined on input line 288.


LaTeX Warning: Citation `dgekt2024' on page 2 undefined on input line 288.


LaTeX Warning: Citation `bai2025survey' on page 2 undefined on input line 294.


LaTeX Warning: Citation `lin2016moocprereq' on page 2 undefined on input line 2
94.


LaTeX Warning: Citation `pan2020concept' on page 2 undefined on input line 294.



LaTeX Warning: Citation `lee2022cl4kt' on page 2 undefined on input line 297.


LaTeX Warning: Citation `song2022biclkt' on page 2 undefined on input line 297.



LaTeX Warning: Citation `wan2021contrastive' on page 2 undefined on input line 
297.


LaTeX Warning: Citation `junyi_dataset' on page 2 undefined on input line 316.


LaTeX Warning: Citation `corbett1995bkt' on page 2 undefined on input line 348.



LaTeX Warning: Citation `yudelson2013pfa' on page 2 undefined on input line 349
.


LaTeX Warning: Citation `khajah2016das3h' on page 2 undefined on input line 349
.


LaTeX Warning: Citation `piech2015dkt' on page 2 undefined on input line 350.


LaTeX Warning: Citation `zhang2017dkvmn' on page 2 undefined on input line 351.



LaTeX Warning: Citation `ghosh2020akt' on page 2 undefined on input line 353.


LaTeX Warning: Citation `liu2023simplekt' on page 2 undefined on input line 353
.


LaTeX Warning: Citation `chen2022dimkt' on page 2 undefined on input line 353.


LaTeX Warning: Citation `wang2023corekt' on page 2 undefined on input line 353.



LaTeX Warning: Citation `pandey2019rkt' on page 2 undefined on input line 354.


LaTeX Warning: Citation `shen2021saint' on page 2 undefined on input line 354.


LaTeX Warning: Citation `abdelrahman2023kt_survey' on page 2 undefined on input
 line 356.


LaTeX Warning: Citation `liu2022pykt' on page 2 undefined on input line 358.


LaTeX Warning: Citation `choi2020ednet' on page 2 undefined on input line 359.


LaTeX Warning: Citation `xes3g5m2023' on page 2 undefined on input line 360.

[2]

LaTeX Warning: Citation `liu2022pykt' on page 3 undefined on input line 367.


LaTeX Warning: Citation `abdelrahman2023kt_survey' on page 3 undefined on input
 line 367.


LaTeX Warning: Citation `nakagawa2019gkt' on page 3 undefined on input line 376
.


LaTeX Warning: Citation `tong2020skt' on page 3 undefined on input line 377.


LaTeX Warning: Citation `yang2021gikt' on page 3 undefined on input line 378.


LaTeX Warning: Citation `chen2023hgkt' on page 3 undefined on input line 381.


LaTeX Warning: Citation `wang2022grapkt' on page 3 undefined on input line 381.



LaTeX Warning: Citation `liu2021iekt' on page 3 undefined on input line 381.


LaTeX Warning: Citation `dygkt2024' on page 3 undefined on input line 381.


LaTeX Warning: Citation `dgekt2024' on page 3 undefined on input line 382.


LaTeX Warning: Citation `xiong2023gracekt' on page 3 undefined on input line 38
3.


LaTeX Warning: Citation `huang2022hawkt' on page 3 undefined on input line 383.



LaTeX Warning: Citation `lin2016moocprereq' on page 3 undefined on input line 3
86.


LaTeX Warning: Citation `pan2020concept' on page 3 undefined on input line 386.



LaTeX Warning: Citation `chen2020dlprereq' on page 3 undefined on input line 38
6.


LaTeX Warning: Citation `laguna2018prereq' on page 3 undefined on input line 38
6.


LaTeX Warning: Citation `bai2025survey' on page 3 undefined on input line 386.


LaTeX Warning: Citation `chang2015junyi' on page 3 undefined on input line 386.



LaTeX Warning: Citation `chang2015junyi' on page 3 undefined on input line 396.



LaTeX Warning: Citation `junyi_dataset' on page 3 undefined on input line 396.


LaTeX Warning: Citation `you2020graphcl' on page 3 undefined on input line 405.



LaTeX Warning: Citation `zhu2021gca' on page 3 undefined on input line 405.


LaTeX Warning: Citation `xia2022simgrace' on page 3 undefined on input line 406
.


LaTeX Warning: Citation `thakoor2021bgrl' on page 3 undefined on input line 406
.


LaTeX Warning: Citation `velickovic2018dgi' on page 3 undefined on input line 4
07.


LaTeX Warning: Citation `hassani2020mvgrl' on page 3 undefined on input line 40
8.


LaTeX Warning: Citation `zhu2020graphtsa' on page 3 undefined on input line 408
.


LaTeX Warning: Citation `feng2022graphmvp' on page 3 undefined on input line 40
8.


LaTeX Warning: Citation `kipf2017gcn' on page 3 undefined on input line 409.


LaTeX Warning: Citation `hamilton2017graphsage' on page 3 undefined on input li
ne 409.


LaTeX Warning: Citation `lee2022cl4kt' on page 3 undefined on input line 412.


LaTeX Warning: Citation `song2022biclkt' on page 3 undefined on input line 412.



LaTeX Warning: Citation `deckt2025' on page 3 undefined on input line 412.


LaTeX Warning: Citation `wan2021contrastive' on page 3 undefined on input line 
412.


Underfull \hbox (badness 2865) in paragraph at lines 404--414
\T1/ptm/m/n/10 (+20) agnostic aug-men-ta-tions: GraphCL [\T1/ptm/b/n/10 (+20) ?
\T1/ptm/m/n/10 (+20) ], GCA [\T1/ptm/b/n/10 (+20) ?\T1/ptm/m/n/10 (+20) ], Sim-

 []


LaTeX Warning: Citation `zhu2020graphtsa' on page 3 undefined on input line 420
.


LaTeX Warning: Citation `liu2022pykt' on page 3 undefined on input line 424.

[3]
Underfull \hbox (badness 10000) in paragraph at lines 604--604
[]|\T1/ptm/m/n/8 (+20) Tail-knowledge com-po-nent
 []

[4]

LaTeX Warning: Citation `kipf2017gcn' on page 5 undefined on input line 717.


LaTeX Warning: Citation `hamilton2017graphsage' on page 5 undefined on input li
ne 717.


LaTeX Warning: Citation `johnson1975finding' on page 5 undefined on input line 
721.


LaTeX Warning: Citation `liu2022pykt' on page 5 undefined on input line 722.


Underfull \hbox (badness 10000) in paragraph at lines 720--725
[]\T1/ptm/m/n/10 (+20) Technology stack: graph con-struc-tion is
 []


Underfull \hbox (badness 10000) in paragraph at lines 720--725
\T1/ptm/m/n/10 (+20) al-go-rithm [\T1/ptm/b/n/10 (+20) ?\T1/ptm/m/n/10 (+20) ];
 KT train-ing op-tion-ally del-e-gates
 []


Underfull \hbox (badness 10000) in paragraph at lines 720--725
\T1/ptm/m/n/10 (+20) to \T1/pcr/m/n/10 pyKT \T1/ptm/m/n/10 (+20) [\T1/ptm/b/n/1
0 (+20) ?\T1/ptm/m/n/10 (+20) ] with ex-ported NPZ ad-ja-cency. All
 []


Underfull \hbox (badness 8132) in paragraph at lines 720--725
\T1/ptm/m/n/10 (+20) arte-facts are ver-sioned per dataset and fold un-der
 []

[5]

LaTeX Warning: Citation `johnson1975finding' on page 6 undefined on input line 
816.


LaTeX Warning: Citation `you2020graphcl' on page 6 undefined on input line 844.


[6]

LaTeX Warning: Citation `schein2002coldstart' on page 7 undefined on input line
 873.


LaTeX Warning: Citation `junyi_dataset' on page 7 undefined on input line 932.


LaTeX Warning: Citation `xes3g5m2023' on page 7 undefined on input line 944.

(results/tables/dataset_stats.tex) [7] (results/tables/leakage_metrics.tex)
(results/tables/dag_audit_summary.tex
Overfull \hbox (1.52472pt too wide) in paragraph at lines 12--30
 [][] 
 []

)
<results/figures/fig_kt_graph_junyi.pdf, id=241, 296.307pt x 223.67941pt>
File: results/figures/fig_kt_graph_junyi.pdf Graphic file (type pdf)
<use results/figures/fig_kt_graph_junyi.pdf>
Package pdftex.def Info: results/figures/fig_kt_graph_junyi.pdf  used on input 
line 1000.
(pdftex.def)             Requested size: 165.12378pt x 124.65207pt.
<results/figures/fig_kt_graph_assist2012.pdf, id=242, 296.307pt x 223.67941pt>
File: results/figures/fig_kt_graph_assist2012.pdf Graphic file (type pdf)
<use results/figures/fig_kt_graph_assist2012.pdf>
Package pdftex.def Info: results/figures/fig_kt_graph_assist2012.pdf  used on i
nput line 1007.
(pdftex.def)             Requested size: 165.12378pt x 124.65207pt.
<results/figures/fig_kt_graph_xes3g5m.pdf, id=243, 296.307pt x 223.67941pt>
File: results/figures/fig_kt_graph_xes3g5m.pdf Graphic file (type pdf)
<use results/figures/fig_kt_graph_xes3g5m.pdf>
Package pdftex.def Info: results/figures/fig_kt_graph_xes3g5m.pdf  used on inpu
t line 1014.
(pdftex.def)             Requested size: 165.12378pt x 124.65207pt.
<results/figures/fig_ddr_junyi.pdf, id=247, 542.025pt x 361.35pt>
File: results/figures/fig_ddr_junyi.pdf Graphic file (type pdf)
<use results/figures/fig_ddr_junyi.pdf>
Package pdftex.def Info: results/figures/fig_ddr_junyi.pdf  used on input line 
1036.
(pdftex.def)             Requested size: 164.60413pt x 109.73465pt.
<results/figures/fig_ddr_assist2012.pdf, id=248, 542.025pt x 361.35pt>
File: results/figures/fig_ddr_assist2012.pdf Graphic file (type pdf)
<use results/figures/fig_ddr_assist2012.pdf>
Package pdftex.def Info: results/figures/fig_ddr_assist2012.pdf  used on input 
line 1043.
(pdftex.def)             Requested size: 164.60413pt x 109.73465pt.
<results/figures/fig_ddr_xes3g5m.pdf, id=249, 542.025pt x 361.35pt>
File: results/figures/fig_ddr_xes3g5m.pdf Graphic file (type pdf)
<use results/figures/fig_ddr_xes3g5m.pdf>
Package pdftex.def Info: results/figures/fig_ddr_xes3g5m.pdf  used on input lin
e 1050.
(pdftex.def)             Requested size: 164.60413pt x 109.73465pt.
 [8]
Underfull \hbox (badness 10000) in paragraph at lines 1115--1126
[]\T1/ptm/m/n/10 (+20) The rel-a-tive or-der-ing $[]\OT1/cmr/m/n/10 ([]) \OML/c
mm/m/it/10 <
 []

(results/tables/cold_start_by_stratum.tex
Overfull \hbox (7.64493pt too wide) in paragraph at lines 12--38
 [][] 
 []

)
Underfull \hbox (badness 5147) in paragraph at lines 1149--1161
 \T1/ptm/m/it/10 (+20) a) Sim-i-lar-ity edges and dataset prop-er-ties.: [][] \
T1/ptm/m/n/10 (+20) The
 []


Underfull \vbox (badness 7777) has occurred while \output is active []

 [9 <./results/figures/fig_kt_graph_junyi.pdf> <./results/figures/fig_kt_graph_
assist2012.pdf> <./results/figures/fig_kt_graph_xes3g5m.pdf> <./results/figures
/fig_ddr_junyi.pdf> <./results/figures/fig_ddr_assist2012.pdf> <./results/figur
es/fig_ddr_xes3g5m.pdf>] (results/tables/baseline_results.tex)
(results/tables/baseline_cv_template.tex)
Underfull \hbox (badness 10000) in paragraph at lines 1189--1194
\T1/ptm/m/n/10 (+20) and Wilcoxon $\OML/cmm/m/it/10 p$\T1/ptm/m/n/10 (+20) -val
ues vs. \T1/ptm/m/it/10 (+20) sim-pleKT\T1/ptm/m/n/10 (+20) ) pro-duced by
 []

[10] (results/tables/graph_ablation.tex) [11]

LaTeX Warning: Citation `junyi_dataset' on page 12 undefined on input line 1260
.

(results/tables/gt_validation_table.tex)
<results/figures/fig_pr_curve.pdf, id=546, 433.62pt x 289.08pt>
File: results/figures/fig_pr_curve.pdf Graphic file (type pdf)
<use results/figures/fig_pr_curve.pdf>
Package pdftex.def Info: results/figures/fig_pr_curve.pdf  used on input line 1
282.
(pdftex.def)             Requested size: 163.79846pt x 109.1987pt.

Underfull \hbox (badness 10000) in paragraph at lines 1287--1287
[]\T1/ptm/m/n/10 (+20) Fig. 5: |Edge-level pre-ci-sion and re-call of train-
 []


Underfull \hbox (badness 10000) in paragraph at lines 1287--1287
\T1/ptm/m/n/10 (+20) only in-ferred $\OML/cmm/m/it/10 E[]$ \T1/ptm/m/n/10 (+20)
 ver-sus the ex-pert pre-req-ui-site
 []


Underfull \hbox (badness 10000) in paragraph at lines 1287--1287
\T1/ptm/m/n/10 (+20) an-no-ta-tion on Junyi, across top-$\OML/cmm/m/it/10 K$ \T
1/ptm/m/n/10 (+20) cut-offs $\OML/cmm/m/it/10 K \OMS/cmsy/m/n/10 2
 []


Underfull \hbox (badness 10000) in paragraph at lines 1287--1287
\OMS/cmsy/m/n/10 f\OT1/cmr/m/n/10 200\OML/cmm/m/it/10 ; \OT1/cmr/m/n/10 500\OML
/cmm/m/it/10 ; \OT1/cmr/m/n/10 800\OML/cmm/m/it/10 ; \OT1/cmr/m/n/10 1131\OML/c
mm/m/it/10 ; \OT1/cmr/m/n/10 1200\OML/cmm/m/it/10 ; \OT1/cmr/m/n/10 1800\OML/cm
m/m/it/10 ; \OT1/cmr/m/n/10 2500\OML/cmm/m/it/10 ; \OT1/cmr/m/n/10 3500\OML/cmm
/m/it/10 ; \OT1/cmr/m/n/10 5000\OMS/cmsy/m/n/10 g$\T1/ptm/m/n/10 (+20) . The
 []


Underfull \vbox (badness 10000) has occurred while \output is active []

 [12 <./results/figures/fig_pr_curve.pdf>]
Underfull \hbox (badness 10000) in paragraph at lines 1322--1343
 \T1/ptm/m/it/10 (+20) d) Qual-i-ta-tive dis-agree-ment pat-terns.: [][] \T1/pt
m/m/n/10 (+20) The
 []


Underfull \hbox (badness 10000) in paragraph at lines 1322--1343
\T1/ptm/m/n/10 (+20) dis-agree-ment ex-am-ples saved by the pro-ce-dure
 []


Underfull \hbox (badness 10000) in paragraph at lines 1322--1343
\T1/ptm/m/n/10 (+20) ($\T1/pcr/m/n/10 results / tables / disagreement _ example
s . csv$\T1/ptm/m/n/10 (+20) )
 []


Underfull \hbox (badness 10000) in paragraph at lines 1322--1343
\T1/ptm/m/n/10 (+20) re-veal a sys-tem-atic asym-me-try be-tween the two
 []


Underfull \hbox (badness 10000) in paragraph at lines 1322--1343
\T1/ptm/m/n/10 (+20) bidi-rec-tional pairs of co-occurring basic-arithmetic
 []


Underfull \hbox (badness 10000) in paragraph at lines 1322--1343
\T1/ptm/m/n/10 (+20) skills, e.g. \T1/pcr/m/n/10 number_line $\OMS/cmsy/m/n/10 
$$ \T1/pcr/m/n/10 addition_1 \T1/ptm/m/n/10 (+20) and
 []


Underfull \hbox (badness 10000) in paragraph at lines 1322--1343
\T1/pcr/m/n/10 addition_1 $\OMS/cmsy/m/n/10 $$ \T1/pcr/m/n/10 representing_numb
ers\T1/ptm/m/n/10 (+20) ; these
 []


Underfull \hbox (badness 10000) in paragraph at lines 1322--1343
\T1/ptm/m/n/10 (+20) re-flect temporal-co-occurrence pat-terns in learn-ing
 []


Underfull \hbox (badness 5316) in paragraph at lines 1322--1343
\T1/ptm/m/n/10 (+20) expert-only edges are pre-dom-i-nantly sys-tem-atic level-

 []


Underfull \hbox (badness 10000) in paragraph at lines 1322--1343
\OMS/cmsy/m/n/10 !$ \T1/pcr/m/n/10 equivalent_fractions\T1/ptm/m/n/10 (+20) , \
T1/pcr/m/n/10 addition_2 $\OMS/cmsy/m/n/10 !$
 []


Underfull \hbox (badness 10000) in paragraph at lines 1322--1343
\T1/pcr/m/n/10 addition_1\T1/ptm/m/n/10 (+20) , and \T1/pcr/m/n/10 linear_equat
ions_4 $\OMS/cmsy/m/n/10 !$
 []


Underfull \hbox (badness 10000) in paragraph at lines 1322--1343
\T1/pcr/m/n/10 linear_equations_3\T1/ptm/m/n/10 (+20) ; these cap-ture pedagogi
cally-
 []


Underfull \hbox (badness 1454) in paragraph at lines 1322--1343
\T1/ptm/m/n/10 (+20) meaningful prece-dences that be-havioural in-fer-ence does

 []


Underfull \hbox (badness 1629) in paragraph at lines 1322--1343
\T1/ptm/m/n/10 (+20) not con-sis-tently re-cover be-cause learn-ers of-ten in-t
er-act
 []


Underfull \hbox (badness 7667) in paragraph at lines 1322--1343
\T1/ptm/m/n/10 (+20) with mul-ti-ple dif-fi-culty lev-els in ei-ther or-der. Th
e
 []


Underfull \hbox (badness 4217) in paragraph at lines 1322--1343
\T1/pcr/m/n/10 wrong_direction \T1/ptm/m/n/10 (+20) cat-e-gory sim-i-larly con-
tains many
 []

[13]

LaTeX Warning: Citation `liu2022pykt' on page 14 undefined on input line 1474.


LaTeX Warning: Citation `tong2020skt' on page 14 undefined on input line 1475.


LaTeX Warning: Citation `dygkt2024' on page 14 undefined on input line 1475.


LaTeX Warning: Citation `dgekt2024' on page 14 undefined on input line 1475.


Underfull \vbox (badness 1424) has occurred while \output is active []



LaTeX Warning: Citation `choi2020ednet' on page 14 undefined on input line 1487
.

[14] [15]

LaTeX Warning: Citation `you2020graphcl' on page 16 undefined on input line 166
5.

No file $job.bbl.

** Conference Paper **
Before submitting the final camera ready copy, remember to:

 1. Manually equalize the lengths of two columns on the last page
 of your paper;

 2. Ensure that any PostScript and/or PDF output post-processing
 uses only Type 1 fonts and that every step in the generation
 process uses the appropriate paper size.

[16] (D:\0. NCS\CODE\p0_project\paper\$job.aux)
 ***********
LaTeX2e <2025-11-01>
L3 programming layer <2025-12-24>
 ***********


LaTeX Warning: There were undefined references.

Package rerunfilecheck Info: File `$job.out' has not changed.
(rerunfilecheck)             Checksum: 5076EB545E785E67B2DE923384D79070;5782.
 ) 
Here is how much of TeX's memory you used:
 33063 strings out of 467871
 664543 string characters out of 5437129
 1145092 words of memory out of 5000000
 60853 multiletter control sequences out of 15000+600000
 796157 words of font info for 503 fonts, out of 8000000 for 9000
 1141 hyphenation exceptions out of 8191
 88i,22n,94p,1201b,1137s stack positions out of 10000i,1000n,20000p,200000b,200000s
<d:/0./fonts/type1/public/amsfonts/cm/cmbx10.pfb><d:/0./fonts/type1/public/am
sfonts/cm/cmex10.pfb><d:/0./fonts/type1/public/amsfonts/cm/cmmi10.pfb><d:/0./fo
nts/type1/public/amsfonts/cm/cmmi5.pfb><d:/0./fonts/type1/public/amsfonts/cm/cm
mi6.pfb><d:/0./fonts/type1/public/amsfonts/cm/cmmi7.pfb><d:/0./fonts/type1/publ
ic/amsfonts/cm/cmmi8.pfb><d:/0./fonts/type1/public/amsfonts/cm/cmmi9.pfb><d:/0.
/fonts/type1/public/amsfonts/cm/cmr10.pfb><d:/0./fonts/type1/public/amsfonts/cm
/cmr5.pfb><d:/0./fonts/type1/public/amsfonts/cm/cmr6.pfb><d:/0./fonts/type1/pub
lic/amsfonts/cm/cmr7.pfb><d:/0./fonts/type1/public/amsfonts/cm/cmr8.pfb><d:/0./
fonts/type1/public/amsfonts/cm/cmr9.pfb><d:/0./fonts/type1/public/amsfonts/cm/c
msy10.pfb><d:/0./fonts/type1/public/amsfonts/cm/cmsy7.pfb><d:/0./fonts/type1/pu
blic/amsfonts/cm/cmsy8.pfb><d:/0./fonts/type1/public/amsfonts/cm/cmsy9.pfb><d:/
0./fonts/type1/public/amsfonts/symbols/msbm10.pfb><d:/0./fonts/type1/urw/courie
r/ucrr8a.pfb><d:/0./fonts/type1/urw/times/utmb8a.pfb><d:/0./fonts/type1/urw/tim
es/utmbi8a.pfb><d:/0./fonts/type1/urw/times/utmr8a.pfb><d:/0./fonts/type1/urw/t
imes/utmri8a.pfb>
Output written on "D:\0. NCS\CODE\p0_project\paper\$job.pdf" (16 pages, 541991 
bytes).
PDF statistics:
 788 PDF objects out of 1000 (max. 8388607)
 116 named destinations out of 1000 (max. 500000)
 89344 words of extra memory for PDF output out of 106986 (max. 10000000)

