\BOOKMARK [1][]{section.1}{\376\377\000I\000n\000t\000r\000o\000d\000u\000c\000t\000i\000o\000n}{}% 1
\BOOKMARK [2][]{section*.2}{\376\377\000P\000r\000o\000b\000l\000e\000m\000\040\000s\000e\000t\000t\000i\000n\000g\000.}{section.1}% 2
\BOOKMARK [3][]{section*.4}{\376\377\000R\000e\000a\000l\000-\000w\000o\000r\000l\000d\000\040\000s\000i\000g\000n\000i\000f\000i\000c\000a\000n\000c\000e\000.}{section*.2}% 3
\BOOKMARK [4][]{section*.5}{\376\377\000F\000i\000t\000\040\000f\000o\000r\000\040\000a\000p\000p\000l\000i\000e\000d\000\040\000i\000n\000t\000e\000l\000l\000i\000g\000e\000n\000c\000e\000.}{section*.4}% 4
\BOOKMARK [4][]{section*.6}{\376\377\000A\000u\000d\000i\000t\000\040\000c\000a\000s\000e\000\040\000s\000t\000u\000d\000y\000\040\000\050\000X\000E\000S\0003\000G\0005\000M\000\051\000.}{section*.4}% 5
\BOOKMARK [4][]{section*.7}{\376\377\000N\000o\000v\000e\000l\000t\000y\000.}{section*.4}% 6
\BOOKMARK [4][]{section*.8}{\376\377\000C\000o\000n\000t\000r\000i\000b\000u\000t\000i\000o\000n\000s\000.}{section*.4}% 7
\BOOKMARK [4][]{section*.9}{\376\377\000P\000r\000a\000c\000t\000i\000t\000i\000o\000n\000e\000r\000\040\000c\000h\000e\000c\000k\000l\000i\000s\000t\000.}{section*.4}% 8
\BOOKMARK [4][]{section*.10}{\376\377\000S\000c\000o\000p\000e\000\040\000a\000n\000d\000\040\000b\000e\000n\000c\000h\000m\000a\000r\000k\000\040\000r\000o\000l\000e\000s\000.}{section*.4}% 9
\BOOKMARK [1][]{section.2}{\376\377\000R\000e\000l\000a\000t\000e\000d\000\040\000W\000o\000r\000k}{}% 10
\BOOKMARK [2][]{subsection.2.1}{\376\377\000K\000n\000o\000w\000l\000e\000d\000g\000e\000\040\000T\000r\000a\000c\000i\000n\000g\000\040\000a\000n\000d\000\040\000B\000e\000n\000c\000h\000m\000a\000r\000k\000\040\000D\000i\000s\000c\000i\000p\000l\000i\000n\000e}{section.2}% 11
\BOOKMARK [2][]{subsection.2.2}{\376\377\000G\000r\000a\000p\000h\000-\000b\000a\000s\000e\000d\000\040\000K\000n\000o\000w\000l\000e\000d\000g\000e\000\040\000T\000r\000a\000c\000i\000n\000g\000\040\000a\000n\000d\000\040\000P\000r\000e\000r\000e\000q\000u\000i\000s\000i\000t\000e\000\040\000S\000t\000r\000u\000c\000t\000u\000r\000e}{section.2}% 12
\BOOKMARK [2][]{subsection.2.3}{\376\377\000G\000r\000a\000p\000h\000\040\000A\000u\000g\000m\000e\000n\000t\000a\000t\000i\000o\000n\000,\000\040\000C\000o\000n\000t\000r\000a\000s\000t\000i\000v\000e\000\040\000K\000T\000,\000\040\000a\000n\000d\000\040\000R\000e\000p\000r\000o\000d\000u\000c\000i\000b\000l\000e\000\040\000R\000e\000s\000o\000u\000r\000c\000e\000s}{section.2}% 13
\BOOKMARK [1][]{section.3}{\376\377\000P\000r\000o\000t\000o\000c\000o\000l}{}% 14
\BOOKMARK [2][]{subsection.3.1}{\376\377\000F\000o\000r\000m\000a\000l\000\040\000P\000r\000o\000b\000l\000e\000m\000\040\000S\000t\000a\000t\000e\000m\000e\000n\000t\000\040\000a\000n\000d\000\040\000L\000e\000a\000k\000a\000g\000e\000\040\000A\000u\000d\000i\000t}{section.3}% 15
\BOOKMARK [3][]{section*.12}{\376\377\000D\000e\000c\000i\000s\000i\000o\000n\000\040\000v\000a\000r\000i\000a\000b\000l\000e\000s\000.}{subsection.3.1}% 16
\BOOKMARK [4][]{section*.13}{\376\377\000O\000b\000j\000e\000c\000t\000i\000v\000e\000.}{section*.12}% 17
\BOOKMARK [4][]{section*.14}{\376\377\000C\000o\000n\000s\000t\000r\000a\000i\000n\000t\000s\000.}{section*.12}% 18
\BOOKMARK [4][]{section*.15}{\376\377\000A\000u\000d\000i\000t\000\040\000f\000u\000n\000c\000t\000i\000o\000n\000a\000l\000s\000\040\000\050\000d\000i\000a\000g\000n\000o\000s\000t\000i\000c\000s\000,\000\040\000n\000o\000t\000\040\000t\000r\000a\000i\000n\000i\000n\000g\000\040\000l\000o\000s\000s\000e\000s\000\051\000.}{section*.12}% 19
\BOOKMARK [2][]{subsection.3.2}{\376\377\000L\000e\000a\000k\000a\000g\000e\000\040\000C\000o\000n\000t\000r\000o\000l}{section.3}% 20
\BOOKMARK [2][]{subsection.3.3}{\376\377\000G\000r\000a\000p\000h\000\040\000R\000e\000p\000r\000e\000s\000e\000n\000t\000a\000t\000i\000o\000n\000\040\000f\000o\000r\000\040\000K\000n\000o\000w\000l\000e\000d\000g\000e\000\040\000T\000r\000a\000c\000i\000n\000g}{section.3}% 21
\BOOKMARK [2][]{subsection.3.4}{\376\377\000T\000r\000a\000i\000n\000-\000o\000n\000l\000y\000\040\000G\000r\000a\000p\000h\000\040\000C\000o\000n\000s\000t\000r\000u\000c\000t\000i\000o\000n}{section.3}% 22
\BOOKMARK [3][]{section*.18}{\376\377\000P\000r\000e\000r\000e\000q\000u\000i\000s\000i\000t\000e\000\040\000e\000d\000g\000e\000s\000\040\000E\000p\000r\000e\000.}{subsection.3.4}% 23
\BOOKMARK [4][]{section*.19}{\376\377\000S\000i\000m\000i\000l\000a\000r\000i\000t\000y\000\040\000e\000d\000g\000e\000s\000\040\000E\000s\000i\000m\000\040\000a\000n\000d\000\040\000t\000h\000e\000o\000r\000e\000t\000i\000c\000a\000l\000\040\000p\000r\000o\000p\000e\000r\000t\000i\000e\000s\000.}{section*.18}% 24
\BOOKMARK [2][]{subsection.3.5}{\376\377\000D\000A\000G\000\040\000A\000u\000d\000i\000t}{section.3}% 25
\BOOKMARK [2][]{subsection.3.6}{\376\377\000D\000A\000G\000\040\000D\000i\000s\000r\000u\000p\000t\000i\000o\000n\000\040\000R\000a\000t\000e\000\040\000a\000n\000d\000\040\000A\000u\000g\000m\000e\000n\000t\000a\000t\000i\000o\000n\000\040\000O\000p\000e\000r\000a\000t\000o\000r\000s}{section.3}% 26
\BOOKMARK [2][]{subsection.3.7}{\376\377\000C\000o\000l\000d\000-\000s\000t\000a\000r\000t\000\040\000K\000C\000\040\000S\000t\000r\000a\000t\000i\000f\000i\000c\000a\000t\000i\000o\000n}{section.3}% 27
\BOOKMARK [2][]{subsection.3.8}{\376\377\000G\000r\000o\000u\000n\000d\000-\000T\000r\000u\000t\000h\000\040\000C\000r\000o\000s\000s\000-\000V\000a\000l\000i\000d\000a\000t\000i\000o\000n}{section.3}% 28
\BOOKMARK [1][]{section.4}{\376\377\000E\000x\000p\000e\000r\000i\000m\000e\000n\000t\000s}{}% 29
\BOOKMARK [2][]{subsection.4.1}{\376\377\000D\000a\000t\000a\000s\000e\000t\000s}{section.4}% 30
\BOOKMARK [3][]{section*.20}{\376\377\000B\000e\000n\000c\000h\000m\000a\000r\000k\000\040\000r\000o\000l\000e\000s\000.}{subsection.4.1}% 31
\BOOKMARK [4][]{section*.23}{\376\377\000B\000e\000n\000c\000h\000m\000a\000r\000k\000\040\000r\000e\000p\000e\000t\000i\000t\000i\000v\000e\000n\000e\000s\000s\000.}{section*.20}% 32
\BOOKMARK [2][]{subsection.4.2}{\376\377\000L\000e\000a\000k\000a\000g\000e\000\040\000a\000n\000d\000\040\000D\000A\000G\000\040\000A\000u\000d\000i\000t}{section.4}% 33
\BOOKMARK [2][]{subsection.4.3}{\376\377\000B\000a\000s\000e\000l\000i\000n\000e\000\040\000D\000i\000a\000g\000n\000o\000s\000t\000i\000c}{section.4}% 34
\BOOKMARK [3][]{section*.31}{\376\377\000T\000r\000a\000i\000n\000i\000n\000g\000\040\000p\000a\000r\000i\000t\000y\000.}{subsection.4.3}% 35
\BOOKMARK [2][]{subsection.4.4}{\376\377\000G\000r\000a\000p\000h\000\040\000C\000o\000n\000s\000t\000r\000u\000c\000t\000i\000o\000n\000\040\000A\000b\000l\000a\000t\000i\000o\000n\000\040\000\050\000T\000r\000a\000i\000n\000-\000o\000n\000l\000y\000\040\000v\000s\000.\000\040\000F\000u\000l\000l\000\040\000L\000o\000g\000\051}{section.4}% 36
\BOOKMARK [2][]{subsection.4.5}{\376\377\000D\000A\000G\000\040\000D\000i\000s\000r\000u\000p\000t\000i\000o\000n\000\040\000R\000a\000t\000e}{section.4}% 37
\BOOKMARK [3][]{section*.39}{\376\377\000D\000D\000R\000\040\000i\000s\000\040\000a\000\040\000u\000s\000a\000b\000l\000e\000\040\000d\000e\000s\000i\000g\000n\000\040\000t\000a\000r\000g\000e\000t\000,\000\040\000n\000o\000t\000\040\000a\000\040\000t\000a\000u\000t\000o\000l\000o\000g\000y\000.}{subsection.4.5}% 38
\BOOKMARK [2][]{subsection.4.6}{\376\377\000D\000D\000R\000\040\000D\000o\000w\000n\000s\000t\000r\000e\000a\000m\000\040\000S\000t\000r\000e\000s\000s\000\040\000T\000e\000s\000t}{section.4}% 39
\BOOKMARK [2][]{subsection.4.7}{\376\377\000C\000o\000l\000d\000-\000s\000t\000a\000r\000t\000\040\000K\000C\000\040\000D\000i\000a\000g\000n\000o\000s\000t\000i\000c}{section.4}% 40
\BOOKMARK [3][]{section*.44}{\376\377\000S\000i\000m\000i\000l\000a\000r\000i\000t\000y\000\040\000e\000d\000g\000e\000s\000\040\000a\000n\000d\000\040\000d\000a\000t\000a\000s\000e\000t\000\040\000p\000r\000o\000p\000e\000r\000t\000i\000e\000s\000.}{subsection.4.7}% 41
\BOOKMARK [2][]{subsection.4.8}{\376\377\000G\000r\000o\000u\000n\000d\000-\000T\000r\000u\000t\000h\000\040\000C\000r\000o\000s\000s\000-\000V\000a\000l\000i\000d\000a\000t\000i\000o\000n\000\040\000o\000n\000\040\000J\000u\000n\000y\000i}{section.4}% 42
\BOOKMARK [1][]{section.5}{\376\377\000D\000i\000s\000c\000u\000s\000s\000i\000o\000n}{}% 43
\BOOKMARK [2][]{subsection.5.1}{\376\377\000M\000o\000d\000e\000l\000-\000s\000p\000e\000c\000i\000f\000i\000c\000\040\000g\000r\000a\000p\000h\000\040\000b\000e\000n\000e\000f\000i\000t\000\040\000u\000n\000d\000e\000r\000\040\000l\000e\000a\000k\000a\000g\000e\000-\000c\000o\000n\000t\000r\000o\000l\000l\000e\000d\000\040\000e\000v\000a\000l\000u\000a\000t\000i\000o\000n}{section.5}% 44
\BOOKMARK [3][]{section*.48}{\376\377\000H\0001\000\040\040\023\000\040\000L\000e\000a\000k\000a\000g\000e\000\040\000i\000n\000\040\000p\000r\000i\000o\000r\000\040\000e\000v\000a\000l\000u\000a\000t\000i\000o\000n\000s\000.}{subsection.5.1}% 45
\BOOKMARK [4][]{section*.49}{\376\377\000H\0002\000\040\040\023\000\040\000A\000g\000g\000r\000e\000g\000a\000t\000e\000-\000m\000e\000t\000r\000i\000c\000\040\000m\000a\000s\000k\000i\000n\000g\000.}{section*.48}% 46
\BOOKMARK [4][]{section*.50}{\376\377\000H\0003\000\040\040\023\000\040\000S\000t\000r\000o\000n\000g\000-\000b\000a\000c\000k\000b\000o\000n\000e\000\040\000s\000u\000b\000s\000t\000i\000t\000u\000t\000i\000o\000n\000.}{section*.48}% 47
\BOOKMARK [4][]{section*.51}{\376\377\000W\000h\000y\000\040\000t\000h\000i\000s\000\040\000s\000t\000r\000e\000n\000g\000t\000h\000e\000n\000s\000\040\000t\000h\000e\000\040\000p\000r\000o\000t\000o\000c\000o\000l\000.}{section*.48}% 48
\BOOKMARK [4][]{section*.52}{\376\377\000C\000a\000v\000e\000a\000t\000s\000.}{section*.48}% 49
\BOOKMARK [2][]{subsection.5.2}{\376\377\000B\000r\000o\000a\000d\000e\000r\000\040\000i\000m\000p\000l\000i\000c\000a\000t\000i\000o\000n\000s}{section.5}% 50
\BOOKMARK [3][]{section*.53}{\376\377\000S\000c\000a\000l\000a\000b\000i\000l\000i\000t\000y\000\040\000a\000n\000d\000\040\000b\000r\000o\000a\000d\000e\000r\000\040\000d\000o\000m\000a\000i\000n\000s\000.}{subsection.5.2}% 51
\BOOKMARK [4][]{section*.54}{\376\377\000I\000m\000p\000l\000i\000c\000a\000t\000i\000o\000n\000s\000\040\000f\000o\000r\000\040\000g\000r\000a\000p\000h\000-\000e\000n\000h\000a\000n\000c\000e\000d\000\040\000K\000T\000.}{section*.53}% 52
\BOOKMARK [4][]{section*.55}{\376\377\000C\000o\000l\000d\000-\000s\000t\000a\000r\000t\000\040\000r\000e\000p\000o\000r\000t\000i\000n\000g\000.}{section*.53}% 53
\BOOKMARK [4][]{section*.56}{\376\377\000B\000e\000h\000a\000v\000i\000o\000u\000r\000a\000l\000\040\000v\000e\000r\000s\000u\000s\000\040\000e\000x\000p\000e\000r\000t\000\040\000p\000r\000e\000r\000e\000q\000u\000i\000s\000i\000t\000e\000\040\000c\000u\000r\000a\000t\000i\000o\000n\000.}{section*.53}% 54
\BOOKMARK [4][]{section*.57}{\376\377\000I\000m\000p\000l\000i\000c\000a\000t\000i\000o\000n\000s\000\040\000f\000o\000r\000\040\000g\000r\000a\000p\000h\000-\000K\000T\000\040\000b\000e\000n\000c\000h\000m\000a\000r\000k\000i\000n\000g\000.}{section*.53}% 55
\BOOKMARK [2][]{subsection.5.3}{\376\377\000T\000h\000r\000e\000a\000t\000s\000\040\000t\000o\000\040\000V\000a\000l\000i\000d\000i\000t\000y\000\040\000a\000n\000d\000\040\000M\000e\000t\000r\000i\000c\000\040\000I\000n\000t\000e\000r\000p\000r\000e\000t\000a\000t\000i\000o\000n}{section.5}% 56
\BOOKMARK [3][]{section*.58}{\376\377\000L\000i\000m\000i\000t\000a\000t\000i\000o\000n\000s\000.}{subsection.5.3}% 57
\BOOKMARK [1][]{section.6}{\376\377\000C\000o\000n\000c\000l\000u\000s\000i\000o\000n}{}% 58
\BOOKMARK [2][]{section*.59}{\376\377\000A\000c\000k\000n\000o\000w\000l\000e\000d\000g\000e\000m\000e\000n\000t\000s}{section.6}% 59
