This is pdfTeX, Version 3.141592653-2.6-1.40.28 (MiKTeX 25.12) (preloaded format=pdflatex 2026.6.8)  14 JUN 2026 10:58
entering extended mode
 restricted \write18 enabled.
 %&-line parsing enabled.
**./paper/main_APIN.tex
(paper/main_APIN.tex
LaTeX2e <2025-11-01>
L3 programming layer <2025-12-24>
(D:\0. NCS\CODE\p0_project\paper\sn-jnl.cls
Document Class: sn-jnl 2019/11/18 v0.1: An authoring template for Springer Jour
nal articles
(d:\0.\tex/latex/base\article.cls
Document Class: article 2025/01/22 v1.4n Standard LaTeX document class
(d:\0.\tex/latex/base\fleqn.clo
File: fleqn.clo 2016/12/29 v1.2b Standard LaTeX option (flush left equations)
\mathindent=\skip49
Applying: [2015/01/01] Make \[ robust on input line 50.
LaTeX Info: Redefining \[ on input line 51.
Already applied: [0000/00/00] Make \[ robust on input line 62.
Applying: [2015/01/01] Make \] robust on input line 74.
LaTeX Info: Redefining \] on input line 75.
Already applied: [0000/00/00] Make \] robust on input line 83.
) (d:\0.\tex/latex/base\size10.clo
File: size10.clo 2025/01/22 v1.4n Standard LaTeX file (size option)
)
\c@part=\count275
\c@section=\count276
\c@subsection=\count277
\c@subsubsection=\count278
\c@paragraph=\count279
\c@subparagraph=\count280
\c@figure=\count281
\c@table=\count282
\abovecaptionskip=\skip50
\belowcaptionskip=\skip51
\bibindent=\dimen148
)
LaTeX Info: Redefining \rm on input line 146.
LaTeX Info: Redefining \sf on input line 147.
LaTeX Info: Redefining \tt on input line 148.
LaTeX Info: Redefining \bf on input line 149.
LaTeX Info: Redefining \it on input line 150.
LaTeX Info: Redefining \sl on input line 151.
LaTeX Info: Redefining \sc on input line 152.
LaTeX Info: Redefining \cal on input line 153.
LaTeX Info: Redefining \mit on input line 154.
LaTeX Info: Redefining \textsubscript on input line 212.
\columnhsize=\skip52

(d:\0.\tex/latex/geometry\geometry.sty
Package: geometry 2026/03/07 v6.0 Page Geometry
 (d:\0.\tex/latex/graphics\keyval.sty
Package: keyval 2022/05/29 v1.15 key=value parser (DPC)
\KV@toks@=\toks17
)
(d:\0.\tex/generic/iftex\ifvtex.sty
Package: ifvtex 2019/10/25 v1.7 ifvtex legacy package. Use iftex instead.
 (d:\0.\tex/generic/iftex\iftex.sty
Package: iftex 2024/12/12 v1.0g TeX engine tests
))
\Gm@cnth=\count283
\Gm@cntv=\count284
\c@Gm@tempcnt=\count285
\Gm@bindingoffset=\dimen149
\Gm@wd@mp=\dimen150
\Gm@odd@mp=\dimen151
\Gm@even@mp=\dimen152
\Gm@layoutwidth=\dimen153
\Gm@layoutheight=\dimen154
\Gm@layouthoffset=\dimen155
\Gm@layoutvoffset=\dimen156
\Gm@dimlist=\toks18

(d:\0.\tex/latex/geometry\geometry.cfg))
\artcatbox=\box53
\aucount=\count286
\corraucount=\count287
\punctcount=\count288
\emailcnt=\count289
\c@affn=\count290
\addcount=\count291
\PacsCount=\count292
\PacsTmpCnt=\count293
\FMremarkdim=\dimen157
\fmremarkbox=\box54

(D:\0. NCS\CODE\p0_project\paper\cuted.sty
Package: cuted 2025/12/15 v2.10 Mixing onecolumn and twocolumn modes (ST)
\At@ViperColsBreak=\toks19
\preCutedStrip=\toks20
\postCutedStrip=\toks21
\cuted@@tempbox@a=\box55
\cuted@@tempbox@c=\box56
\cuted@@tempbox@var=\box57
\hold@viper=\box58
\@viper=\box59
\cuted@@varbox@a=\box60
\cuted@@varbox@c=\box61
\cuted@@tempdim@spread=\dimen158
\cuted@@tempdim@a=\dimen159
\cuted@@tempdim@b=\dimen160
\ht@hold@viper=\dimen161
\ht@viper=\dimen162
\var@@pagediscards@ht=\dimen163
\stripsep=\skip53
\viper@penalty=\count294
\strip@page@discards=\dimen164
)
\firstpagehtcheck=\dimen165
\labelwidthi=\dimen166
\labelwidthii=\dimen167
\labelwidthiii=\dimen168
\labelwidthiv=\dimen169
\figwidth=\dimen170
\figheight=\dimen171
\sidecapwidth=\dimen172
\wrapcapline=\dimen173
\totalwrapline=\dimen174
\wraptotline=\dimen175
\figurebox=\box62
\wrapfigcapbox=\box63
\figcapbox=\box64
\capbox=\box65
\headwidthskip=\skip54
\tabcapbox=\box66
\temptbox=\box67
\tempdime=\dimen176
\tabhtdime=\dimen177

(d:\0.\tex/latex/graphics\rotating.sty
Package: rotating 2025/01/14 v2.16e rotated objects in LaTeX
 (d:\0.\tex/latex/graphics\graphicx.sty
Package: graphicx 2024/12/31 v1.2e Enhanced LaTeX Graphics (DPC,SPQR)

(d:\0.\tex/latex/graphics\graphics.sty
Package: graphics 2024/08/06 v1.4g Standard LaTeX Graphics (DPC,SPQR)
 (d:\0.\tex/latex/graphics\trig.sty
Package: trig 2023/12/02 v1.11 sin cos tan (DPC)
)
(d:\0.\tex/latex/graphics-cfg\graphics.cfg
File: graphics.cfg 2016/06/04 v1.11 sample graphics configuration
)
Package graphics Info: Driver file: pdftex.def on input line 106.

(d:\0.\tex/latex/graphics-def\pdftex.def
File: pdftex.def 2025/09/29 v1.2d Graphics/color driver for pdftex
))
\Gin@req@height=\dimen178
\Gin@req@width=\dimen179
) (d:\0.\tex/latex/base\ifthen.sty
Package: ifthen 2024/03/16 v1.1e Standard LaTeX ifthen package (DPC)
)
\c@r@tfl@t=\count295
\rotFPtop=\skip55
\rotFPbot=\skip56
\rot@float@box=\box68
\rot@mess@toks=\toks22
)
(d:\0.\tex/latex/threeparttable\threeparttable.sty
Package: threeparttable 2003/06/13  v 3.0
\@tempboxb=\box69
)
(d:\0.\tex/latex/appendix\appendix.sty
Package: appendix 2020/02/08 v1.2c extra appendix facilities
\c@@pps=\count296
\c@@ppsavesec=\count297
\c@@ppsaveapp=\count298
) (d:\0.\tex/latex/hyperref\hyperref.sty
Package: hyperref 2025-07-12 v7.01o Hypertext links for LaTeX

(d:\0.\tex/latex/kvsetkeys\kvsetkeys.sty
Package: kvsetkeys 2022-10-05 v1.19 Key value parser (HO)
)
(d:\0.\tex/generic/kvdefinekeys\kvdefinekeys.sty
Package: kvdefinekeys 2019-12-19 v1.6 Define keys (HO)
)
(d:\0.\tex/generic/pdfescape\pdfescape.sty
Package: pdfescape 2019/12/09 v1.15 Implements pdfTeX's escape features (HO)

(d:\0.\tex/generic/ltxcmds\ltxcmds.sty
Package: ltxcmds 2023-12-04 v1.26 LaTeX kernel commands for general use (HO)
)
(d:\0.\tex/generic/pdftexcmds\pdftexcmds.sty
Package: pdftexcmds 2020-06-27 v0.33 Utility functions of pdfTeX for LuaTeX (HO
)

(d:\0.\tex/generic/infwarerr\infwarerr.sty
Package: infwarerr 2019/12/03 v1.5 Providing info/warning/error messages (HO)
)
Package pdftexcmds Info: \pdf@primitive is available.
Package pdftexcmds Info: \pdf@ifprimitive is available.
Package pdftexcmds Info: \pdfdraftmode found.
))
(d:\0.\tex/latex/hycolor\hycolor.sty
Package: hycolor 2020-01-27 v1.10 Color options for hyperref/bookmark (HO)
) (d:\0.\tex/latex/hyperref\nameref.sty
Package: nameref 2025-06-21 v2.57 Cross-referencing by name of section

(d:\0.\tex/latex/refcount\refcount.sty
Package: refcount 2019/12/15 v3.6 Data extraction from label references (HO)
)
(d:\0.\tex/generic/gettitlestring\gettitlestring.sty
Package: gettitlestring 2019/12/15 v1.6 Cleanup title references (HO)

(d:\0.\tex/latex/kvoptions\kvoptions.sty
Package: kvoptions 2022-06-15 v3.15 Key value format for package options (HO)
))
\c@section@level=\count299
)
(d:\0.\tex/latex/etoolbox\etoolbox.sty
Package: etoolbox 2025/10/02 v2.5m e-TeX tools for LaTeX (JAW)
\etb@tempcnta=\count300
)
(d:\0.\tex/generic/stringenc\stringenc.sty
Package: stringenc 2019/11/29 v1.12 Convert strings between diff. encodings (HO
)
)
\@linkdim=\dimen180
\Hy@linkcounter=\count301
\Hy@pagecounter=\count302

(d:\0.\tex/latex/hyperref\pd1enc.def
File: pd1enc.def 2025-07-12 v7.01o Hyperref: PDFDocEncoding definition (HO)
Now handling font encoding PD1 ...
... no UTF-8 mapping file for font encoding PD1
) (d:\0.\tex/generic/intcalc\intcalc.sty
Package: intcalc 2019/12/15 v1.3 Expandable calculations with integers (HO)
)
\Hy@SavedSpaceFactor=\count303

(d:\0.\tex/latex/hyperref\puenc.def
File: puenc.def 2025-07-12 v7.01o Hyperref: PDF Unicode definition (HO)
Now handling font encoding PU ...
... no UTF-8 mapping file for font encoding PU
)
Package hyperref Info: Hyper figures OFF on input line 4195.
Package hyperref Info: Link nesting OFF on input line 4200.
Package hyperref Info: Hyper index ON on input line 4203.
Package hyperref Info: Plain pages OFF on input line 4210.
Package hyperref Info: Backreferencing OFF on input line 4215.
Package hyperref Info: Implicit mode ON; LaTeX internals redefined.
Package hyperref Info: Bookmarks ON on input line 4462.
\c@Hy@tempcnt=\count304
 (d:\0.\tex/latex/url\url.sty
\Urlmuskip=\muskip17
Package: url 2013/09/16  ver 3.4  Verb mode for urls, etc.
)
LaTeX Info: Redefining \url on input line 4801.
\XeTeXLinkMargin=\dimen181

(d:\0.\tex/generic/bitset\bitset.sty
Package: bitset 2019/12/09 v1.3 Handle bit-vector datatype (HO)

(d:\0.\tex/generic/bigintcalc\bigintcalc.sty
Package: bigintcalc 2019/12/15 v1.5 Expandable calculations on big integers (HO
)
))
\Fld@menulength=\count305
\Field@Width=\dimen182
\Fld@charsize=\dimen183
Package hyperref Info: Hyper figures OFF on input line 6078.
Package hyperref Info: Link nesting OFF on input line 6083.
Package hyperref Info: Hyper index ON on input line 6086.
Package hyperref Info: backreferencing OFF on input line 6093.
Package hyperref Info: Link coloring OFF on input line 6098.
Package hyperref Info: Link coloring with OCG OFF on input line 6103.
Package hyperref Info: PDF/A mode OFF on input line 6108.
\Hy@abspage=\count306
\c@Item=\count307
\c@Hfootnote=\count308
)
Package hyperref Info: Driver (autodetected): hpdftex.

(d:\0.\tex/latex/hyperref\hpdftex.def
File: hpdftex.def 2025-07-12 v7.01o Hyperref driver for pdfTeX
\Fld@listcount=\count309
\c@bookmark@seq@number=\count310

(d:\0.\tex/latex/rerunfilecheck\rerunfilecheck.sty
Package: rerunfilecheck 2025-06-21 v1.11 Rerun checks for auxiliary files (HO)

(d:\0.\tex/generic/uniquecounter\uniquecounter.sty
Package: uniquecounter 2019/12/15 v1.4 Provide unlimited unique counter (HO)
)
Package uniquecounter Info: New unique counter `rerunfilecheck' on input line 2
84.
)
\Hy@SectionHShift=\skip57
)
Package hyperref Info: Option `colorlinks' set `true' on input line 1471.
Package hyperref Info: Option `breaklinks' set `true' on input line 1471.
Package hyperref Info: Option `plainpages' set `false' on input line 1471.
Package hyperref Info: Option `bookmarksopen' set `true' on input line 1471.
Package hyperref Info: Option `bookmarksnumbered' set `false' on input line 147
1.

(d:\0.\tex/latex/wrapfig\wrapfig.sty
\wrapoverhang=\dimen184
\WF@size=\dimen185
\c@WF@wrappedlines=\count311
\WF@box=\box70
\WF@everypar=\toks23
Package: wrapfig 2003/01/31  v 3.6
)
\wraplines=\count312
\@authorfigbox=\box71
\@authorfigboxdim=\skip58
\biofigadjskip=\skip59
 (d:\0.\tex/latex/amscls\amsthm.sty
Package: amsthm 2020/05/29 v2.20.6
\thm@style=\toks24
\thm@bodyfont=\toks25
\thm@headfont=\toks26
\thm@notefont=\toks27
\thm@headpunct=\toks28
\thm@preskip=\skip60
\thm@postskip=\skip61
\thm@headsep=\skip62
\dth@everypar=\toks29
)
(d:\0.\tex/latex/base\fix-cm.sty
Package: fix-cm 2020/11/24 v1.1t fixes to LaTeX
 (d:\0.\tex/latex/base\ts1enc.def
File: ts1enc.def 2001/06/05 v3.0e (jk/car/fm) Standard LaTeX file
LaTeX Font Info:    Redeclaring font encoding TS1 on input line 47.
LaTeX Encoding Info:    Redeclaring text command \capitalcedilla (encoding TS1)
 on input line 49.
LaTeX Encoding Info:    Redeclaring text command \capitalogonek (encoding TS1) 
on input line 52.
LaTeX Encoding Info:    Redeclaring text command \capitalgrave (encoding TS1) o
n input line 55.
LaTeX Encoding Info:    Redeclaring text command \capitalacute (encoding TS1) o
n input line 56.
LaTeX Encoding Info:    Redeclaring text command \capitalcircumflex (encoding T
S1) on input line 57.
LaTeX Encoding Info:    Redeclaring text command \capitaltilde (encoding TS1) o
n input line 58.
LaTeX Encoding Info:    Redeclaring text command \capitaldieresis (encoding TS1
) on input line 59.
LaTeX Encoding Info:    Redeclaring text command \capitalhungarumlaut (encoding
 TS1) on input line 60.
LaTeX Encoding Info:    Redeclaring text command \capitalring (encoding TS1) on
 input line 61.
LaTeX Encoding Info:    Redeclaring text command \capitalcaron (encoding TS1) o
n input line 62.
LaTeX Encoding Info:    Redeclaring text command \capitalbreve (encoding TS1) o
n input line 63.
LaTeX Encoding Info:    Redeclaring text command \capitalmacron (encoding TS1) 
on input line 64.
LaTeX Encoding Info:    Redeclaring text command \capitaldotaccent (encoding TS
1) on input line 65.
LaTeX Encoding Info:    Redeclaring text command \t (encoding TS1) on input lin
e 66.
LaTeX Encoding Info:    Redeclaring text command \capitaltie (encoding TS1) on 
input line 67.
LaTeX Encoding Info:    Redeclaring text command \newtie (encoding TS1) on inpu
t line 68.
LaTeX Encoding Info:    Redeclaring text command \capitalnewtie (encoding TS1) 
on input line 69.
LaTeX Encoding Info:    Redeclaring text symbol \textcapitalcompwordmark (encod
ing TS1) on input line 70.
LaTeX Encoding Info:    Redeclaring text symbol \textascendercompwordmark (enco
ding TS1) on input line 71.
LaTeX Encoding Info:    Redeclaring text symbol \textquotestraightbase (encodin
g TS1) on input line 72.
LaTeX Encoding Info:    Redeclaring text symbol \textquotestraightdblbase (enco
ding TS1) on input line 73.
LaTeX Encoding Info:    Redeclaring text symbol \texttwelveudash (encoding TS1)
 on input line 74.
LaTeX Encoding Info:    Redeclaring text symbol \textthreequartersemdash (encod
ing TS1) on input line 75.
LaTeX Encoding Info:    Redeclaring text symbol \textleftarrow (encoding TS1) o
n input line 76.
LaTeX Encoding Info:    Redeclaring text symbol \textrightarrow (encoding TS1) 
on input line 77.
LaTeX Encoding Info:    Redeclaring text symbol \textblank (encoding TS1) on in
put line 78.
LaTeX Encoding Info:    Redeclaring text symbol \textdollar (encoding TS1) on i
nput line 79.
LaTeX Encoding Info:    Redeclaring text symbol \textquotesingle (encoding TS1)
 on input line 80.
LaTeX Encoding Info:    Redeclaring text command \textasteriskcentered (encodin
g TS1) on input line 81.
LaTeX Encoding Info:    Redeclaring text symbol \textdblhyphen (encoding TS1) o
n input line 92.
LaTeX Encoding Info:    Redeclaring text symbol \textfractionsolidus (encoding 
TS1) on input line 93.
LaTeX Encoding Info:    Redeclaring text symbol \textzerooldstyle (encoding TS1
) on input line 94.
LaTeX Encoding Info:    Redeclaring text symbol \textoneoldstyle (encoding TS1)
 on input line 95.
LaTeX Encoding Info:    Redeclaring text symbol \texttwooldstyle (encoding TS1)
 on input line 96.
LaTeX Encoding Info:    Redeclaring text symbol \textthreeoldstyle (encoding TS
1) on input line 97.
LaTeX Encoding Info:    Redeclaring text symbol \textfouroldstyle (encoding TS1
) on input line 98.
LaTeX Encoding Info:    Redeclaring text symbol \textfiveoldstyle (encoding TS1
) on input line 99.
LaTeX Encoding Info:    Redeclaring text symbol \textsixoldstyle (encoding TS1)
 on input line 100.
LaTeX Encoding Info:    Redeclaring text symbol \textsevenoldstyle (encoding TS
1) on input line 101.
LaTeX Encoding Info:    Redeclaring text symbol \texteightoldstyle (encoding TS
1) on input line 102.
LaTeX Encoding Info:    Redeclaring text symbol \textnineoldstyle (encoding TS1
) on input line 103.
LaTeX Encoding Info:    Redeclaring text symbol \textlangle (encoding TS1) on i
nput line 104.
LaTeX Encoding Info:    Redeclaring text symbol \textminus (encoding TS1) on in
put line 105.
LaTeX Encoding Info:    Redeclaring text symbol \textrangle (encoding TS1) on i
nput line 106.
LaTeX Encoding Info:    Redeclaring text symbol \textmho (encoding TS1) on inpu
t line 107.
LaTeX Encoding Info:    Redeclaring text symbol \textbigcircle (encoding TS1) o
n input line 108.
LaTeX Encoding Info:    Redeclaring text command \textcircled (encoding TS1) on
 input line 109.
LaTeX Encoding Info:    Redeclaring text symbol \textohm (encoding TS1) on inpu
t line 115.
LaTeX Encoding Info:    Redeclaring text symbol \textlbrackdbl (encoding TS1) o
n input line 116.
LaTeX Encoding Info:    Redeclaring text symbol \textrbrackdbl (encoding TS1) o
n input line 117.
LaTeX Encoding Info:    Redeclaring text symbol \textuparrow (encoding TS1) on 
input line 118.
LaTeX Encoding Info:    Redeclaring text symbol \textdownarrow (encoding TS1) o
n input line 119.
LaTeX Encoding Info:    Redeclaring text symbol \textasciigrave (encoding TS1) 
on input line 120.
LaTeX Encoding Info:    Redeclaring text symbol \textborn (encoding TS1) on inp
ut line 121.
LaTeX Encoding Info:    Redeclaring text symbol \textdivorced (encoding TS1) on
 input line 122.
LaTeX Encoding Info:    Redeclaring text symbol \textdied (encoding TS1) on inp
ut line 123.
LaTeX Encoding Info:    Redeclaring text symbol \textleaf (encoding TS1) on inp
ut line 124.
LaTeX Encoding Info:    Redeclaring text symbol \textmarried (encoding TS1) on 
input line 125.
LaTeX Encoding Info:    Redeclaring text symbol \textmusicalnote (encoding TS1)
 on input line 126.
LaTeX Encoding Info:    Redeclaring text symbol \texttildelow (encoding TS1) on
 input line 127.
LaTeX Encoding Info:    Redeclaring text symbol \textdblhyphenchar (encoding TS
1) on input line 128.
LaTeX Encoding Info:    Redeclaring text symbol \textasciibreve (encoding TS1) 
on input line 129.
LaTeX Encoding Info:    Redeclaring text symbol \textasciicaron (encoding TS1) 
on input line 130.
LaTeX Encoding Info:    Redeclaring text symbol \textacutedbl (encoding TS1) on
 input line 131.
LaTeX Encoding Info:    Redeclaring text symbol \textgravedbl (encoding TS1) on
 input line 132.
LaTeX Encoding Info:    Redeclaring text symbol \textdagger (encoding TS1) on i
nput line 133.
LaTeX Encoding Info:    Redeclaring text symbol \textdaggerdbl (encoding TS1) o
n input line 134.
LaTeX Encoding Info:    Redeclaring text symbol \textbardbl (encoding TS1) on i
nput line 135.
LaTeX Encoding Info:    Redeclaring text symbol \textperthousand (encoding TS1)
 on input line 136.
LaTeX Encoding Info:    Redeclaring text symbol \textbullet (encoding TS1) on i
nput line 137.
LaTeX Encoding Info:    Redeclaring text symbol \textcelsius (encoding TS1) on 
input line 138.
LaTeX Encoding Info:    Redeclaring text symbol \textdollaroldstyle (encoding T
S1) on input line 139.
LaTeX Encoding Info:    Redeclaring text symbol \textcentoldstyle (encoding TS1
) on input line 140.
LaTeX Encoding Info:    Redeclaring text symbol \textflorin (encoding TS1) on i
nput line 141.
LaTeX Encoding Info:    Redeclaring text symbol \textcolonmonetary (encoding TS
1) on input line 142.
LaTeX Encoding Info:    Redeclaring text symbol \textwon (encoding TS1) on inpu
t line 143.
LaTeX Encoding Info:    Redeclaring text symbol \textnaira (encoding TS1) on in
put line 144.
LaTeX Encoding Info:    Redeclaring text symbol \textguarani (encoding TS1) on 
input line 145.
LaTeX Encoding Info:    Redeclaring text symbol \textpeso (encoding TS1) on inp
ut line 146.
LaTeX Encoding Info:    Redeclaring text symbol \textlira (encoding TS1) on inp
ut line 147.
LaTeX Encoding Info:    Redeclaring text symbol \textrecipe (encoding TS1) on i
nput line 148.
LaTeX Encoding Info:    Redeclaring text symbol \textinterrobang (encoding TS1)
 on input line 149.
LaTeX Encoding Info:    Redeclaring text symbol \textinterrobangdown (encoding 
TS1) on input line 150.
LaTeX Encoding Info:    Redeclaring text symbol \textdong (encoding TS1) on inp
ut line 151.
LaTeX Encoding Info:    Redeclaring text symbol \texttrademark (encoding TS1) o
n input line 152.
LaTeX Encoding Info:    Redeclaring text symbol \textpertenthousand (encoding T
S1) on input line 153.
LaTeX Encoding Info:    Redeclaring text symbol \textpilcrow (encoding TS1) on 
input line 154.
LaTeX Encoding Info:    Redeclaring text symbol \textbaht (encoding TS1) on inp
ut line 155.
LaTeX Encoding Info:    Redeclaring text symbol \textnumero (encoding TS1) on i
nput line 156.
LaTeX Encoding Info:    Redeclaring text symbol \textdiscount (encoding TS1) on
 input line 157.
LaTeX Encoding Info:    Redeclaring text symbol \textestimated (encoding TS1) o
n input line 158.
LaTeX Encoding Info:    Redeclaring text symbol \textopenbullet (encoding TS1) 
on input line 159.
LaTeX Encoding Info:    Redeclaring text symbol \textservicemark (encoding TS1)
 on input line 160.
LaTeX Encoding Info:    Redeclaring text symbol \textlquill (encoding TS1) on i
nput line 161.
LaTeX Encoding Info:    Redeclaring text symbol \textrquill (encoding TS1) on i
nput line 162.
LaTeX Encoding Info:    Redeclaring text symbol \textcent (encoding TS1) on inp
ut line 163.
LaTeX Encoding Info:    Redeclaring text symbol \textsterling (encoding TS1) on
 input line 164.
LaTeX Encoding Info:    Redeclaring text symbol \textcurrency (encoding TS1) on
 input line 165.
LaTeX Encoding Info:    Redeclaring text symbol \textyen (encoding TS1) on inpu
t line 166.
LaTeX Encoding Info:    Redeclaring text symbol \textbrokenbar (encoding TS1) o
n input line 167.
LaTeX Encoding Info:    Redeclaring text symbol \textsection (encoding TS1) on 
input line 168.
LaTeX Encoding Info:    Redeclaring text symbol \textasciidieresis (encoding TS
1) on input line 169.
LaTeX Encoding Info:    Redeclaring text symbol \textcopyright (encoding TS1) o
n input line 170.
LaTeX Encoding Info:    Redeclaring text symbol \textordfeminine (encoding TS1)
 on input line 171.
LaTeX Encoding Info:    Redeclaring text symbol \textcopyleft (encoding TS1) on
 input line 172.
LaTeX Encoding Info:    Redeclaring text symbol \textlnot (encoding TS1) on inp
ut line 173.
LaTeX Encoding Info:    Redeclaring text symbol \textcircledP (encoding TS1) on
 input line 174.
LaTeX Encoding Info:    Redeclaring text symbol \textregistered (encoding TS1) 
on input line 175.
LaTeX Encoding Info:    Redeclaring text symbol \textasciimacron (encoding TS1)
 on input line 176.
LaTeX Encoding Info:    Redeclaring text symbol \textdegree (encoding TS1) on i
nput line 177.
LaTeX Encoding Info:    Redeclaring text symbol \textpm (encoding TS1) on input
 line 178.
LaTeX Encoding Info:    Redeclaring text symbol \texttwosuperior (encoding TS1)
 on input line 179.
LaTeX Encoding Info:    Redeclaring text symbol \textthreesuperior (encoding TS
1) on input line 180.
LaTeX Encoding Info:    Redeclaring text symbol \textasciiacute (encoding TS1) 
on input line 181.
LaTeX Encoding Info:    Redeclaring text symbol \textmu (encoding TS1) on input
 line 182.
LaTeX Encoding Info:    Redeclaring text symbol \textparagraph (encoding TS1) o
n input line 183.
LaTeX Encoding Info:    Redeclaring text symbol \textperiodcentered (encoding T
S1) on input line 184.
LaTeX Encoding Info:    Redeclaring text symbol \textreferencemark (encoding TS
1) on input line 185.
LaTeX Encoding Info:    Redeclaring text symbol \textonesuperior (encoding TS1)
 on input line 186.
LaTeX Encoding Info:    Redeclaring text symbol \textordmasculine (encoding TS1
) on input line 187.
LaTeX Encoding Info:    Redeclaring text symbol \textsurd (encoding TS1) on inp
ut line 188.
LaTeX Encoding Info:    Redeclaring text symbol \textonequarter (encoding TS1) 
on input line 189.
LaTeX Encoding Info:    Redeclaring text symbol \textonehalf (encoding TS1) on 
input line 190.
LaTeX Encoding Info:    Redeclaring text symbol \textthreequarters (encoding TS
1) on input line 191.
LaTeX Encoding Info:    Redeclaring text symbol \texteuro (encoding TS1) on inp
ut line 192.
LaTeX Encoding Info:    Redeclaring text symbol \texttimes (encoding TS1) on in
put line 193.
LaTeX Encoding Info:    Redeclaring text symbol \textdiv (encoding TS1) on inpu
t line 194.
))
(d:\0.\tex/latex/natbib\natbib.sty
Package: natbib 2010/09/13 8.31b (PWD, AO)
\bibhang=\skip63
\bibsep=\skip64
LaTeX Info: Redefining \cite on input line 694.
\c@NAT@ctr=\count313
)) (d:\0.\tex/latex/amsmath\amsmath.sty
Package: amsmath 2025/07/09 v2.17z AMS math features
\@mathmargin=\skip65

For additional information on amsmath, use the `?' option.
(d:\0.\tex/latex/amsmath\amstext.sty
Package: amstext 2024/11/17 v2.01 AMS text
 (d:\0.\tex/latex/amsmath\amsgen.sty
File: amsgen.sty 1999/11/30 v2.0 generic functions
\@emptytoks=\toks30
\ex@=\dimen186
))
(d:\0.\tex/latex/amsmath\amsbsy.sty
Package: amsbsy 1999/11/29 v1.2d Bold Symbols
\pmbraise@=\dimen187
) (d:\0.\tex/latex/amsmath\amsopn.sty
Package: amsopn 2022/04/08 v2.04 operator names
)
\inf@bad=\count314
LaTeX Info: Redefining \frac on input line 233.
\uproot@=\count315
\leftroot@=\count316
LaTeX Info: Redefining \overline on input line 398.
LaTeX Info: Redefining \colon on input line 409.
\classnum@=\count317
\DOTSCASE@=\count318
LaTeX Info: Redefining \ldots on input line 495.
LaTeX Info: Redefining \dots on input line 498.
LaTeX Info: Redefining \cdots on input line 619.
\Mathstrutbox@=\box72
\strutbox@=\box73
LaTeX Info: Redefining \big on input line 721.
LaTeX Info: Redefining \Big on input line 722.
LaTeX Info: Redefining \bigg on input line 723.
LaTeX Info: Redefining \Bigg on input line 724.
\big@size=\dimen188
LaTeX Font Info:    Redeclaring font encoding OML on input line 742.
LaTeX Font Info:    Redeclaring font encoding OMS on input line 743.
\macc@depth=\count319
LaTeX Info: Redefining \bmod on input line 904.
LaTeX Info: Redefining \pmod on input line 909.
LaTeX Info: Redefining \smash on input line 939.
LaTeX Info: Redefining \relbar on input line 969.
LaTeX Info: Redefining \Relbar on input line 970.
\c@MaxMatrixCols=\count320
\dotsspace@=\muskip18
\c@parentequation=\count321
\dspbrk@lvl=\count322
\tag@help=\toks31
\row@=\count323
\column@=\count324
\maxfields@=\count325
\andhelp@=\toks32
\eqnshift@=\dimen189
\alignsep@=\dimen190
\tagshift@=\dimen191
\tagwidth@=\dimen192
\totwidth@=\dimen193
\lineht@=\dimen194
\@envbody=\toks33
\multlinegap=\skip66
\multlinetaggap=\skip67
\mathdisplay@stack=\toks34
LaTeX Info: Redefining \[ on input line 2950.
LaTeX Info: Redefining \] on input line 2951.
)
(d:\0.\tex/latex/amsfonts\amssymb.sty
Package: amssymb 2013/01/14 v3.01 AMS font symbols
 (d:\0.\tex/latex/amsfonts\amsfonts.sty
Package: amsfonts 2013/01/14 v3.01 Basic AMSFonts support
\symAMSa=\mathgroup4
\symAMSb=\mathgroup5
LaTeX Font Info:    Redeclaring math symbol \hbar on input line 98.
LaTeX Font Info:    Overwriting math alphabet `\mathfrak' in version `bold'
(Font)                  U/euf/m/n --> U/euf/b/n on input line 106.
))
(d:\0.\tex/latex/booktabs\booktabs.sty
Package: booktabs 2020/01/12 v1.61803398 Publication quality tables
\heavyrulewidth=\dimen195
\lightrulewidth=\dimen196
\cmidrulewidth=\dimen197
\belowrulesep=\dimen198
\belowbottomsep=\dimen199
\aboverulesep=\dimen256
\abovetopsep=\dimen257
\cmidrulesep=\dimen258
\cmidrulekern=\dimen259
\defaultaddspace=\dimen260
\@cmidla=\count326
\@cmidlb=\count327
\@aboverulesep=\dimen261
\@belowrulesep=\dimen262
\@thisruleclass=\count328
\@lastruleclass=\count329
\@thisrulewidth=\dimen263
) (d:\0.\tex/latex/tools\tabularx.sty
Package: tabularx 2023/12/11 v2.12a `tabularx' package (DPC)

(d:\0.\tex/latex/tools\array.sty
Package: array 2025/09/25 v2.6n Tabular extension package (FMi)
\col@sep=\dimen264
\ar@mcellbox=\box74
\extrarowheight=\dimen265
\NC@list=\toks35
\extratabsurround=\skip68
\backup@length=\skip69
\ar@cellbox=\box75
)
\TX@col@width=\dimen266
\TX@old@table=\dimen267
\TX@old@col=\dimen268
\TX@target=\dimen269
\TX@delta=\dimen270
\TX@cols=\count330
\TX@ftn=\toks36
) (d:\0.\tex/latex/ragged2e\ragged2e.sty
Package: ragged2e 2023/06/22 v3.6 ragged2e Package
\CenteringLeftskip=\skip70
\RaggedLeftLeftskip=\skip71
\RaggedRightLeftskip=\skip72
\CenteringRightskip=\skip73
\RaggedLeftRightskip=\skip74
\RaggedRightRightskip=\skip75
\CenteringParfillskip=\skip76
\RaggedLeftParfillskip=\skip77
\RaggedRightParfillskip=\skip78
\JustifyingParfillskip=\skip79
\CenteringParindent=\skip80
\RaggedLeftParindent=\skip81
\RaggedRightParindent=\skip82
\JustifyingParindent=\skip83
)
(d:\0.\tex/latex/makecell\makecell.sty
Package: makecell 2009/08/03 V0.1e Managing of Tab Column Heads and Cells
\rotheadsize=\dimen271
\c@nlinenum=\count331
\TeXr@lab=\toks37
) (d:\0.\tex/latex/multirow\multirow.sty
Package: multirow 2024/11/12 v2.9 Span multiple rows of a table
\multirow@colwidth=\skip84
\multirow@cntb=\count332
\multirow@dima=\skip85
\bigstrutjot=\dimen272
) (d:\0.\tex/latex/siunitx\siunitx.sty
Package: siunitx 2026-04-15 v3.5.4 A comprehensive (SI) units package
\l__siunitx_number_uncert_offset_int=\count333
\l__siunitx_number_exponent_fixed_int=\count334
\l__siunitx_number_min_decimal_int=\count335
\l__siunitx_number_min_integer_int=\count336
\l__siunitx_number_round_precision_int=\count337
\l__siunitx_number_lower_threshold_int=\count338
\l__siunitx_number_upper_threshold_int=\count339
\l__siunitx_number_group_first_int=\count340
\l__siunitx_number_group_size_int=\count341
\l__siunitx_number_group_min_int=\count342
\l__siunitx_number_group_minimum_int=\count343
\l__siunitx_compound_count_int=\count344

(d:\0.\tex/latex/translations\translations.sty
Package: translations 2022/02/05 v1.12 internationalization of LaTeX2e packages
 (CN)
)
\l__siunitx_table_tmp_box=\box76
\l__siunitx_table_tmp_dim=\dimen273
\l__siunitx_table_column_width_dim=\dimen274
\l__siunitx_table_integer_box=\box77
\l__siunitx_table_decimal_box=\box78
\l__siunitx_table_uncert_box=\box79
\l__siunitx_table_before_box=\box80
\l__siunitx_table_after_box=\box81
\l__siunitx_table_before_dim=\dimen275
\l__siunitx_table_carry_dim=\dimen276
\l__siunitx_unit_tmp_int=\count345
\l__siunitx_unit_position_int=\count346
\l__siunitx_unit_total_int=\count347
\l__siunitx_sexagesimal_tmp_dim=\dimen277
\l__siunitx_sexagesimal_marker_box=\box82
\l__siunitx_sexagesimal_unit_box=\box83
)
(d:\0.\tex/latex/xcolor\xcolor.sty
Package: xcolor 2024/09/29 v3.02 LaTeX color extensions (UK)
 (d:\0.\tex/latex/graphics-cfg\color.cfg
File: color.cfg 2016/01/02 v1.6 sample color configuration
)
Package xcolor Info: Driver file: pdftex.def on input line 274.

(d:\0.\tex/latex/graphics\mathcolor.ltx)
Package xcolor Info: Model `cmy' substituted by `cmy0' on input line 1349.
Package xcolor Info: Model `hsb' substituted by `rgb' on input line 1353.
Package xcolor Info: Model `RGB' extended on input line 1365.
Package xcolor Info: Model `HTML' substituted by `rgb' on input line 1367.
Package xcolor Info: Model `Hsb' substituted by `hsb' on input line 1368.
Package xcolor Info: Model `tHsb' substituted by `hsb' on input line 1369.
Package xcolor Info: Model `HSB' substituted by `hsb' on input line 1370.
Package xcolor Info: Model `Gray' substituted by `gray' on input line 1371.
Package xcolor Info: Model `wave' substituted by `hsb' on input line 1372.
)
(d:\0.\tex/latex/caption\subcaption.sty
Package: subcaption 2023/07/28 v1.6b Sub-captions (AR)
 (d:\0.\tex/latex/caption\caption.sty
Package: caption 2023/08/05 v3.6o Customizing captions (AR)

(d:\0.\tex/latex/caption\caption3.sty
Package: caption3 2023/07/31 v2.4d caption3 kernel (AR)
\caption@tempdima=\dimen278
\captionmargin=\dimen279
\caption@leftmargin=\dimen280
\caption@rightmargin=\dimen281
\caption@width=\dimen282
\caption@indent=\dimen283
\caption@parindent=\dimen284
\caption@hangindent=\dimen285
Package caption Info: Unknown document class (or package),
(caption)             standard defaults will be used.
Package caption Info: \@makecaption = \long macro:#1#2->\ifx \FigName \@captype
 \vskip \abovecaptionskip \@figurecaption {#1}{#2} \else \@tablecaption {#1}{#2
} \vskip \belowcaptionskip \fi  on input line 1175.
)

Package caption Warning: Unknown document class (or package),
(caption)                standard defaults will be used.
See the caption package documentation for explanation.

\c@caption@flags=\count348
\c@continuedfloat=\count349
Package caption Info: hyperref package is loaded.
Package caption Info: rotating package is loaded.
Package caption Info: threeparttable package is loaded.
Package caption Info: wrapfig package is loaded.
)
Package caption Info: New subtype `subfigure' on input line 238.
\c@subfigure=\count350
Package caption Info: New subtype `subtable' on input line 238.
\c@subtable=\count351
) (d:\0.\tex/latex/float\float.sty
Package: float 2001/11/08 v1.3d Float enhancements (AL)
\c@float@type=\count352
\float@exts=\toks38
\float@box=\box84
\@float@everytoks=\toks39
\@floatcapt=\box85
)
(d:\0.\tex/latex/pgf/frontendlayer\tikz.sty
(d:\0.\tex/latex/pgf/basiclayer\pgf.sty
(d:\0.\tex/latex/pgf/utilities\pgfrcs.sty
(d:\0.\tex/generic/pgf/utilities\pgfutil-common.tex
\pgfutil@everybye=\toks40
\pgfutil@tempdima=\dimen286
\pgfutil@tempdimb=\dimen287
)
(d:\0.\tex/generic/pgf/utilities\pgfutil-latex.def
\pgfutil@abb=\box86
)
(d:\0.\tex/generic/pgf/utilities\pgfrcs.code.tex
(d:\0.\tex/generic/pgf\pgf.revision.tex)
Package: pgfrcs 2025-08-29 v3.1.11a (3.1.11a)
))
Package: pgf 2025-08-29 v3.1.11a (3.1.11a)

(d:\0.\tex/latex/pgf/basiclayer\pgfcore.sty
(d:\0.\tex/latex/pgf/systemlayer\pgfsys.sty
(d:\0.\tex/generic/pgf/systemlayer\pgfsys.code.tex
Package: pgfsys 2025-08-29 v3.1.11a (3.1.11a)

(d:\0.\tex/generic/pgf/utilities\pgfkeys.code.tex
\pgfkeys@pathtoks=\toks41
\pgfkeys@temptoks=\toks42

(d:\0.\tex/generic/pgf/utilities\pgfkeyslibraryfiltered.code.tex
\pgfkeys@tmptoks=\toks43
))
\pgf@x=\dimen288
\pgf@y=\dimen289
\pgf@xa=\dimen290
\pgf@ya=\dimen291
\pgf@xb=\dimen292
\pgf@yb=\dimen293
\pgf@xc=\dimen294
\pgf@yc=\dimen295
\pgf@xd=\dimen296
\pgf@yd=\dimen297
\w@pgf@writea=\write3
\r@pgf@reada=\read2
\c@pgf@counta=\count353
\c@pgf@countb=\count354
\c@pgf@countc=\count355
\c@pgf@countd=\count356
\t@pgf@toka=\toks44
\t@pgf@tokb=\toks45
\t@pgf@tokc=\toks46
\pgf@sys@id@count=\count357

(d:\0.\tex/generic/pgf/systemlayer\pgf.cfg
File: pgf.cfg 2025-08-29 v3.1.11a (3.1.11a)
)
Driver file for pgf: pgfsys-pdftex.def

(d:\0.\tex/generic/pgf/systemlayer\pgfsys-pdftex.def
File: pgfsys-pdftex.def 2025-08-29 v3.1.11a (3.1.11a)

(d:\0.\tex/generic/pgf/systemlayer\pgfsys-common-pdf.def
File: pgfsys-common-pdf.def 2025-08-29 v3.1.11a (3.1.11a)
)))
(d:\0.\tex/generic/pgf/systemlayer\pgfsyssoftpath.code.tex
File: pgfsyssoftpath.code.tex 2025-08-29 v3.1.11a (3.1.11a)
\pgfsyssoftpath@smallbuffer@items=\count358
\pgfsyssoftpath@bigbuffer@items=\count359
)
(d:\0.\tex/generic/pgf/systemlayer\pgfsysprotocol.code.tex
File: pgfsysprotocol.code.tex 2025-08-29 v3.1.11a (3.1.11a)
))
(d:\0.\tex/generic/pgf/basiclayer\pgfcore.code.tex
Package: pgfcore 2025-08-29 v3.1.11a (3.1.11a)

(d:\0.\tex/generic/pgf/math\pgfmath.code.tex
(d:\0.\tex/generic/pgf/math\pgfmathutil.code.tex)
(d:\0.\tex/generic/pgf/math\pgfmathparser.code.tex
\pgfmath@dimen=\dimen298
\pgfmath@count=\count360
\pgfmath@box=\box87
\pgfmath@toks=\toks47
\pgfmath@stack@operand=\toks48
\pgfmath@stack@operation=\toks49
)
(d:\0.\tex/generic/pgf/math\pgfmathfunctions.code.tex)
(d:\0.\tex/generic/pgf/math\pgfmathfunctions.basic.code.tex)
(d:\0.\tex/generic/pgf/math\pgfmathfunctions.trigonometric.code.tex)
(d:\0.\tex/generic/pgf/math\pgfmathfunctions.random.code.tex)
(d:\0.\tex/generic/pgf/math\pgfmathfunctions.comparison.code.tex)
(d:\0.\tex/generic/pgf/math\pgfmathfunctions.base.code.tex)
(d:\0.\tex/generic/pgf/math\pgfmathfunctions.round.code.tex)
(d:\0.\tex/generic/pgf/math\pgfmathfunctions.misc.code.tex)
(d:\0.\tex/generic/pgf/math\pgfmathfunctions.integerarithmetics.code.tex)
(d:\0.\tex/generic/pgf/math\pgfmathcalc.code.tex)
(d:\0.\tex/generic/pgf/math\pgfmathfloat.code.tex
\c@pgfmathroundto@lastzeros=\count361
))
(d:\0.\tex/generic/pgf/math\pgfint.code.tex)
(d:\0.\tex/generic/pgf/basiclayer\pgfcorepoints.code.tex
File: pgfcorepoints.code.tex 2025-08-29 v3.1.11a (3.1.11a)
\pgf@picminx=\dimen299
\pgf@picmaxx=\dimen300
\pgf@picminy=\dimen301
\pgf@picmaxy=\dimen302
\pgf@pathminx=\dimen303
\pgf@pathmaxx=\dimen304
\pgf@pathminy=\dimen305
\pgf@pathmaxy=\dimen306
\pgf@xx=\dimen307
\pgf@xy=\dimen308
\pgf@yx=\dimen309
\pgf@yy=\dimen310
\pgf@zx=\dimen311
\pgf@zy=\dimen312
)
(d:\0.\tex/generic/pgf/basiclayer\pgfcorepathconstruct.code.tex
File: pgfcorepathconstruct.code.tex 2025-08-29 v3.1.11a (3.1.11a)
\pgf@path@lastx=\dimen313
\pgf@path@lasty=\dimen314
)
(d:\0.\tex/generic/pgf/basiclayer\pgfcorepathusage.code.tex
File: pgfcorepathusage.code.tex 2025-08-29 v3.1.11a (3.1.11a)
\pgf@shorten@end@additional=\dimen315
\pgf@shorten@start@additional=\dimen316
)
(d:\0.\tex/generic/pgf/basiclayer\pgfcorescopes.code.tex
File: pgfcorescopes.code.tex 2025-08-29 v3.1.11a (3.1.11a)
\pgfpic=\box88
\pgf@hbox=\box89
\pgf@layerbox@main=\box90
\pgf@picture@serial@count=\count362
)
(d:\0.\tex/generic/pgf/basiclayer\pgfcoregraphicstate.code.tex
File: pgfcoregraphicstate.code.tex 2025-08-29 v3.1.11a (3.1.11a)
\pgflinewidth=\dimen317
)
(d:\0.\tex/generic/pgf/basiclayer\pgfcoretransformations.code.tex
File: pgfcoretransformations.code.tex 2025-08-29 v3.1.11a (3.1.11a)
\pgf@pt@x=\dimen318
\pgf@pt@y=\dimen319
\pgf@pt@temp=\dimen320
)
(d:\0.\tex/generic/pgf/basiclayer\pgfcorequick.code.tex
File: pgfcorequick.code.tex 2025-08-29 v3.1.11a (3.1.11a)
)
(d:\0.\tex/generic/pgf/basiclayer\pgfcoreobjects.code.tex
File: pgfcoreobjects.code.tex 2025-08-29 v3.1.11a (3.1.11a)
)
(d:\0.\tex/generic/pgf/basiclayer\pgfcorepathprocessing.code.tex
File: pgfcorepathprocessing.code.tex 2025-08-29 v3.1.11a (3.1.11a)
)
(d:\0.\tex/generic/pgf/basiclayer\pgfcorearrows.code.tex
File: pgfcorearrows.code.tex 2025-08-29 v3.1.11a (3.1.11a)
\pgfarrowsep=\dimen321
)
(d:\0.\tex/generic/pgf/basiclayer\pgfcoreshade.code.tex
File: pgfcoreshade.code.tex 2025-08-29 v3.1.11a (3.1.11a)
\pgf@max=\dimen322
\pgf@sys@shading@range@num=\count363
\pgf@shadingcount=\count364
)
(d:\0.\tex/generic/pgf/basiclayer\pgfcoreimage.code.tex
File: pgfcoreimage.code.tex 2025-08-29 v3.1.11a (3.1.11a)
)
(d:\0.\tex/generic/pgf/basiclayer\pgfcoreexternal.code.tex
File: pgfcoreexternal.code.tex 2025-08-29 v3.1.11a (3.1.11a)
\pgfexternal@startupbox=\box91
)
(d:\0.\tex/generic/pgf/basiclayer\pgfcorelayers.code.tex
File: pgfcorelayers.code.tex 2025-08-29 v3.1.11a (3.1.11a)
)
(d:\0.\tex/generic/pgf/basiclayer\pgfcoretransparency.code.tex
File: pgfcoretransparency.code.tex 2025-08-29 v3.1.11a (3.1.11a)
)
(d:\0.\tex/generic/pgf/basiclayer\pgfcorepatterns.code.tex
File: pgfcorepatterns.code.tex 2025-08-29 v3.1.11a (3.1.11a)
)
(d:\0.\tex/generic/pgf/basiclayer\pgfcorerdf.code.tex
File: pgfcorerdf.code.tex 2025-08-29 v3.1.11a (3.1.11a)
)))
(d:\0.\tex/generic/pgf/modules\pgfmoduleshapes.code.tex
File: pgfmoduleshapes.code.tex 2025-08-29 v3.1.11a (3.1.11a)
\pgfnodeparttextbox=\box92
)
(d:\0.\tex/generic/pgf/modules\pgfmoduleplot.code.tex
File: pgfmoduleplot.code.tex 2025-08-29 v3.1.11a (3.1.11a)
)
(d:\0.\tex/latex/pgf/compatibility\pgfcomp-version-0-65.sty
Package: pgfcomp-version-0-65 2025-08-29 v3.1.11a (3.1.11a)
\pgf@nodesepstart=\dimen323
\pgf@nodesepend=\dimen324
)
(d:\0.\tex/latex/pgf/compatibility\pgfcomp-version-1-18.sty
Package: pgfcomp-version-1-18 2025-08-29 v3.1.11a (3.1.11a)
))
(d:\0.\tex/latex/pgf/utilities\pgffor.sty
(d:\0.\tex/latex/pgf/utilities\pgfkeys.sty
(d:\0.\tex/generic/pgf/utilities\pgfkeys.code.tex))
(d:\0.\tex/latex/pgf/math\pgfmath.sty
(d:\0.\tex/generic/pgf/math\pgfmath.code.tex))
(d:\0.\tex/generic/pgf/utilities\pgffor.code.tex
Package: pgffor 2025-08-29 v3.1.11a (3.1.11a)
\pgffor@iter=\dimen325
\pgffor@skip=\dimen326
\pgffor@stack=\toks50
\pgffor@toks=\toks51
))
(d:\0.\tex/generic/pgf/frontendlayer/tikz\tikz.code.tex
Package: tikz 2025-08-29 v3.1.11a (3.1.11a)

(d:\0.\tex/generic/pgf/libraries\pgflibraryplothandlers.code.tex
File: pgflibraryplothandlers.code.tex 2025-08-29 v3.1.11a (3.1.11a)
\pgf@plot@mark@count=\count365
\pgfplotmarksize=\dimen327
)
\tikz@lastx=\dimen328
\tikz@lasty=\dimen329
\tikz@lastxsaved=\dimen330
\tikz@lastysaved=\dimen331
\tikz@lastmovetox=\dimen332
\tikz@lastmovetoy=\dimen333
\tikzleveldistance=\dimen334
\tikzsiblingdistance=\dimen335
\tikz@figbox=\box93
\tikz@figbox@bg=\box94
\tikz@tempbox=\box95
\tikz@tempbox@bg=\box96
\tikztreelevel=\count366
\tikznumberofchildren=\count367
\tikznumberofcurrentchild=\count368
\tikz@fig@count=\count369

(d:\0.\tex/generic/pgf/modules\pgfmodulematrix.code.tex
File: pgfmodulematrix.code.tex 2025-08-29 v3.1.11a (3.1.11a)
\pgfmatrixcurrentrow=\count370
\pgfmatrixcurrentcolumn=\count371
\pgf@matrix@numberofcolumns=\count372
)
\tikz@expandcount=\count373

(d:\0.\tex/generic/pgf/frontendlayer/tikz/libraries\tikzlibrarytopaths.code.tex
File: tikzlibrarytopaths.code.tex 2025-08-29 v3.1.11a (3.1.11a)
))) (d:\0.\tex/generic/pgf/libraries\pgflibraryarrows.meta.code.tex
File: pgflibraryarrows.meta.code.tex 2025-08-29 v3.1.11a (3.1.11a)
\pgfarrowinset=\dimen336
\pgfarrowlength=\dimen337
\pgfarrowwidth=\dimen338
\pgfarrowlinewidth=\dimen339
)
(d:\0.\tex/generic/pgf/frontendlayer/tikz/libraries\tikzlibrarypositioning.code
.tex
File: tikzlibrarypositioning.code.tex 2025-08-29 v3.1.11a (3.1.11a)
)
(d:\0.\tex/generic/pgf/frontendlayer/tikz/libraries\tikzlibraryfit.code.tex
File: tikzlibraryfit.code.tex 2025-08-29 v3.1.11a (3.1.11a)
)
(d:\0.\tex/generic/pgf/frontendlayer/tikz/libraries\tikzlibraryshapes.geometric
.code.tex
File: tikzlibraryshapes.geometric.code.tex 2025-08-29 v3.1.11a (3.1.11a)

(d:\0.\tex/generic/pgf/libraries/shapes\pgflibraryshapes.geometric.code.tex
File: pgflibraryshapes.geometric.code.tex 2025-08-29 v3.1.11a (3.1.11a)
))
(d:\0.\tex/generic/pgf/frontendlayer/tikz/libraries\tikzlibrarycalc.code.tex
File: tikzlibrarycalc.code.tex 2025-08-29 v3.1.11a (3.1.11a)
)
(d:\0.\tex/latex/cleveref\cleveref.sty
Package: cleveref 2018/03/27 v0.21.4 Intelligent cross-referencing
Package cleveref Info: `hyperref' support loaded on input line 2370.
LaTeX Info: Redefining \cref on input line 2370.
LaTeX Info: Redefining \Cref on input line 2370.
LaTeX Info: Redefining \crefrange on input line 2370.
LaTeX Info: Redefining \Crefrange on input line 2370.
LaTeX Info: Redefining \cpageref on input line 2370.
LaTeX Info: Redefining \Cpageref on input line 2370.
LaTeX Info: Redefining \cpagerefrange on input line 2370.
LaTeX Info: Redefining \Cpagerefrange on input line 2370.
LaTeX Info: Redefining \labelcref on input line 2370.
LaTeX Info: Redefining \labelcpageref on input line 2370.
Package cleveref Info: `amsthm' support loaded on input line 3026.
)
==> First Aid for cleveref.sty applied!
(d:\0.\tex/latex/tools\xr.sty
Package: xr 2024-12-22 v6.00 eXternal References (DPC)
)
Package xr Info: IMPORTING LABELS FROM supplementary.aux on input line 54.
 (d:\0.\tex/latex/orcidlink\orcidlink.sty
Package: orcidlink 2026/04/09 v1.1.1 Add explicit etoolbox dependency.

(d:\0.\tex/generic/pgf/frontendlayer/tikz/libraries\tikzlibrarysvg.path.code.te
x
File: tikzlibrarysvg.path.code.tex 2025-08-29 v3.1.11a (3.1.11a)
 (d:\0.\tex/generic/pgf/libraries\pgflibrarysvg.path.code.tex
File: pgflibrarysvg.path.code.tex 2025-08-29 v3.1.11a (3.1.11a)

(d:\0.\tex/generic/pgf/modules\pgfmoduleparser.code.tex
File: pgfmoduleparser.code.tex 2025-08-29 v3.1.11a (3.1.11a)
\pgfparserdef@arg@count=\count374
)
\pgf@lib@svg@last@x=\dimen340
\pgf@lib@svg@last@y=\dimen341
\pgf@lib@svg@last@c@x=\dimen342
\pgf@lib@svg@last@c@y=\dimen343
\pgf@lib@svg@count=\count375
\pgf@lib@svg@max@num=\count376
))
\@curXheight=\skip86
)
(results/tables/bootstrap_ci_macros.tex)
Package translations Info: No language package found. I am going to use `englis
h' as default language. on input line 74.

(d:\0.\tex/latex/l3backend\l3backend-pdftex.def
File: l3backend-pdftex.def 2025-10-09 L3 backend support: PDF output (pdfTeX)
\l__color_backend_stack_int=\count377
)
No file main_APIN_build.aux.
\openout1 = `main_APIN_build.aux'.

LaTeX Font Info:    Checking defaults for OML/cmm/m/it on input line 74.
LaTeX Font Info:    ... okay on input line 74.
LaTeX Font Info:    Checking defaults for OMS/cmsy/m/n on input line 74.
LaTeX Font Info:    ... okay on input line 74.
LaTeX Font Info:    Checking defaults for OT1/cmr/m/n on input line 74.
LaTeX Font Info:    ... okay on input line 74.
LaTeX Font Info:    Checking defaults for T1/cmr/m/n on input line 74.
LaTeX Font Info:    ... okay on input line 74.
LaTeX Font Info:    Checking defaults for TS1/cmr/m/n on input line 74.
LaTeX Font Info:    ... okay on input line 74.
LaTeX Font Info:    Checking defaults for OMX/cmex/m/n on input line 74.
LaTeX Font Info:    ... okay on input line 74.
LaTeX Font Info:    Checking defaults for U/cmr/m/n on input line 74.
LaTeX Font Info:    ... okay on input line 74.
LaTeX Font Info:    Checking defaults for PD1/pdf/m/n on input line 74.
LaTeX Font Info:    ... okay on input line 74.
LaTeX Font Info:    Checking defaults for PU/pdf/m/n on input line 74.
LaTeX Font Info:    ... okay on input line 74.
*geometry* driver: auto-detecting
*geometry* detected driver: pdftex
*geometry* verbose mode - [ preamble ] result:
* driver: pdftex
* paper: custom
* layout: <same size as paper>
* layoutoffset:(h,v)=(0.0pt,0.0pt)
* bindingoffset: 17.07164pt
* modes: twoside 
* h-part:(L,W,R)=(83.37448pt, 372.0pt, 125.06175pt)
* v-part:(T,H,B)=(73.97716pt, 552.69478pt, 218.37491pt)
* \paperwidth=597.50787pt
* \paperheight=845.04684pt
* \textwidth=372.0pt
* \textheight=552.69478pt
* \oddsidemargin=28.17613pt
* \evensidemargin=52.79176pt
* \topmargin=-19.72638pt
* \headheight=5.5pt
* \headsep=15.93355pt
* \topskip=10.0pt
* \footskip=28.45274pt
* \marginparwidth=34.1433pt
* \marginparsep=14.22636pt
* \columnsep=14.22636pt
* \skip\footins=8.0pt plus 4.0pt
* \hoffset=0.0pt
* \voffset=0.0pt
* \mag=1000
* \@twocolumnfalse
* \@twosidetrue
* \@mparswitchtrue
* \@reversemargintrue
* (1in=72.27pt=25.4mm, 1cm=28.453pt)

(d:\0.\tex/context/base/mkii\supp-pdf.mkii
[Loading MPS to PDF converter (version 2006.09.02).]
\scratchcounter=\count378
\scratchdimen=\dimen344
\scratchbox=\box97
\nofMPsegments=\count379
\nofMParguments=\count380
\everyMPshowfont=\toks52
\MPscratchCnt=\count381
\MPscratchDim=\dimen345
\MPnumerator=\count382
\makeMPintoPDFobject=\count383
\everyMPtoPDFconversion=\toks53
) (d:\0.\tex/latex/epstopdf-pkg\epstopdf-base.sty
Package: epstopdf-base 2020-01-24 v2.11 Base part for package epstopdf
Package epstopdf-base Info: Redefining graphics rule for `.eps' on input line 4
85.

(d:\0.\tex/latex/00miktex\epstopdf-sys.cfg
File: epstopdf-sys.cfg 2021/03/18 v2.0 Configuration of epstopdf for MiKTeX
))
LaTeX Info: Redefining \S on input line 74.
LaTeX Font Info:    Redeclaring symbol font `AMSa' on input line 74.
LaTeX Font Info:    Overwriting symbol font `AMSa' in version `normal'
(Font)                  U/msa/m/n --> U/msa/m/n on input line 74.
LaTeX Font Info:    Overwriting symbol font `AMSa' in version `bold'
(Font)                  U/msa/m/n --> U/msa/m/n on input line 74.
Package hyperref Info: Link coloring ON on input line 74.
\@outlinefile=\write4
\openout4 = `main_APIN_build.out'.


(d:\0.\tex/latex/translations/dicts\translations-basic-dictionary-english.trsl
File: translations-basic-dictionary-english.trsl (english translation file `tra
nslations-basic-dictionary')
)
Package translations Info: loading dictionary `translations-basic-dictionary' f
or `english'. on input line 74.
Package caption Info: Begin \AtBeginDocument code.
Package caption Info: float package is loaded.
Package caption Info: End \AtBeginDocument code.
LaTeX Font Info:    Calculating math sizes for size <12.045> on input line 131.

LaTeX Font Info:    Trying to load font information for U+msa on input line 131
.
(d:\0.\tex/latex/amsfonts\umsa.fd
File: umsa.fd 2013/01/14 v3.01 AMS symbols A
)
LaTeX Font Info:    Trying to load font information for U+msb on input line 131
.
 (d:\0.\tex/latex/amsfonts\umsb.fd
File: umsb.fd 2013/01/14 v3.01 AMS symbols B
)
LaTeX Font Info:    Calculating math sizes for size <11.04124> on input line 13
1.
LaTeX Font Info:    Calculating math sizes for size <9.03374> on input line 131
.

Underfull \vbox (badness 10000) has occurred while \output is active []


Underfull \vbox (badness 10000) has occurred while \output is active []

 [1

{C:/Users/tuanymc/AppData/Local/MiKTeX/fonts/map/pdftex/pdftex.map}]
LaTeX Font Info:    Calculating math sizes for size <10.03749> on input line 13
1.


Package natbib Warning: Citation `corbett1995bkt' on page 2 undefined on input 
line 137.


Package natbib Warning: Citation `piech2015dkt' on page 2 undefined on input li
ne 138.


Package natbib Warning: Citation `zhang2017dkvmn' on page 2 undefined on input 
line 138.


Package natbib Warning: Citation `ghosh2020akt' on page 2 undefined on input li
ne 138.


Package natbib Warning: Citation `liu2023simplekt' on page 2 undefined on input
 line 138.


Package natbib Warning: Citation `pandey2019rkt' on page 2 undefined on input l
ine 138.


Package natbib Warning: Citation `shen2021saint' on page 2 undefined on input l
ine 138.


Package natbib Warning: Citation `nakagawa2019gkt' on page 2 undefined on input
 line 140.


Package natbib Warning: Citation `tong2020skt' on page 2 undefined on input lin
e 140.


Package natbib Warning: Citation `yang2021gikt' on page 2 undefined on input li
ne 140.


Package natbib Warning: Citation `dygkt2024' on page 2 undefined on input line 
140.


Package natbib Warning: Citation `dgekt2024' on page 2 undefined on input line 
140.


Package natbib Warning: Citation `chen2023hgkt' on page 2 undefined on input li
ne 140.


Package natbib Warning: Citation `kaufman2012leakage' on page 2 undefined on in
put line 148.


Package natbib Warning: Citation `kapoor2023leakage' on page 2 undefined on inp
ut line 148.


Package natbib Warning: Citation `schein2002coldstart' on page 2 undefined on i
nput line 152.


Package natbib Warning: Citation `nakagawa2019gkt' on page 2 undefined on input
 line 158.


Package natbib Warning: Citation `tong2020skt' on page 2 undefined on input lin
e 158.


Package natbib Warning: Citation `liu2022pykt' on page 2 undefined on input lin
e 158.


Package natbib Warning: Citation `kaufman2012leakage' on page 2 undefined on in
put line 160.


Package natbib Warning: Citation `kapoor2023leakage' on page 2 undefined on inp
ut line 160.


Package natbib Warning: Citation `liu2022pykt' on page 2 undefined on input lin
e 162.


Package natbib Warning: Citation `badran2024labelleakage' on page 2 undefined o
n input line 162.


Package natbib Warning: Citation `you2020graphcl' on page 2 undefined on input 
line 166.


Package natbib Warning: Citation `zhu2021gca' on page 2 undefined on input line
 166.


Underfull \vbox (badness 10000) has occurred while \output is active []


Underfull \vbox (badness 10000) has occurred while \output is active []

 [2]

LaTeX Warning: Reference `sec:graph' on page 3 undefined on input line 190.


Overfull \hbox (32.1196pt too wide) in paragraph at lines 230--240
 [][] 
 []


LaTeX Warning: Reference `sec:graph' on page 3 undefined on input line 240.


LaTeX Warning: Reference `sec:graph' on page 3 undefined on input line 240.


LaTeX Warning: Reference `fig:intro-leakage' on page 3 undefined on input line 
244.


Package natbib Warning: Citation `heffernan2006assist' on page 3 undefined on i
nput line 253.


Package natbib Warning: Citation `junyi_dataset' on page 3 undefined on input l
ine 253.


Package natbib Warning: Citation `choi2020ednet' on page 3 undefined on input l
ine 253.


Package natbib Warning: Citation `xes3g5m2023' on page 3 undefined on input lin
e 253.


Package natbib Warning: Citation `nakagawa2019gkt' on page 3 undefined on input
 line 272.


Package natbib Warning: Citation `tong2020skt' on page 3 undefined on input lin
e 272.


LaTeX Warning: Reference `sec:exp-graph-ablation' on page 3 undefined on input 
line 276.


Underfull \vbox (badness 10000) has occurred while \output is active []

 [3]

Package natbib Warning: Citation `junyi_dataset' on page 4 undefined on input l
ine 282.


Package natbib Warning: Citation `chang2015junyi' on page 4 undefined on input 
line 282.


Package natbib Warning: Citation `xes3g5m2023' on page 4 undefined on input lin
e 284.


Package natbib Warning: Citation `abdelrahman2023kt_survey' on page 4 undefined
 on input line 286.


Package natbib Warning: Citation `liu2022pykt' on page 4 undefined on input lin
e 286.


Package natbib Warning: Citation `nakagawa2019gkt' on page 4 undefined on input
 line 288.


Package natbib Warning: Citation `lee2022cl4kt' on page 4 undefined on input li
ne 288.


LaTeX Warning: Reference `sec:exp-ddr-downstream' on page 4 undefined on input 
line 310.


Package natbib Warning: Citation `junyi_dataset' on page 4 undefined on input l
ine 320.


Underfull \vbox (badness 10000) has occurred while \output is active []


Underfull \vbox (badness 10000) has occurred while \output is active []

 [4]

LaTeX Warning: Reference `sec:disc-implications' on page 5 undefined on input l
ine 342.


LaTeX Warning: Reference `tab:baseline-cv' on page 5 undefined on input line 34
6.


LaTeX Warning: Reference `sec:future-work' on page 5 undefined on input line 34
9.


LaTeX Warning: Reference `sec:disc-model-specific' on page 5 undefined on input
 line 357.


LaTeX Warning: Reference `tab:baseline-summary' on page 5 undefined on input li
ne 358.


LaTeX Warning: Reference `sec:exp-graph-ablation' on page 5 undefined on input 
line 369.


Package natbib Warning: Citation `corbett1995bkt' on page 5 undefined on input 
line 379.


Package natbib Warning: Citation `piech2015dkt' on page 5 undefined on input li
ne 380.


Package natbib Warning: Citation `ghosh2020akt' on page 5 undefined on input li
ne 380.


Package natbib Warning: Citation `liu2023simplekt' on page 5 undefined on input
 line 380.


Package natbib Warning: Citation `liu2022pykt' on page 5 undefined on input lin
e 381.


Package natbib Warning: Citation `abdelrahman2023kt_survey' on page 5 undefined
 on input line 381.


Package natbib Warning: Citation `liu2022pykt' on page 5 undefined on input lin
e 383.


Package natbib Warning: Citation `badran2024labelleakage' on page 5 undefined o
n input line 383.


Package natbib Warning: Citation `kaufman2012leakage' on page 5 undefined on in
put line 384.


Package natbib Warning: Citation `kapoor2023leakage' on page 5 undefined on inp
ut line 384.


Underfull \vbox (badness 10000) has occurred while \output is active []


Underfull \vbox (badness 10000) has occurred while \output is active []

 [5]

Package natbib Warning: Citation `nakagawa2019gkt' on page 6 undefined on input
 line 389.


Package natbib Warning: Citation `tong2020skt' on page 6 undefined on input lin
e 389.


Package natbib Warning: Citation `yang2021gikt' on page 6 undefined on input li
ne 389.


Package natbib Warning: Citation `dygkt2024' on page 6 undefined on input line 
389.


Package natbib Warning: Citation `dgekt2024' on page 6 undefined on input line 
389.


Package natbib Warning: Citation `lin2016moocprereq' on page 6 undefined on inp
ut line 391.


Package natbib Warning: Citation `bai2025survey' on page 6 undefined on input l
ine 391.


Package natbib Warning: Citation `chang2015junyi' on page 6 undefined on input 
line 391.


Package natbib Warning: Citation `nakagawa2019gkt' on page 6 undefined on input
 line 394.


Package natbib Warning: Citation `tong2020skt' on page 6 undefined on input lin
e 394.


Package natbib Warning: Citation `you2020graphcl' on page 6 undefined on input 
line 399.


Package natbib Warning: Citation `lee2022cl4kt' on page 6 undefined on input li
ne 399.


Package natbib Warning: Citation `kipf2017gcn' on page 6 undefined on input lin
e 399.


Package natbib Warning: Citation `liu2022pykt' on page 6 undefined on input lin
e 401.


LaTeX Warning: Reference `fig:framework' on page 6 undefined on input line 414.



LaTeX Warning: Reference `fig:pipelines' on page 6 undefined on input line 415.



LaTeX Warning: Reference `fig:kc-construction' on page 6 undefined on input lin
e 416.


LaTeX Warning: Reference `sec:protocol' on page 6 undefined on input line 446.


LaTeX Warning: Reference `sec:exp' on page 6 undefined on input line 446.


LaTeX Warning: Reference `sec:protocol' on page 6 undefined on input line 446.


LaTeX Warning: Reference `sec:exp' on page 6 undefined on input line 446.


LaTeX Warning: Reference `fig:framework' on page 6 undefined on input line 450.



Underfull \vbox (badness 10000) has occurred while \output is active []

 [6]

LaTeX Warning: Reference `sec:exp-coldstart' on page 7 undefined on input line 
523.


LaTeX Warning: Reference `sec:exp-coldstart' on page 7 undefined on input line 
523.


LaTeX Warning: Reference `fig:pipelines' on page 7 undefined on input line 527.



LaTeX Warning: Reference `fig:framework' on page 7 undefined on input line 528.



Package hyperref Warning: Difference (2) between bookmark levels is greater 
(hyperref)                than one, level fixed on input line 544.


Underfull \vbox (badness 10000) has occurred while \output is active []

 [7]

LaTeX Warning: Reference `sec:graph-sim-theory' on page 8 undefined on input li
ne 559.


LaTeX Warning: Reference `sec:graph' on page 8 undefined on input line 584.


LaTeX Warning: Reference `eq:tbvr' on page 8 undefined on input line 586.


LaTeX Warning: Reference `tab:leakage-metrics' on page 8 undefined on input lin
e 592.


LaTeX Warning: Reference `eq:ecr-flag' on page 8 undefined on input line 597.


LaTeX Warning: Reference `eq:ecr-overlap' on page 8 undefined on input line 598
.


LaTeX Warning: Reference `eq:rho-edge-outcome' on page 8 undefined on input lin
e 599.


LaTeX Warning: Reference `eq:tbvr' on page 8 undefined on input line 600.


LaTeX Warning: Reference `sec:leakage' on page 8 undefined on input line 609.


LaTeX Warning: Reference `sec:intro' on page 8 undefined on input line 615.


LaTeX Warning: Reference `sec:intro' on page 8 undefined on input line 620.


LaTeX Warning: Reference `tab:leakage-taxonomy' on page 8 undefined on input li
ne 622.


Package natbib Warning: Citation `kaufman2012leakage' on page 8 undefined on in
put line 623.


Package natbib Warning: Citation `kapoor2023leakage' on page 8 undefined on inp
ut line 623.


Package natbib Warning: Citation `liu2022pykt' on page 8 undefined on input lin
e 624.


Package natbib Warning: Citation `badran2024labelleakage' on page 8 undefined o
n input line 624.


Underfull \vbox (badness 10000) has occurred while \output is active []

 [8]

LaTeX Warning: Reference `sec:leakage' on page 9 undefined on input line 634.


LaTeX Warning: Reference `sec:leakage' on page 9 undefined on input line 634.


LaTeX Warning: Reference `tab:leakage-taxonomy' on page 9 undefined on input li
ne 663.


Underfull \vbox (badness 10000) has occurred while \output is active []

 [9]

Package hyperref Warning: Difference (2) between bookmark levels is greater 
(hyperref)                than one, level fixed on input line 749.


LaTeX Warning: Reference `tab:dataset-stats' on page 10 undefined on input line
 751.


LaTeX Warning: Reference `sec:graph' on page 10 undefined on input line 755.


LaTeX Warning: Reference `tab:graph-scalability' on page 10 undefined on input 
line 757.


Underfull \vbox (badness 10000) has occurred while \output is active []

 [10]

Package natbib Warning: Citation `kipf2017gcn' on page 11 undefined on input li
ne 788.


Package natbib Warning: Citation `hamilton2017graphsage' on page 11 undefined o
n input line 788.


Package natbib Warning: Citation `johnson1975finding' on page 11 undefined on i
nput line 792.


Package natbib Warning: Citation `liu2022pykt' on page 11 undefined on input li
ne 793.


LaTeX Warning: Reference `fig:intro-leakage' on page 11 undefined on input line
 801.


Package hyperref Warning: Difference (2) between bookmark levels is greater 
(hyperref)                than one, level fixed on input line 812.


Package hyperref Warning: Token not allowed in a PDF string (Unicode):
(hyperref)                removing `math shift' on input line 812.


Package hyperref Warning: Token not allowed in a PDF string (Unicode):
(hyperref)                removing `subscript' on input line 812.


Package hyperref Warning: Token not allowed in a PDF string (Unicode):
(hyperref)                removing `math shift' on input line 812.


LaTeX Warning: Reference `sec:exp-gtxv' on page 11 undefined on input line 821.



Underfull \vbox (badness 10000) has occurred while \output is active []


Underfull \vbox (badness 10000) has occurred while \output is active []

 [11]

LaTeX Warning: Reference `sec:dag-audit' on page 12 undefined on input line 834
.


LaTeX Warning: Reference `sec:dag-audit' on page 12 undefined on input line 865
.


LaTeX Warning: Reference `sec:dag-audit' on page 12 undefined on input line 865
.


LaTeX Warning: Reference `fig:kc-construction' on page 12 undefined on input li
ne 869.


LaTeX Warning: Reference `fig:pipelines' on page 12 undefined on input line 870
.


Package hyperref Warning: Token not allowed in a PDF string (Unicode):
(hyperref)                removing `math shift' on input line 873.


Package hyperref Warning: Token not allowed in a PDF string (Unicode):
(hyperref)                removing `subscript' on input line 873.


Package hyperref Warning: Token not allowed in a PDF string (Unicode):
(hyperref)                removing `math shift' on input line 873.


Underfull \vbox (badness 10000) has occurred while \output is active []

 [12]

LaTeX Warning: Reference `sec:exp-coldstart' on page 13 undefined on input line
 890.


Package natbib Warning: Citation `johnson1975finding' on page 13 undefined on i
nput line 899.


Package natbib Warning: Citation `you2020graphcl' on page 13 undefined on input
 line 926.


LaTeX Warning: Reference `sec:exp-ddr' on page 13 undefined on input line 930.


Underfull \hbox (badness 3148) in paragraph at lines 925--937
\OT1/cmr/m/n/10 random-walk \OT1/cmtt/m/n/10.03749 subgraph\OT1/cmr/m/n/10 , \O
T1/cmtt/m/n/10.03749 node[]drop\OT1/cmr/m/n/10 ) plus one prerequisite-preservi
ng oper-a-tor
 []


Underfull \vbox (badness 10000) has occurred while \output is active []

 [13]

Package natbib Warning: Citation `schein2002coldstart' on page 14 undefined on 
input line 940.


LaTeX Warning: Reference `tab:leakage-taxonomy' on page 14 undefined on input l
ine 955.


LaTeX Warning: Reference `tab:protocol-comparison' on page 14 undefined on inpu
t line 978.


LaTeX Warning: Reference `sec:protocol' on page 14 undefined on input line 990.



LaTeX Warning: Reference `sec:protocol' on page 14 undefined on input line 990.



LaTeX Warning: Reference `sec:exp-gtxv' on page 14 undefined on input line 1029
.


Underfull \vbox (badness 10000) has occurred while \output is active []

 [14]

Package hyperref Warning: Difference (2) between bookmark levels is greater 
(hyperref)                than one, level fixed on input line 1035.


Package natbib Warning: Citation `xes3g5m2023' on page 15 undefined on input li
ne 1036.


Package natbib Warning: Citation `junyi_dataset' on page 15 undefined on input 
line 1043.


LaTeX Warning: Reference `sec:graph' on page 15 undefined on input line 1052.


LaTeX Warning: Reference `sec:exp-gtxv' on page 15 undefined on input line 1054
.

(results/tables/dataset_stats.tex)

LaTeX Warning: Reference `tab:dataset-stats' on page 15 undefined on input line
 1058.


Underfull \vbox (badness 10000) has occurred while \output is active []

 [15]

LaTeX Warning: Reference `tab:leakage-metrics' on page 16 undefined on input li
ne 1072.


LaTeX Warning: Reference `sec:exp-graph-ablation' on page 16 undefined on input
 line 1075.

(results/tables/leakage_metrics.tex

LaTeX Warning: Reference `eq:ecr-flag' on page 16 undefined on input line 7.


LaTeX Warning: Reference `eq:ecr-overlap' on page 16 undefined on input line 7.



LaTeX Warning: Reference `eq:rho-edge-outcome' on page 16 undefined on input li
ne 7.


LaTeX Warning: Reference `eq:tbvr' on page 16 undefined on input line 7.


LaTeX Warning: Reference `eq:ecr-flag' on page 16 undefined on input line 7.


LaTeX Warning: Reference `eq:ecr-overlap' on page 16 undefined on input line 7.



LaTeX Warning: Reference `eq:rho-edge-outcome' on page 16 undefined on input li
ne 7.


LaTeX Warning: Reference `eq:tbvr' on page 16 undefined on input line 7.

) (results/tables/dag_audit_summary.tex)

LaTeX Warning: Reference `tab:leakage-metrics' on page 16 undefined on input li
ne 1082.


LaTeX Warning: Reference `sec:leakage' on page 16 undefined on input line 1089.



LaTeX Warning: Reference `sec:threats-validity' on page 16 undefined on input l
ine 1097.


LaTeX Warning: Reference `tab:dag-audit' on page 16 undefined on input line 109
9.


Underfull \vbox (badness 10000) has occurred while \output is active []

 [16]

LaTeX Warning: Reference `tab:dag-audit' on page 17 undefined on input line 110
7.

<results/figures/fig_kt_graph_junyi.pdf, id=158, 296.307pt x 223.67941pt>
File: results/figures/fig_kt_graph_junyi.pdf Graphic file (type pdf)
<use results/figures/fig_kt_graph_junyi.pdf>
Package pdftex.def Info: results/figures/fig_kt_graph_junyi.pdf  used on input 
line 1112.
(pdftex.def)             Requested size: 230.63818pt x 174.11086pt.

LaTeX Warning: Reference `fig:kt-graph-junyi' on page 17 undefined on input lin
e 1120.


LaTeX Warning: Reference `tab:dag-audit' on page 17 undefined on input line 113
1.


LaTeX Warning: Reference `sec:formal-problem' on page 17 undefined on input lin
e 1138.


Underfull \vbox (badness 10000) has occurred while \output is active []

 [17]
(results/tables/baseline_results.tex

LaTeX Warning: Reference `tab:baseline-cv' on page 18 undefined on input line 1
0.


LaTeX Warning: Reference `tab:baseline-cv' on page 18 undefined on input line 1
0.

)

LaTeX Warning: Reference `tab:baseline-summary' on page 18 undefined on input l
ine 1151.


LaTeX Warning: Reference `sec:datasets' on page 18 undefined on input line 1153
.


LaTeX Warning: Reference `sec:disc-model-specific' on page 18 undefined on inpu
t line 1161.


Underfull \vbox (badness 10000) has occurred while \output is active []

 [18 <./results/figures/fig_kt_graph_junyi.pdf>]

Package hyperref Warning: Difference (2) between bookmark levels is greater 
(hyperref)                than one, level fixed on input line 1167.


Package natbib Warning: Citation `nakagawa2019gkt' on page 19 undefined on inpu
t line 1181.


Package natbib Warning: Citation `tong2020skt' on page 19 undefined on input li
ne 1181.

(results/tables/baseline_cv_template.tex)

LaTeX Warning: Reference `tab:baseline-cv' on page 19 undefined on input line 1
185.


LaTeX Warning: Reference `tab:baseline-summary' on page 19 undefined on input l
ine 1186.


LaTeX Warning: Reference `tab:baseline-cv' on page 19 undefined on input line 1
190.


LaTeX Warning: Reference `sec:disc-model-specific' on page 19 undefined on inpu
t line 1196.


Underfull \vbox (badness 10000) has occurred while \output is active []

 [19]
(results/tables/graph_ablation.tex)

LaTeX Warning: Reference `tab:graph-ablation' on page 20 undefined on input lin
e 1208.


Underfull \vbox (badness 10000) has occurred while \output is active []

 [20]
<results/figures/fig_ddr_junyi.pdf, id=227, 542.025pt x 361.35pt>
File: results/figures/fig_ddr_junyi.pdf Graphic file (type pdf)
<use results/figures/fig_ddr_junyi.pdf>
Package pdftex.def Info: results/figures/fig_ddr_junyi.pdf  used on input line 
1224.
(pdftex.def)             Requested size: 267.84045pt x 178.56279pt.

(results/tables/ddr_raw.tex

LaTeX Warning: Reference `sec:ddr' on page 21 undefined on input line 8.


LaTeX Warning: Reference `sec:ddr' on page 21 undefined on input line 8.

)

LaTeX Warning: Reference `fig:ddr-junyi' on page 21 undefined on input line 123
9.


LaTeX Warning: Reference `tab:ddr-raw' on page 21 undefined on input line 1239.



LaTeX Font Warning: Font shape `OT1/cmr/bx/scit' undefined
(Font)              using `OT1/cmr/bx/sc' instead on input line 1256.


LaTeX Font Warning: Font shape `OT1/cmr/bx/sc' undefined
(Font)              using `OT1/cmr/bx/n' instead on input line 1256.


Package hyperref Warning: Difference (2) between bookmark levels is greater 
(hyperref)                than one, level fixed on input line 1256.


Underfull \vbox (badness 10000) has occurred while \output is active []


Underfull \vbox (badness 10000) has occurred while \output is active []

 [21 <./results/figures/fig_ddr_junyi.pdf>]
Underfull \hbox (badness 10000) in paragraph at lines 1287--1300
[]\OT1/cmr/m/n/10 The rel-a-tive order-ing $[]([]) \OML/cmm/m/it/10.03749 < []\
OT1/cmr/m/n/10 ([]) \U/msa/m/n/10.03749 .
 []


Underfull \vbox (badness 10000) has occurred while \output is active []

 [22]
(results/tables/ddr_downstream.tex)

LaTeX Warning: Reference `tab:ddr-downstream' on page 23 undefined on input lin
e 1304.


Underfull \hbox (badness 3635) in paragraph at lines 1304--1314
\OT1/cmr/m/n/10 on ASSIST-ments 2012 and XES3G5M (three folds; \OT1/cmtt/m/n/10
.03749 edge[]drop\OT1/cmr/m/n/10 , \OT1/cmtt/m/n/10.03749 node[]drop\OT1/cmr/m/
n/10 ,
 []

(results/tables/cold_start_summary.tex)

LaTeX Warning: Reference `tab:cold-start-summary' on page 23 undefined on input
 line 1317.

<results/figures/fig_cold_kc_ego_xes3g5m.pdf, id=292, 383.69284pt x 238.1334pt>

File: results/figures/fig_cold_kc_ego_xes3g5m.pdf Graphic file (type pdf)
<use results/figures/fig_cold_kc_ego_xes3g5m.pdf>
Package pdftex.def Info: results/figures/fig_cold_kc_ego_xes3g5m.pdf  used on i
nput line 1331.
(pdftex.def)             Requested size: 178.55841pt x 110.81808pt.
<results/figures/fig_learner_timeline_xes3g5m.pdf, id=293, 383.031pt x 150.0182
2pt>
File: results/figures/fig_learner_timeline_xes3g5m.pdf Graphic file (type pdf)
<use results/figures/fig_learner_timeline_xes3g5m.pdf>
Package pdftex.def Info: results/figures/fig_learner_timeline_xes3g5m.pdf  used
 on input line 1337.
(pdftex.def)             Requested size: 178.55841pt x 69.93628pt.

LaTeX Warning: Reference `tab:cold-start-summary' on page 23 undefined on input
 line 1351.


LaTeX Warning: Reference `sec:cold-start' on page 23 undefined on input line 13
51.


LaTeX Warning: Reference `tab:cold-start-summary' on page 23 undefined on input
 line 1351.


LaTeX Warning: Reference `sec:cold-start' on page 23 undefined on input line 13
51.


Underfull \vbox (badness 10000) has occurred while \output is active []

 [23]

LaTeX Warning: Reference `fig:coldstart-viz' on page 24 undefined on input line
 1355.


LaTeX Warning: Reference `tab:cold-start-summary' on page 24 undefined on input
 line 1355.


Underfull \vbox (badness 10000) has occurred while \output is active []

 [24 <./results/figures/fig_cold_kc_ego_xes3g5m.pdf> <./results/figures/fig_lea
rner_timeline_xes3g5m.pdf>]

Package hyperref Warning: Difference (2) between bookmark levels is greater 
(hyperref)                than one, level fixed on input line 1360.


LaTeX Warning: Reference `sec:graph' on page 25 undefined on input line 1361.


Package natbib Warning: Citation `junyi_dataset' on page 25 undefined on input 
line 1376.


LaTeX Warning: Reference `sec:gtxv-protocol' on page 25 undefined on input line
 1382.


LaTeX Warning: Reference `sec:exp-audit' on page 25 undefined on input line 139
1.

(results/tables/gt_validation_table.tex)
<results/figures/fig_pr_curve.pdf, id=407, 433.62pt x 289.08pt>
File: results/figures/fig_pr_curve.pdf Graphic file (type pdf)
<use results/figures/fig_pr_curve.pdf>
Package pdftex.def Info: results/figures/fig_pr_curve.pdf  used on input line 1
398.
(pdftex.def)             Requested size: 241.79773pt x 161.19998pt.

Underfull \hbox (badness 3815) in paragraph at lines 1403--1403
[]\OT1/cmr/bx/n/10.03749 Fig. 8\OT1/cmr/m/n/10 : |Edge-level pre-ci-sion and re
call of train-only inferred $\OML/cmm/m/it/10.03749 E[]$ \OT1/cmr/m/n/10 ver-su
s
 []


Underfull \hbox (badness 4673) in paragraph at lines 1403--1403
\OT1/cmr/m/n/10 the expert pre-req-ui-site anno-ta-tion on Junyi, across top-$\
OML/cmm/m/it/10.03749 K$ \OT1/cmr/m/n/10 cut-offs $\OML/cmm/m/it/10.03749 K \OM
S/cmsy/m/n/10.03749 2
 []


LaTeX Warning: Reference `tab:gt-validation' on page 25 undefined on input line
 1407.


LaTeX Warning: Reference `fig:gt-pr-curve' on page 25 undefined on input line 1
407.


Underfull \vbox (badness 10000) has occurred while \output is active []

 [25]

LaTeX Warning: Reference `tab:baseline-summary' on page 26 undefined on input l
ine 1424.


LaTeX Warning: Reference `tab:baseline-cv' on page 26 undefined on input line 1
425.


LaTeX Warning: Reference `sec:datasets' on page 26 undefined on input line 1427
.


LaTeX Warning: Reference `tab:baseline-cv' on page 26 undefined on input line 1
435.


LaTeX Warning: Reference `tab:graph-ablation' on page 26 undefined on input lin
e 1446.


Underfull \vbox (badness 10000) has occurred while \output is active []

 [26 <./results/figures/fig_pr_curve.pdf>]

Package hyperref Warning: Difference (2) between bookmark levels is greater 
(hyperref)                than one, level fixed on input line 1455.


LaTeX Warning: Reference `tab:graph-ablation' on page 27 undefined on input lin
e 1460.


LaTeX Warning: Reference `tab:graph-ablation' on page 27 undefined on input lin
e 1467.


LaTeX Warning: Reference `sec:exp-coldstart' on page 27 undefined on input line
 1473.


LaTeX Warning: Reference `tab:cold-start-summary' on page 27 undefined on input
 line 1475.


Underfull \vbox (badness 10000) has occurred while \output is active []

 [27]

LaTeX Warning: Reference `sec:exp-gtxv' on page 28 undefined on input line 1506
.


Package natbib Warning: Citation `liu2022pykt' on page 28 undefined on input li
ne 1513.


Package natbib Warning: Citation `tong2020skt' on page 28 undefined on input li
ne 1519.


Package natbib Warning: Citation `dygkt2024' on page 28 undefined on input line
 1519.


Package natbib Warning: Citation `dgekt2024' on page 28 undefined on input line
 1519.


LaTeX Warning: Reference `sec:future-work' on page 28 undefined on input line 1
521.


Package hyperref Warning: Difference (2) between bookmark levels is greater 
(hyperref)                than one, level fixed on input line 1526.


Package natbib Warning: Citation `choi2020ednet' on page 28 undefined on input 
line 1529.


LaTeX Warning: Reference `sec:exp-ddr-downstream' on page 28 undefined on input
 line 1545.


Underfull \vbox (badness 10000) has occurred while \output is active []

 [28]

LaTeX Warning: Reference `fig:kt-graph-junyi' on page 29 undefined on input lin
e 1562.


LaTeX Warning: Reference `fig:coldstart-viz' on page 29 undefined on input line
 1563.


LaTeX Warning: Reference `tab:cold-start-summary' on page 29 undefined on input
 line 1567.


LaTeX Warning: Reference `sec:exp-coldstart' on page 29 undefined on input line
 1576.


LaTeX Warning: Reference `tab:graph-ablation' on page 29 undefined on input lin
e 1581.


LaTeX Warning: Reference `sec:future-work' on page 29 undefined on input line 1
593.


LaTeX Warning: Reference `sec:exp-gtxv' on page 29 undefined on input line 1597
.


Underfull \vbox (badness 10000) has occurred while \output is active []


Underfull \vbox (badness 10000) has occurred while \output is active []

 [29]

LaTeX Warning: Reference `sec:disc-model-specific' on page 30 undefined on inpu
t line 1612.


LaTeX Warning: Reference `sec:exp-gtxv' on page 30 undefined on input line 1633
.


LaTeX Warning: Reference `tab:graph-ablation' on page 30 undefined on input lin
e 1642.


LaTeX Warning: Reference `sec:exp-audit' on page 30 undefined on input line 164
3.


LaTeX Warning: Reference `tab:leakage-metrics' on page 30 undefined on input li
ne 1644.


LaTeX Warning: Reference `sec:formal-problem' on page 30 undefined on input lin
e 1650.


Underfull \vbox (badness 10000) has occurred while \output is active []

 [30]

LaTeX Warning: Reference `tab:baseline-cv' on page 31 undefined on input line 1
670.


Package hyperref Warning: Difference (2) between bookmark levels is greater 
(hyperref)                than one, level fixed on input line 1672.


LaTeX Warning: Reference `tab:baseline-cv' on page 31 undefined on input line 1
675.


LaTeX Warning: Reference `sec:exp-injection' on page 31 undefined on input line
 1682.


LaTeX Warning: Reference `tab:baseline-summary' on page 31 undefined on input l
ine 1686.


LaTeX Warning: Reference `eq:rho-edge-outcome' on page 31 undefined on input li
ne 1703.


Underfull \vbox (badness 10000) has occurred while \output is active []

 [31]

LaTeX Warning: Reference `sec:disc-implications' on page 32 undefined on input 
line 1739.


LaTeX Warning: Reference `sec:future-work' on page 32 undefined on input line 1
740.


Package hyperref Warning: Difference (4) between bookmark levels is greater 
(hyperref)                than one, level fixed on input line 1749.


Underfull \vbox (badness 10000) has occurred while \output is active []

 [32]

LaTeX Warning: Reference `fig:coldstart-viz' on page 33 undefined on input line
 1802.

No file main_APIN_build.bbl.

Package natbib Warning: There were undefined citations.


Underfull \vbox (badness 10000) has occurred while \output is active []

 [33]
(D:\0. NCS\CODE\p0_project\paper\main_APIN_build.aux)
 ***********
LaTeX2e <2025-11-01>
L3 programming layer <2025-12-24>
 ***********


LaTeX Font Warning: Some font shapes were not available, defaults substituted.


LaTeX Warning: There were undefined references.


LaTeX Warning: Label(s) may have changed. Rerun to get cross-references right.


Package rerunfilecheck Warning: File `main_APIN_build.out' has changed.
(rerunfilecheck)                Rerun to get outlines right
(rerunfilecheck)                or use package `bookmark'.

Package rerunfilecheck Info: Checksums for `main_APIN_build.out':
(rerunfilecheck)             Before: <no file>
(rerunfilecheck)             After:  7406F9BB838E9D4DC94EF6FB75CD3635;10657.
 ) 
Here is how much of TeX's memory you used:
 31816 strings out of 467871
 647239 string characters out of 5437130
 1044859 words of memory out of 5000000
 60055 multiletter control sequences out of 15000+600000
 657791 words of font info for 152 fonts, out of 8000000 for 9000
 1151 hyphenation exceptions out of 8191
 90i,24n,94p,902b,1174s stack positions out of 10000i,1000n,20000p,200000b,200000s
 <C:\Users\tuanymc\AppData\Local\MiKTeX\fonts/pk/ljfour/jknappen/ec/dpi602\tc
rm1000.pk><d:/0./fonts/type1/public/amsfonts/cm/cmbsy10.pfb><d:/0./fonts/type1/
public/amsfonts/cm/cmbx10.pfb><d:/0./fonts/type1/public/amsfonts/cm/cmbx12.pfb>
<d:/0./fonts/type1/public/amsfonts/cm/cmbx7.pfb><d:/0./fonts/type1/public/amsfo
nts/cm/cmbx8.pfb><d:/0./fonts/type1/public/amsfonts/cm/cmbx9.pfb><d:/0./fonts/t
ype1/public/amsfonts/cm/cmbxti10.pfb><d:/0./fonts/type1/public/amsfonts/cm/cmcs
c10.pfb><d:/0./fonts/type1/public/amsfonts/cm/cmex10.pfb><d:/0./fonts/type1/pub
lic/amsfonts/cm/cmmi10.pfb><d:/0./fonts/type1/public/amsfonts/cm/cmmi5.pfb><d:/
0./fonts/type1/public/amsfonts/cm/cmmi7.pfb><d:/0./fonts/type1/public/amsfonts/
cm/cmmi9.pfb><d:/0./fonts/type1/public/amsfonts/cm/cmmib10.pfb><d:/0./fonts/typ
e1/public/amsfonts/cm/cmr10.pfb><d:/0./fonts/type1/public/amsfonts/cm/cmr12.pfb
><d:/0./fonts/type1/public/amsfonts/cm/cmr17.pfb><d:/0./fonts/type1/public/amsf
onts/cm/cmr5.pfb><d:/0./fonts/type1/public/amsfonts/cm/cmr7.pfb><d:/0./fonts/ty
pe1/public/amsfonts/cm/cmr8.pfb><d:/0./fonts/type1/public/amsfonts/cm/cmr9.pfb>
<d:/0./fonts/type1/public/amsfonts/cm/cmsy10.pfb><d:/0./fonts/type1/public/amsf
onts/cm/cmsy7.pfb><d:/0./fonts/type1/public/amsfonts/cm/cmsy9.pfb><d:/0./fonts/
type1/public/amsfonts/cm/cmti10.pfb><d:/0./fonts/type1/public/amsfonts/cm/cmti7
.pfb><d:/0./fonts/type1/public/amsfonts/cm/cmti9.pfb><d:/0./fonts/type1/public/
amsfonts/cm/cmtt10.pfb><d:/0./fonts/type1/public/amsfonts/cm/cmtt8.pfb><d:/0./f
onts/type1/public/amsfonts/symbols/msam10.pfb><d:/0./fonts/type1/public/amsfont
s/symbols/msbm10.pfb>
Output written on "D:\0. NCS\CODE\p0_project\paper\main_APIN_build.pdf" (33 pag
es, 644353 bytes).
PDF statistics:
 670 PDF objects out of 1000 (max. 8388607)
 135 named destinations out of 1000 (max. 500000)
 38 words of extra memory for PDF output out of 10000 (max. 10000000)

