\BOOKMARK [1][]{section.1}{\376\377\000I\000n\000t\000r\000o\000d\000u\000c\000t\000i\000o\000n}{}% 1
\BOOKMARK [2][]{section*.2}{\376\377\000W\000h\000a\000t\000\040\000a\000\040\000p\000r\000a\000c\000t\000i\000t\000i\000o\000n\000e\000r\000\040\000d\000o\000e\000s\000\040\000d\000i\000f\000f\000e\000r\000e\000n\000t\000l\000y\000.}{section.1}% 2
\BOOKMARK [1][]{section.2}{\376\377\000R\000e\000l\000a\000t\000e\000d\000\040\000W\000o\000r\000k}{}% 3
\BOOKMARK [2][]{section*.4}{\376\377\000P\000o\000s\000i\000t\000i\000o\000n\000i\000n\000g\000\040\000a\000g\000a\000i\000n\000s\000t\000\040\000r\000e\000p\000r\000o\000d\000u\000c\000i\000b\000i\000l\000i\000t\000y\000\040\000a\000n\000d\000\040\000g\000r\000a\000p\000h\000-\000a\000u\000d\000i\000t\000\040\000p\000r\000a\000c\000t\000i\000c\000e\000.}{section.2}% 4
\BOOKMARK [1][]{section.3}{\376\377\000P\000r\000o\000t\000o\000c\000o\000l}{}% 5
\BOOKMARK [2][]{subsection.3.1}{\376\377\000F\000o\000r\000m\000a\000l\000\040\000P\000r\000o\000b\000l\000e\000m\000\040\000S\000t\000a\000t\000e\000m\000e\000n\000t\000\040\000a\000n\000d\000\040\000L\000e\000a\000k\000a\000g\000e\000\040\000A\000u\000d\000i\000t}{section.3}% 6
\BOOKMARK [3][]{section*.7}{\376\377\000D\000e\000c\000i\000s\000i\000o\000n\000\040\000v\000a\000r\000i\000a\000b\000l\000e\000s\000.}{subsection.3.1}% 7
\BOOKMARK [4][]{section*.8}{\376\377\000D\000e\000s\000i\000g\000n\000\040\000i\000n\000t\000e\000n\000t\000\040\000\050\000n\000o\000t\000\040\000a\000\040\000d\000e\000p\000l\000o\000y\000e\000d\000\040\000s\000o\000l\000v\000e\000r\000\051\000.}{section*.7}% 8
\BOOKMARK [4][]{section*.9}{\376\377\000C\000o\000n\000s\000t\000r\000a\000i\000n\000t\000s\000.}{section*.7}% 9
\BOOKMARK [4][]{section*.10}{\376\377\000A\000u\000d\000i\000t\000\040\000f\000u\000n\000c\000t\000i\000o\000n\000a\000l\000s\000\040\000\050\000d\000i\000a\000g\000n\000o\000s\000t\000i\000c\000s\000,\000\040\000n\000o\000t\000\040\000t\000r\000a\000i\000n\000i\000n\000g\000\040\000l\000o\000s\000s\000e\000s\000\051\000.}{section*.7}% 10
\BOOKMARK [2][]{subsection.3.2}{\376\377\000L\000e\000a\000k\000a\000g\000e\000\040\000C\000o\000n\000t\000r\000o\000l}{section.3}% 11
\BOOKMARK [2][]{subsection.3.3}{\376\377\000G\000r\000a\000p\000h\000\040\000R\000e\000p\000r\000e\000s\000e\000n\000t\000a\000t\000i\000o\000n\000\040\000f\000o\000r\000\040\000K\000n\000o\000w\000l\000e\000d\000g\000e\000\040\000T\000r\000a\000c\000i\000n\000g}{section.3}% 12
\BOOKMARK [3][]{section*.13}{\376\377\000S\000c\000a\000l\000a\000b\000i\000l\000i\000t\000y\000\040\000l\000i\000m\000i\000t\000s\000.}{subsection.3.3}% 13
\BOOKMARK [2][]{subsection.3.4}{\376\377\000T\000r\000a\000i\000n\000-\000o\000n\000l\000y\000\040\000G\000r\000a\000p\000h\000\040\000C\000o\000n\000s\000t\000r\000u\000c\000t\000i\000o\000n}{section.3}% 14
\BOOKMARK [3][]{section*.16}{\376\377\000P\000r\000e\000r\000e\000q\000u\000i\000s\000i\000t\000e\000\040\000e\000d\000g\000e\000s\000\040\000E\000p\000r\000e\000.}{subsection.3.4}% 15
\BOOKMARK [4][]{section*.18}{\376\377\000S\000i\000m\000i\000l\000a\000r\000i\000t\000y\000\040\000e\000d\000g\000e\000s\000\040\000E\000s\000i\000m\000\040\000a\000n\000d\000\040\000t\000h\000e\000o\000r\000e\000t\000i\000c\000a\000l\000\040\000p\000r\000o\000p\000e\000r\000t\000i\000e\000s\000.}{section*.16}% 16
\BOOKMARK [2][]{subsection.3.5}{\376\377\000D\000A\000G\000\040\000A\000u\000d\000i\000t}{section.3}% 17
\BOOKMARK [2][]{subsection.3.6}{\376\377\000D\000A\000G\000\040\000D\000i\000s\000r\000u\000p\000t\000i\000o\000n\000\040\000R\000a\000t\000e\000\040\000a\000n\000d\000\040\000A\000u\000g\000m\000e\000n\000t\000a\000t\000i\000o\000n\000\040\000O\000p\000e\000r\000a\000t\000o\000r\000s}{section.3}% 18
\BOOKMARK [2][]{subsection.3.7}{\376\377\000C\000o\000l\000d\000-\000s\000t\000a\000r\000t\000\040\000K\000C\000\040\000S\000t\000r\000a\000t\000i\000f\000i\000c\000a\000t\000i\000o\000n}{section.3}% 19
\BOOKMARK [2][]{subsection.3.8}{\376\377\000G\000r\000o\000u\000n\000d\000-\000T\000r\000u\000t\000h\000\040\000C\000r\000o\000s\000s\000-\000V\000a\000l\000i\000d\000a\000t\000i\000o\000n}{section.3}% 20
\BOOKMARK [2][]{subsection.3.9}{\376\377\000C\000o\000m\000p\000a\000r\000i\000s\000o\000n\000\040\000w\000i\000t\000h\000\040\000c\000o\000m\000m\000o\000n\000\040\000K\000C\000-\000g\000r\000a\000p\000h\000\040\000p\000r\000a\000c\000t\000i\000c\000e\000s}{section.3}% 21
\BOOKMARK [1][]{section.4}{\376\377\000E\000x\000p\000e\000r\000i\000m\000e\000n\000t\000s}{}% 22
\BOOKMARK [2][]{subsection.4.1}{\376\377\000D\000a\000t\000a\000s\000e\000t\000s}{section.4}% 23
\BOOKMARK [3][]{section*.21}{\376\377\000B\000e\000n\000c\000h\000m\000a\000r\000k\000\040\000r\000o\000l\000e\000s\000.}{subsection.4.1}% 24
\BOOKMARK [4][]{section*.24}{\376\377\000B\000e\000n\000c\000h\000m\000a\000r\000k\000\040\000r\000e\000p\000e\000t\000i\000t\000i\000v\000e\000n\000e\000s\000s\000.}{section*.21}% 25
\BOOKMARK [2][]{subsection.4.2}{\376\377\000L\000e\000a\000k\000a\000g\000e\000\040\000a\000n\000d\000\040\000D\000A\000G\000\040\000A\000u\000d\000i\000t}{section.4}% 26
\BOOKMARK [2][]{subsection.4.3}{\376\377\000C\000o\000n\000t\000r\000o\000l\000l\000e\000d\000\040\000t\000e\000s\000t\000-\000f\000o\000l\000d\000\040\000e\000d\000g\000e\000\040\000i\000n\000j\000e\000c\000t\000i\000o\000n}{section.4}% 27
\BOOKMARK [3][]{section*.30}{\376\377\000W\000o\000r\000k\000e\000d\000\040\000e\000x\000a\000m\000p\000l\000e\000:\000\040\000r\000e\000a\000d\000i\000n\000g\000\040\000i\000n\000j\000e\000c\000t\000i\000o\000n\000\040\000a\000s\000\040\000t\000h\000r\000o\000u\000g\000h\000p\000u\000t\000.}{subsection.4.3}% 28
\BOOKMARK [2][]{subsection.4.4}{\376\377\000B\000a\000s\000e\000l\000i\000n\000e\000\040\000D\000i\000a\000g\000n\000o\000s\000t\000i\000c}{section.4}% 29
\BOOKMARK [3][]{section*.35}{\376\377\000T\000r\000a\000i\000n\000i\000n\000g\000\040\000p\000a\000r\000i\000t\000y\000\040\000a\000n\000d\000\040\000c\000o\000m\000p\000a\000r\000i\000s\000o\000n\000\040\000s\000c\000o\000p\000e\000.}{subsection.4.4}% 30
\BOOKMARK [2][]{subsection.4.5}{\376\377\000G\000r\000a\000p\000h\000\040\000C\000o\000n\000s\000t\000r\000u\000c\000t\000i\000o\000n\000\040\000A\000b\000l\000a\000t\000i\000o\000n\000\040\000\050\000T\000r\000a\000i\000n\000-\000o\000n\000l\000y\000\040\000v\000s\000.\000\040\000F\000u\000l\000l\000\040\000L\000o\000g\000\051}{section.4}% 31
\BOOKMARK [2][]{subsection.4.6}{\376\377\000D\000A\000G\000\040\000D\000i\000s\000r\000u\000p\000t\000i\000o\000n\000\040\000R\000a\000t\000e}{section.4}% 32
\BOOKMARK [3][]{section*.43}{\376\377\000D\000D\000R\000\040\000i\000s\000\040\000a\000n\000\040\000o\000p\000e\000r\000a\000t\000o\000r\000-\000l\000e\000v\000e\000l\000\040\000s\000t\000r\000u\000c\000t\000u\000r\000a\000l\000\040\000d\000i\000a\000g\000n\000o\000s\000t\000i\000c\000,\000\040\000n\000o\000t\000\040\000a\000\040\000t\000a\000u\000t\000o\000l\000o\000g\000y\000.}{subsection.4.6}% 33
\BOOKMARK [2][]{subsection.4.7}{\376\377\000D\000D\000R\000\040\000D\000o\000w\000n\000s\000t\000r\000e\000a\000m\000\040\000S\000t\000r\000e\000s\000s\000\040\000T\000e\000s\000t}{section.4}% 34
\BOOKMARK [3][]{section*.48}{\376\377\000L\000o\000w\000-\000r\000e\000l\000i\000a\000n\000c\000e\000\040\000a\000n\000c\000h\000o\000r\000s\000\040\000\050\000D\000G\000E\000K\000T\000\040\000e\000v\000e\000r\000y\000w\000h\000e\000r\000e\000;\000\040\000G\000K\000T\000\040\000o\000n\000\040\000A\000S\000S\000I\000S\000T\000m\000e\000n\000t\000s\000\051\000.}{subsection.4.7}% 35
\BOOKMARK [4][]{section*.49}{\376\377\000G\000r\000a\000p\000h\000-\000r\000e\000l\000i\000a\000n\000t\000\040\000b\000a\000c\000k\000b\000o\000n\000e\000\040\000\050\000G\000K\000T\000\040\000o\000n\000\040\000X\000E\000S\0003\000G\0005\000M\000\051\000:\000\040\000D\000D\000R\000\040\000p\000r\000e\000d\000i\000c\000t\000s\000\040\000A\000U\000C\000\040\000l\000o\000s\000s\000.}{section*.48}% 36
\BOOKMARK [2][]{subsection.4.8}{\376\377\000C\000o\000l\000d\000-\000s\000t\000a\000r\000t\000\040\000K\000C\000\040\000D\000i\000a\000g\000n\000o\000s\000t\000i\000c}{section.4}% 37
\BOOKMARK [3][]{section*.53}{\376\377\000S\000i\000m\000i\000l\000a\000r\000i\000t\000y\000\040\000e\000d\000g\000e\000s\000\040\000a\000n\000d\000\040\000d\000a\000t\000a\000s\000e\000t\000\040\000p\000r\000o\000p\000e\000r\000t\000i\000e\000s\000.}{subsection.4.8}% 38
\BOOKMARK [2][]{subsection.4.9}{\376\377\000G\000r\000o\000u\000n\000d\000-\000T\000r\000u\000t\000h\000\040\000C\000r\000o\000s\000s\000-\000V\000a\000l\000i\000d\000a\000t\000i\000o\000n\000\040\000o\000n\000\040\000J\000u\000n\000y\000i}{section.4}% 39
\BOOKMARK [1][]{section.5}{\376\377\000D\000i\000s\000c\000u\000s\000s\000i\000o\000n}{}% 40
\BOOKMARK [2][]{subsection.5.1}{\376\377\000M\000o\000d\000e\000l\000-\000s\000p\000e\000c\000i\000f\000i\000c\000\040\000g\000r\000a\000p\000h\000\040\000b\000e\000n\000e\000f\000i\000t\000\040\000u\000n\000d\000e\000r\000\040\000l\000e\000a\000k\000a\000g\000e\000-\000c\000o\000n\000t\000r\000o\000l\000l\000e\000d\000\040\000e\000v\000a\000l\000u\000a\000t\000i\000o\000n}{section.5}% 41
\BOOKMARK [3][]{section*.57}{\376\377\000H\0001\000\040\040\023\000\040\000L\000e\000a\000k\000a\000g\000e\000\040\000i\000n\000\040\000p\000r\000i\000o\000r\000\040\000e\000v\000a\000l\000u\000a\000t\000i\000o\000n\000s\000.}{subsection.5.1}% 42
\BOOKMARK [4][]{section*.58}{\376\377\000H\0002\000\040\040\023\000\040\000A\000g\000g\000r\000e\000g\000a\000t\000e\000-\000m\000e\000t\000r\000i\000c\000\040\000m\000a\000s\000k\000i\000n\000g\000.}{section*.57}% 43
\BOOKMARK [4][]{section*.59}{\376\377\000H\0003\000\040\040\023\000\040\000S\000t\000r\000o\000n\000g\000-\000b\000a\000c\000k\000b\000o\000n\000e\000\040\000s\000u\000b\000s\000t\000i\000t\000u\000t\000i\000o\000n\000.}{section*.57}% 44
\BOOKMARK [4][]{section*.60}{\376\377\000W\000h\000y\000\040\000t\000h\000i\000s\000\040\000s\000t\000r\000e\000n\000g\000t\000h\000e\000n\000s\000\040\000t\000h\000e\000\040\000p\000r\000o\000t\000o\000c\000o\000l\000.}{section*.57}% 45
\BOOKMARK [4][]{section*.61}{\376\377\000C\000a\000v\000e\000a\000t\000s\000.}{section*.57}% 46
\BOOKMARK [2][]{subsection.5.2}{\376\377\000B\000r\000o\000a\000d\000e\000r\000\040\000i\000m\000p\000l\000i\000c\000a\000t\000i\000o\000n\000s}{section.5}% 47
\BOOKMARK [3][]{section*.62}{\376\377\000S\000c\000a\000l\000a\000b\000i\000l\000i\000t\000y\000\040\000a\000n\000d\000\040\000b\000r\000o\000a\000d\000e\000r\000\040\000d\000o\000m\000a\000i\000n\000s\000.}{subsection.5.2}% 48
\BOOKMARK [4][]{section*.63}{\376\377\000I\000m\000p\000l\000i\000c\000a\000t\000i\000o\000n\000s\000\040\000f\000o\000r\000\040\000g\000r\000a\000p\000h\000-\000e\000n\000h\000a\000n\000c\000e\000d\000\040\000K\000T\000.}{section*.62}% 49
\BOOKMARK [4][]{section*.64}{\376\377\000C\000o\000l\000d\000-\000s\000t\000a\000r\000t\000\040\000r\000e\000p\000o\000r\000t\000i\000n\000g\000.}{section*.62}% 50
\BOOKMARK [4][]{section*.65}{\376\377\000L\000e\000a\000k\000a\000g\000e\000\040\000r\000i\000s\000k\000\040\000c\000o\000n\000c\000e\000n\000t\000r\000a\000t\000e\000s\000\040\000a\000t\000\040\000c\000o\000l\000d\000-\000s\000t\000a\000r\000t\000\040\000K\000C\000s\000.}{section*.62}% 51
\BOOKMARK [4][]{section*.66}{\376\377\000F\000r\000o\000m\000\040\000a\000u\000d\000i\000t\000\040\000s\000i\000g\000n\000a\000l\000\040\000t\000o\000\040\000d\000e\000p\000l\000o\000y\000m\000e\000n\000t\000\040\000a\000c\000t\000i\000o\000n\000.}{section*.62}% 52
\BOOKMARK [4][]{section*.69}{\376\377\000D\000e\000p\000l\000o\000y\000m\000e\000n\000t\000\040\000d\000e\000c\000i\000s\000i\000o\000n\000\040\000v\000i\000g\000n\000e\000t\000t\000e\000s\000.}{section*.62}% 53
\BOOKMARK [4][]{section*.70}{\376\377\000B\000e\000h\000a\000v\000i\000o\000u\000r\000a\000l\000\040\000v\000e\000r\000s\000u\000s\000\040\000e\000x\000p\000e\000r\000t\000\040\000p\000r\000e\000r\000e\000q\000u\000i\000s\000i\000t\000e\000\040\000c\000u\000r\000a\000t\000i\000o\000n\000.}{section*.62}% 54
\BOOKMARK [4][]{section*.71}{\376\377\000I\000m\000p\000l\000i\000c\000a\000t\000i\000o\000n\000s\000\040\000f\000o\000r\000\040\000g\000r\000a\000p\000h\000-\000K\000T\000\040\000b\000e\000n\000c\000h\000m\000a\000r\000k\000i\000n\000g\000.}{section*.62}% 55
\BOOKMARK [2][]{subsection.5.3}{\376\377\000T\000h\000r\000e\000a\000t\000s\000\040\000t\000o\000\040\000V\000a\000l\000i\000d\000i\000t\000y\000\040\000a\000n\000d\000\040\000M\000e\000t\000r\000i\000c\000\040\000I\000n\000t\000e\000r\000p\000r\000e\000t\000a\000t\000i\000o\000n}{section.5}% 56
\BOOKMARK [3][]{section*.72}{\376\377\000L\000i\000m\000i\000t\000a\000t\000i\000o\000n\000s\000.}{subsection.5.3}% 57
\BOOKMARK [4][]{section*.73}{\376\377\000S\000c\000o\000p\000e\000\040\000o\000f\000\040\000t\000h\000e\000\040\000t\000w\000o\000-\000f\000a\000c\000t\000o\000r\000\040\000c\000l\000a\000i\000m\000.}{section*.72}% 58
\BOOKMARK [2][]{subsection.5.4}{\376\377\000F\000u\000t\000u\000r\000e\000\040\000w\000o\000r\000k}{section.5}% 59
\BOOKMARK [1][]{section.6}{\376\377\000C\000o\000n\000c\000l\000u\000s\000i\000o\000n}{}% 60
\BOOKMARK [1][]{appendix.A}{\376\377\000P\000e\000r\000-\000d\000a\000t\000a\000s\000e\000t\000\040\000b\000a\000s\000e\000l\000i\000n\000e\000\040\000d\000i\000a\000g\000n\000o\000s\000t\000i\000c\000s}{}% 61
\BOOKMARK [1][]{appendix.B}{\376\377\000P\000e\000r\000-\000d\000a\000t\000a\000s\000e\000t\000\040\000g\000r\000a\000p\000h\000\040\000c\000o\000n\000s\000t\000r\000u\000c\000t\000i\000o\000n\000\040\000a\000b\000l\000a\000t\000i\000o\000n}{}% 62
\BOOKMARK [1][]{appendix.C}{\376\377\000P\000a\000i\000r\000e\000d\000\040\000s\000i\000g\000n\000i\000f\000i\000c\000a\000n\000c\000e\000\040\000t\000e\000s\000t\000s\000\040\000\050\000p\000u\000b\000l\000i\000c\000\040\000b\000e\000n\000c\000h\000m\000a\000r\000k\000s\000\051}{}% 63
\BOOKMARK [1][]{appendix.D}{\376\377\000S\000e\000q\000u\000e\000n\000c\000e\000\040\000a\000u\000t\000o\000c\000o\000r\000r\000e\000l\000a\000t\000i\000o\000n\000\040\000a\000n\000a\000l\000y\000s\000i\000s}{}% 64
\BOOKMARK [1][]{appendix.E}{\376\377\000D\000D\000R\000\040\000a\000u\000g\000m\000e\000n\000t\000a\000t\000i\000o\000n\000\040\000o\000p\000e\000r\000a\000t\000o\000r\000\040\000d\000e\000f\000i\000n\000i\000t\000i\000o\000n\000s}{}% 65
\BOOKMARK [1][]{appendix.F}{\376\377\000G\000r\000o\000u\000n\000d\000-\000t\000r\000u\000t\000h\000\040\000d\000i\000s\000a\000g\000r\000e\000e\000m\000e\000n\000t\000\040\000e\000x\000a\000m\000p\000l\000e\000s\000\040\000\050\000J\000u\000n\000y\000i\000\051}{}% 66
\BOOKMARK [1][]{appendix.G}{\376\377\000G\000r\000o\000u\000n\000d\000-\000t\000r\000u\000t\000h\000\040\000m\000e\000t\000r\000i\000c\000s\000\040\000w\000i\000t\000h\000\040\000n\000o\000d\000e\000\040\000J\000a\000c\000c\000a\000r\000d}{}% 67
\BOOKMARK [1][]{appendix.H}{\376\377\000C\000o\000l\000d\000-\000s\000t\000a\000r\000t\000\040\000t\000a\000b\000l\000e\000s\000\040\000\050\000f\000u\000l\000l\000\051}{}% 68
\BOOKMARK [1][]{appendix.I}{\376\377\000D\000D\000R\000\040\000d\000o\000w\000n\000s\000t\000r\000e\000a\000m\000\040\000s\000c\000a\000t\000t\000e\000r\000\040\000p\000l\000o\000t}{}% 69
\BOOKMARK [1][]{appendix.J}{\376\377\000A\000d\000d\000i\000t\000i\000o\000n\000a\000l\000\040\000K\000T\000-\000g\000r\000a\000p\000h\000\040\000f\000i\000g\000u\000r\000e\000s}{}% 70
\BOOKMARK [1][]{appendix.K}{\376\377\000T\000r\000a\000i\000n\000i\000n\000g\000\040\000p\000a\000r\000i\000t\000y}{}% 71
\BOOKMARK [1][]{appendix.L}{\376\377\000A\000U\000C\000\040\000i\000n\000t\000e\000r\000v\000a\000l\000s\000\040\000f\000o\000r\000\040\000p\000r\000i\000m\000a\000r\000y\000\040\000p\000a\000i\000r\000s}{}% 72
\BOOKMARK [1][]{appendix.M}{\376\377\000G\000K\000T\000\040\000e\000p\000o\000c\000h\000-\000e\000x\000t\000e\000n\000d\000e\000d\000\040\000a\000b\000l\000a\000t\000i\000o\000n}{}% 73
\BOOKMARK [1][]{appendix.N}{\376\377\000M\000u\000l\000t\000i\000-\000s\000e\000e\000d\000\040\000G\000K\000T\000\040\000r\000e\000p\000l\000i\000c\000a\000t\000i\000o\000n}{}% 74
\BOOKMARK [1][]{appendix.O}{\376\377\000C\000o\000n\000t\000r\000o\000l\000l\000e\000d\000\040\000L\000e\000a\000k\000\040\000I\000n\000j\000e\000c\000t\000i\000o\000n}{}% 75
\BOOKMARK [1][]{appendix.P}{\376\377\000E\000x\000p\000l\000o\000r\000a\000t\000o\000r\000y\000\040\000A\000N\000O\000V\000A\000\040\000s\000u\000m\000m\000a\000r\000i\000e\000s}{}% 76
\BOOKMARK [2][]{section*.127}{\376\377\000A\000c\000k\000n\000o\000w\000l\000e\000d\000g\000e\000m\000e\000n\000t\000s}{appendix.P}% 77
