This is pdfTeX, Version 3.141592653-2.6-1.40.28 (MiKTeX 25.12) (preloaded format=pdflatex 2026.5.21)  23 MAY 2026 20:05
entering extended mode
 restricted \write18 enabled.
 %&-line parsing enabled.
**./paper/main.tex
(paper/main.tex
LaTeX2e <2025-11-01>
L3 programming layer <2025-12-24>
(d:\0.\tex/latex/llncs\llncs.cls
Document Class: llncs 2025/02/25 v2.26 
 LaTeX document class for Lecture Notes in Computer Science
(d:\0.\tex/latex/base\article.cls
Document Class: article 2025/01/22 v1.4n Standard LaTeX document class
(d:\0.\tex/latex/base\size10.clo
File: size10.clo 2025/01/22 v1.4n Standard LaTeX file (size option)
)
\c@part=\count275
\c@section=\count276
\c@subsection=\count277
\c@subsubsection=\count278
\c@paragraph=\count279
\c@subparagraph=\count280
\c@figure=\count281
\c@table=\count282
\abovecaptionskip=\skip49
\belowcaptionskip=\skip50
\bibindent=\dimen148
) (d:\0.\tex/latex/tools\multicol.sty
Package: multicol 2025/10/21 v2.0b multicolumn formatting (FMi)
\c@tracingmulticols=\count283
\mult@box=\box53
\multicol@leftmargin=\dimen149
\c@unbalance=\count284
\c@collectmore=\count285
\doublecol@number=\count286
\multicoltolerance=\count287
\multicolpretolerance=\count288
\full@width=\dimen150
\page@free=\dimen151
\premulticols=\dimen152
\postmulticols=\dimen153
\multicolsep=\skip51
\multicolbaselineskip=\skip52
\partial@page=\box54
\last@line=\box55
\mc@boxedresult=\box56
\maxbalancingoverflow=\dimen154
\mult@rightbox=\box57
\mult@grightbox=\box58
\mult@firstbox=\box59
\mult@gfirstbox=\box60
\@tempa=\box61
\@tempa=\box62
\@tempa=\box63
\@tempa=\box64
\@tempa=\box65
\@tempa=\box66
\@tempa=\box67
\@tempa=\box68
\@tempa=\box69
\@tempa=\box70
\@tempa=\box71
\@tempa=\box72
\@tempa=\box73
\@tempa=\box74
\@tempa=\box75
\@tempa=\box76
\@tempa=\box77
\@tempa=\box78
\@tempa=\box79
\@tempa=\box80
\@tempa=\box81
\@tempa=\box82
\@tempa=\box83
\@tempa=\box84
\@tempa=\box85
\@tempa=\box86
\@tempa=\box87
\@tempa=\box88
\@tempa=\box89
\@tempa=\box90
\@tempa=\box91
\@tempa=\box92
\@tempa=\box93
\@tempa=\box94
\@tempa=\box95
\@tempa=\box96
\c@minrows=\count289
\c@columnbadness=\count290
\c@finalcolumnbadness=\count291
\last@try=\dimen155
\multicolovershoot=\dimen156
\multicolundershoot=\dimen157
\mult@nat@firstbox=\box97
\colbreak@box=\box98
\mc@col@check@num=\count292
\g__mc_curr_col_int=\count293
)
(d:\0.\tex/latex/oberdiek\aliascnt.sty
Package: aliascnt 2018/09/07 v1.5 Alias counters (HO)
)
\c@chapter=\count294
LaTeX Font Info:    Redeclaring math symbol \Gamma on input line 379.
LaTeX Font Info:    Redeclaring math symbol \Delta on input line 380.
LaTeX Font Info:    Redeclaring math symbol \Theta on input line 381.
LaTeX Font Info:    Redeclaring math symbol \Lambda on input line 382.
LaTeX Font Info:    Redeclaring math symbol \Xi on input line 383.
LaTeX Font Info:    Redeclaring math symbol \Pi on input line 384.
LaTeX Font Info:    Redeclaring math symbol \Sigma on input line 385.
LaTeX Font Info:    Redeclaring math symbol \Upsilon on input line 386.
LaTeX Font Info:    Redeclaring math symbol \Phi on input line 387.
LaTeX Font Info:    Redeclaring math symbol \Psi on input line 388.
LaTeX Font Info:    Redeclaring math symbol \Omega on input line 389.
LaTeX Info: Redefining \vec on input line 394.
\tocchpnum=\dimen158
\tocsecnum=\dimen159
\tocsectotal=\dimen160
\tocsubsecnum=\dimen161
\tocsubsectotal=\dimen162
\tocsubsubsecnum=\dimen163
\tocsubsubsectotal=\dimen164
\tocparanum=\dimen165
\tocparatotal=\dimen166
\tocsubparanum=\dimen167
\@tempcntc=\count295
\fnindent=\dimen168
\c@@inst=\count296
\c@@auth=\count297
\c@auco=\count298
\instindent=\dimen169
\authrun=\box99
\authorrunning=\toks17
\tocauthor=\toks18
\titrun=\box100
\titlerunning=\toks19
\toctitle=\toks20
\c@theorem=\count299
\c@case=\count300
\c@conjecture=\count301
\c@corollary=\count302
\c@definition=\count303
\c@example=\count304
\c@exercise=\count305
\c@lemma=\count306
\c@note=\count307
\c@problem=\count308
\c@property=\count309
\c@proposition=\count310
\c@question=\count311
\c@solution=\count312
\c@remark=\count313
\headlineindent=\dimen170
) (d:\0.\tex/latex/base\fontenc.sty
Package: fontenc 2025/07/18 v2.1d Standard LaTeX package
)
(d:\0.\tex/latex/base\inputenc.sty
Package: inputenc 2024/02/08 v1.3d Input encoding file
\inpenc@prehook=\toks21
\inpenc@posthook=\toks22
) (d:\0.\tex/latex/microtype\microtype.sty
Package: microtype 2026/03/01 v3.2d Micro-typographical refinements (RS)

(d:\0.\tex/latex/graphics\keyval.sty
Package: keyval 2022/05/29 v1.15 key=value parser (DPC)
\KV@toks@=\toks23
) (d:\0.\tex/latex/etoolbox\etoolbox.sty
Package: etoolbox 2025/10/02 v2.5m e-TeX tools for LaTeX (JAW)
\etb@tempcnta=\count314
)
\MT@toks=\toks24
\MT@tempbox=\box101
\MT@count=\count315
LaTeX Info: Redefining \noprotrusionifhmode on input line 1084.
LaTeX Info: Redefining \leftprotrusion on input line 1085.
\MT@prot@toks=\toks25
LaTeX Info: Redefining \rightprotrusion on input line 1104.
LaTeX Info: Redefining \textls on input line 1449.
\MT@outer@kern=\dimen171
LaTeX Info: Redefining \microtypecontext on input line 2053.
LaTeX Info: Redefining \textmicrotypecontext on input line 2070.
\MT@listname@count=\count316

(d:\0.\tex/latex/microtype\microtype-pdftex.def
File: microtype-pdftex.def 2026/03/01 v3.2d Definitions specific to pdftex (RS)

LaTeX Info: Redefining \lsstyle on input line 944.
LaTeX Info: Redefining \lslig on input line 944.
\MT@outer@space=\skip53
)
Package microtype Info: Loading configuration file microtype.cfg.

(d:\0.\tex/latex/microtype\microtype.cfg
File: microtype.cfg 2026/03/01 v3.2d microtype main configuration file (RS)
)
LaTeX Info: Redefining \microtypesetup on input line 3065.
) (d:\0.\tex/latex/amsmath\amsmath.sty
Package: amsmath 2025/07/09 v2.17z AMS math features
\@mathmargin=\skip54
For additional information on amsmath, use the `?' option.
(d:\0.\tex/latex/amsmath\amstext.sty
Package: amstext 2024/11/17 v2.01 AMS text
 (d:\0.\tex/latex/amsmath\amsgen.sty
File: amsgen.sty 1999/11/30 v2.0 generic functions
\@emptytoks=\toks26
\ex@=\dimen172
))
(d:\0.\tex/latex/amsmath\amsbsy.sty
Package: amsbsy 1999/11/29 v1.2d Bold Symbols
\pmbraise@=\dimen173
) (d:\0.\tex/latex/amsmath\amsopn.sty
Package: amsopn 2022/04/08 v2.04 operator names
)
\inf@bad=\count317
LaTeX Info: Redefining \frac on input line 233.
\uproot@=\count318
\leftroot@=\count319
LaTeX Info: Redefining \overline on input line 398.
LaTeX Info: Redefining \colon on input line 409.
\classnum@=\count320
\DOTSCASE@=\count321
LaTeX Info: Redefining \ldots on input line 495.
LaTeX Info: Redefining \dots on input line 498.
LaTeX Info: Redefining \cdots on input line 619.
\Mathstrutbox@=\box102
\strutbox@=\box103
LaTeX Info: Redefining \big on input line 721.
LaTeX Info: Redefining \Big on input line 722.
LaTeX Info: Redefining \bigg on input line 723.
LaTeX Info: Redefining \Bigg on input line 724.
\big@size=\dimen174
LaTeX Font Info:    Redeclaring font encoding OML on input line 742.
LaTeX Font Info:    Redeclaring font encoding OMS on input line 743.


Package amsmath Warning: Unable to redefine math accent \vec.

\macc@depth=\count322
LaTeX Info: Redefining \bmod on input line 904.
LaTeX Info: Redefining \pmod on input line 909.
LaTeX Info: Redefining \smash on input line 939.
LaTeX Info: Redefining \relbar on input line 969.
LaTeX Info: Redefining \Relbar on input line 970.
\c@MaxMatrixCols=\count323
\dotsspace@=\muskip17
\c@parentequation=\count324
\dspbrk@lvl=\count325
\tag@help=\toks27
\row@=\count326
\column@=\count327
\maxfields@=\count328
\andhelp@=\toks28
\eqnshift@=\dimen175
\alignsep@=\dimen176
\tagshift@=\dimen177
\tagwidth@=\dimen178
\totwidth@=\dimen179
\lineht@=\dimen180
\@envbody=\toks29
\multlinegap=\skip55
\multlinetaggap=\skip56
\mathdisplay@stack=\toks30
LaTeX Info: Redefining \[ on input line 2950.
LaTeX Info: Redefining \] on input line 2951.
) (d:\0.\tex/latex/amsfonts\amssymb.sty
Package: amssymb 2013/01/14 v3.01 AMS font symbols
 (d:\0.\tex/latex/amsfonts\amsfonts.sty
Package: amsfonts 2013/01/14 v3.01 Basic AMSFonts support
\symAMSa=\mathgroup4
\symAMSb=\mathgroup5
LaTeX Font Info:    Redeclaring math symbol \hbar on input line 98.
LaTeX Font Info:    Overwriting math alphabet `\mathfrak' in version `bold'
(Font)                  U/euf/m/n --> U/euf/b/n on input line 106.
)) (d:\0.\tex/latex/booktabs\booktabs.sty
Package: booktabs 2020/01/12 v1.61803398 Publication quality tables
\heavyrulewidth=\dimen181
\lightrulewidth=\dimen182
\cmidrulewidth=\dimen183
\belowrulesep=\dimen184
\belowbottomsep=\dimen185
\aboverulesep=\dimen186
\abovetopsep=\dimen187
\cmidrulesep=\dimen188
\cmidrulekern=\dimen189
\defaultaddspace=\dimen190
\@cmidla=\count329
\@cmidlb=\count330
\@aboverulesep=\dimen191
\@belowrulesep=\dimen192
\@thisruleclass=\count331
\@lastruleclass=\count332
\@thisrulewidth=\dimen193
) (d:\0.\tex/latex/tools\tabularx.sty
Package: tabularx 2023/12/11 v2.12a `tabularx' package (DPC)

(d:\0.\tex/latex/tools\array.sty
Package: array 2025/09/25 v2.6n Tabular extension package (FMi)
\col@sep=\dimen194
\ar@mcellbox=\box104
\extrarowheight=\dimen195
\NC@list=\toks31
\extratabsurround=\skip57
\backup@length=\skip58
\ar@cellbox=\box105
)
\TX@col@width=\dimen196
\TX@old@table=\dimen197
\TX@old@col=\dimen198
\TX@target=\dimen199
\TX@delta=\dimen256
\TX@cols=\count333
\TX@ftn=\toks32
) (d:\0.\tex/latex/ragged2e\ragged2e.sty
Package: ragged2e 2023/06/22 v3.6 ragged2e Package
\CenteringLeftskip=\skip59
\RaggedLeftLeftskip=\skip60
\RaggedRightLeftskip=\skip61
\CenteringRightskip=\skip62
\RaggedLeftRightskip=\skip63
\RaggedRightRightskip=\skip64
\CenteringParfillskip=\skip65
\RaggedLeftParfillskip=\skip66
\RaggedRightParfillskip=\skip67
\JustifyingParfillskip=\skip68
\CenteringParindent=\skip69
\RaggedLeftParindent=\skip70
\RaggedRightParindent=\skip71
\JustifyingParindent=\skip72
)
(d:\0.\tex/latex/makecell\makecell.sty
Package: makecell 2009/08/03 V0.1e Managing of Tab Column Heads and Cells
\rotheadsize=\dimen257
\c@nlinenum=\count334
\TeXr@lab=\toks33
) (d:\0.\tex/latex/multirow\multirow.sty
Package: multirow 2024/11/12 v2.9 Span multiple rows of a table
\multirow@colwidth=\skip73
\multirow@cntb=\count335
\multirow@dima=\skip74
\bigstrutjot=\dimen258
) (d:\0.\tex/latex/siunitx\siunitx.sty
Package: siunitx 2026-04-15 v3.5.4 A comprehensive (SI) units package
\l__siunitx_number_uncert_offset_int=\count336
\l__siunitx_number_exponent_fixed_int=\count337
\l__siunitx_number_min_decimal_int=\count338
\l__siunitx_number_min_integer_int=\count339
\l__siunitx_number_round_precision_int=\count340
\l__siunitx_number_lower_threshold_int=\count341
\l__siunitx_number_upper_threshold_int=\count342
\l__siunitx_number_group_first_int=\count343
\l__siunitx_number_group_size_int=\count344
\l__siunitx_number_group_min_int=\count345
\l__siunitx_number_group_minimum_int=\count346
\l__siunitx_compound_count_int=\count347

(d:\0.\tex/latex/translations\translations.sty
Package: translations 2022/02/05 v1.12 internationalization of LaTeX2e packages
 (CN)

(d:\0.\tex/generic/pdftexcmds\pdftexcmds.sty
Package: pdftexcmds 2020-06-27 v0.33 Utility functions of pdfTeX for LuaTeX (HO
)

(d:\0.\tex/generic/infwarerr\infwarerr.sty
Package: infwarerr 2019/12/03 v1.5 Providing info/warning/error messages (HO)
) (d:\0.\tex/generic/iftex\iftex.sty
Package: iftex 2024/12/12 v1.0g TeX engine tests
) (d:\0.\tex/generic/ltxcmds\ltxcmds.sty
Package: ltxcmds 2023-12-04 v1.26 LaTeX kernel commands for general use (HO)
)
Package pdftexcmds Info: \pdf@primitive is available.
Package pdftexcmds Info: \pdf@ifprimitive is available.
Package pdftexcmds Info: \pdfdraftmode found.
))
\l__siunitx_table_tmp_box=\box106
\l__siunitx_table_tmp_dim=\dimen259
\l__siunitx_table_column_width_dim=\dimen260
\l__siunitx_table_integer_box=\box107
\l__siunitx_table_decimal_box=\box108
\l__siunitx_table_uncert_box=\box109
\l__siunitx_table_before_box=\box110
\l__siunitx_table_after_box=\box111
\l__siunitx_table_before_dim=\dimen261
\l__siunitx_table_carry_dim=\dimen262
\l__siunitx_unit_tmp_int=\count348
\l__siunitx_unit_position_int=\count349
\l__siunitx_unit_total_int=\count350
\l__siunitx_sexagesimal_tmp_dim=\dimen263
\l__siunitx_sexagesimal_marker_box=\box112
\l__siunitx_sexagesimal_unit_box=\box113
)
(d:\0.\tex/latex/graphics\graphicx.sty
Package: graphicx 2024/12/31 v1.2e Enhanced LaTeX Graphics (DPC,SPQR)
 (d:\0.\tex/latex/graphics\graphics.sty
Package: graphics 2024/08/06 v1.4g Standard LaTeX Graphics (DPC,SPQR)

(d:\0.\tex/latex/graphics\trig.sty
Package: trig 2023/12/02 v1.11 sin cos tan (DPC)
) (d:\0.\tex/latex/graphics-cfg\graphics.cfg
File: graphics.cfg 2016/06/04 v1.11 sample graphics configuration
)
Package graphics Info: Driver file: pdftex.def on input line 106.
(d:\0.\tex/latex/graphics-def\pdftex.def
File: pdftex.def 2025/09/29 v1.2d Graphics/color driver for pdftex
))
\Gin@req@height=\dimen264
\Gin@req@width=\dimen265
) (d:\0.\tex/latex/xcolor\xcolor.sty
Package: xcolor 2024/09/29 v3.02 LaTeX color extensions (UK)

(d:\0.\tex/latex/graphics-cfg\color.cfg
File: color.cfg 2016/01/02 v1.6 sample color configuration
)
Package xcolor Info: Driver file: pdftex.def on input line 274.

(d:\0.\tex/latex/graphics\mathcolor.ltx)
Package xcolor Info: Model `cmy' substituted by `cmy0' on input line 1349.
Package xcolor Info: Model `hsb' substituted by `rgb' on input line 1353.
Package xcolor Info: Model `RGB' extended on input line 1365.
Package xcolor Info: Model `HTML' substituted by `rgb' on input line 1367.
Package xcolor Info: Model `Hsb' substituted by `hsb' on input line 1368.
Package xcolor Info: Model `tHsb' substituted by `hsb' on input line 1369.
Package xcolor Info: Model `HSB' substituted by `hsb' on input line 1370.
Package xcolor Info: Model `Gray' substituted by `gray' on input line 1371.
Package xcolor Info: Model `wave' substituted by `hsb' on input line 1372.
)
(d:\0.\tex/latex/caption\subcaption.sty
Package: subcaption 2023/07/28 v1.6b Sub-captions (AR)
 (d:\0.\tex/latex/caption\caption.sty
Package: caption 2023/08/05 v3.6o Customizing captions (AR)

(d:\0.\tex/latex/caption\caption3.sty
Package: caption3 2023/07/31 v2.4d caption3 kernel (AR)
\caption@tempdima=\dimen266
\captionmargin=\dimen267
\caption@leftmargin=\dimen268
\caption@rightmargin=\dimen269
\caption@width=\dimen270
\caption@indent=\dimen271
\caption@parindent=\dimen272
\caption@hangindent=\dimen273
Package caption Info: Unknown document class (or package),
(caption)             standard defaults will be used.
Package caption Info: \@makecaption = \long macro:#1#2->\small \vskip \abovecap
tionskip \sbox \@tempboxa {{\bfseries #1.} #2}\ifdim \wd \@tempboxa >\hsize {\b
fseries #1.} #2\par \else \global \@minipagefalse \hb@xt@ \hsize {\hfil \box \@
tempboxa \hfil }\fi \vskip \belowcaptionskip  on input line 1175.
)

Package caption Warning: Unknown document class (or package),
(caption)                standard defaults will be used.
See the caption package documentation for explanation.

\c@caption@flags=\count351
\c@continuedfloat=\count352
)
Package caption Info: New subtype `subfigure' on input line 238.
\c@subfigure=\count353
Package caption Info: New subtype `subtable' on input line 238.
\c@subtable=\count354
) (d:\0.\tex/latex/float\float.sty
Package: float 2001/11/08 v1.3d Float enhancements (AL)
\c@float@type=\count355
\float@exts=\toks34
\float@box=\box114
\@float@everytoks=\toks35
\@floatcapt=\box115
)
(d:\0.\tex/latex/pgf/frontendlayer\tikz.sty
(d:\0.\tex/latex/pgf/basiclayer\pgf.sty
(d:\0.\tex/latex/pgf/utilities\pgfrcs.sty
(d:\0.\tex/generic/pgf/utilities\pgfutil-common.tex
\pgfutil@everybye=\toks36
\pgfutil@tempdima=\dimen274
\pgfutil@tempdimb=\dimen275
)
(d:\0.\tex/generic/pgf/utilities\pgfutil-latex.def
\pgfutil@abb=\box116
)
(d:\0.\tex/generic/pgf/utilities\pgfrcs.code.tex
(d:\0.\tex/generic/pgf\pgf.revision.tex)
Package: pgfrcs 2025-08-29 v3.1.11a (3.1.11a)
))
Package: pgf 2025-08-29 v3.1.11a (3.1.11a)

(d:\0.\tex/latex/pgf/basiclayer\pgfcore.sty
(d:\0.\tex/latex/pgf/systemlayer\pgfsys.sty
(d:\0.\tex/generic/pgf/systemlayer\pgfsys.code.tex
Package: pgfsys 2025-08-29 v3.1.11a (3.1.11a)

(d:\0.\tex/generic/pgf/utilities\pgfkeys.code.tex
\pgfkeys@pathtoks=\toks37
\pgfkeys@temptoks=\toks38

(d:\0.\tex/generic/pgf/utilities\pgfkeyslibraryfiltered.code.tex
\pgfkeys@tmptoks=\toks39
))
\pgf@x=\dimen276
\pgf@y=\dimen277
\pgf@xa=\dimen278
\pgf@ya=\dimen279
\pgf@xb=\dimen280
\pgf@yb=\dimen281
\pgf@xc=\dimen282
\pgf@yc=\dimen283
\pgf@xd=\dimen284
\pgf@yd=\dimen285
\w@pgf@writea=\write3
\r@pgf@reada=\read2
\c@pgf@counta=\count356
\c@pgf@countb=\count357
\c@pgf@countc=\count358
\c@pgf@countd=\count359
\t@pgf@toka=\toks40
\t@pgf@tokb=\toks41
\t@pgf@tokc=\toks42
\pgf@sys@id@count=\count360

(d:\0.\tex/generic/pgf/systemlayer\pgf.cfg
File: pgf.cfg 2025-08-29 v3.1.11a (3.1.11a)
)
Driver file for pgf: pgfsys-pdftex.def

(d:\0.\tex/generic/pgf/systemlayer\pgfsys-pdftex.def
File: pgfsys-pdftex.def 2025-08-29 v3.1.11a (3.1.11a)

(d:\0.\tex/generic/pgf/systemlayer\pgfsys-common-pdf.def
File: pgfsys-common-pdf.def 2025-08-29 v3.1.11a (3.1.11a)
)))
(d:\0.\tex/generic/pgf/systemlayer\pgfsyssoftpath.code.tex
File: pgfsyssoftpath.code.tex 2025-08-29 v3.1.11a (3.1.11a)
\pgfsyssoftpath@smallbuffer@items=\count361
\pgfsyssoftpath@bigbuffer@items=\count362
)
(d:\0.\tex/generic/pgf/systemlayer\pgfsysprotocol.code.tex
File: pgfsysprotocol.code.tex 2025-08-29 v3.1.11a (3.1.11a)
))
(d:\0.\tex/generic/pgf/basiclayer\pgfcore.code.tex
Package: pgfcore 2025-08-29 v3.1.11a (3.1.11a)

(d:\0.\tex/generic/pgf/math\pgfmath.code.tex
(d:\0.\tex/generic/pgf/math\pgfmathutil.code.tex)
(d:\0.\tex/generic/pgf/math\pgfmathparser.code.tex
\pgfmath@dimen=\dimen286
\pgfmath@count=\count363
\pgfmath@box=\box117
\pgfmath@toks=\toks43
\pgfmath@stack@operand=\toks44
\pgfmath@stack@operation=\toks45
)
(d:\0.\tex/generic/pgf/math\pgfmathfunctions.code.tex)
(d:\0.\tex/generic/pgf/math\pgfmathfunctions.basic.code.tex)
(d:\0.\tex/generic/pgf/math\pgfmathfunctions.trigonometric.code.tex)
(d:\0.\tex/generic/pgf/math\pgfmathfunctions.random.code.tex)
(d:\0.\tex/generic/pgf/math\pgfmathfunctions.comparison.code.tex)
(d:\0.\tex/generic/pgf/math\pgfmathfunctions.base.code.tex)
(d:\0.\tex/generic/pgf/math\pgfmathfunctions.round.code.tex)
(d:\0.\tex/generic/pgf/math\pgfmathfunctions.misc.code.tex)
(d:\0.\tex/generic/pgf/math\pgfmathfunctions.integerarithmetics.code.tex)
(d:\0.\tex/generic/pgf/math\pgfmathcalc.code.tex)
(d:\0.\tex/generic/pgf/math\pgfmathfloat.code.tex
\c@pgfmathroundto@lastzeros=\count364
))
(d:\0.\tex/generic/pgf/math\pgfint.code.tex)
(d:\0.\tex/generic/pgf/basiclayer\pgfcorepoints.code.tex
File: pgfcorepoints.code.tex 2025-08-29 v3.1.11a (3.1.11a)
\pgf@picminx=\dimen287
\pgf@picmaxx=\dimen288
\pgf@picminy=\dimen289
\pgf@picmaxy=\dimen290
\pgf@pathminx=\dimen291
\pgf@pathmaxx=\dimen292
\pgf@pathminy=\dimen293
\pgf@pathmaxy=\dimen294
\pgf@xx=\dimen295
\pgf@xy=\dimen296
\pgf@yx=\dimen297
\pgf@yy=\dimen298
\pgf@zx=\dimen299
\pgf@zy=\dimen300
)
(d:\0.\tex/generic/pgf/basiclayer\pgfcorepathconstruct.code.tex
File: pgfcorepathconstruct.code.tex 2025-08-29 v3.1.11a (3.1.11a)
\pgf@path@lastx=\dimen301
\pgf@path@lasty=\dimen302
)
(d:\0.\tex/generic/pgf/basiclayer\pgfcorepathusage.code.tex
File: pgfcorepathusage.code.tex 2025-08-29 v3.1.11a (3.1.11a)
\pgf@shorten@end@additional=\dimen303
\pgf@shorten@start@additional=\dimen304
)
(d:\0.\tex/generic/pgf/basiclayer\pgfcorescopes.code.tex
File: pgfcorescopes.code.tex 2025-08-29 v3.1.11a (3.1.11a)
\pgfpic=\box118
\pgf@hbox=\box119
\pgf@layerbox@main=\box120
\pgf@picture@serial@count=\count365
)
(d:\0.\tex/generic/pgf/basiclayer\pgfcoregraphicstate.code.tex
File: pgfcoregraphicstate.code.tex 2025-08-29 v3.1.11a (3.1.11a)
\pgflinewidth=\dimen305
)
(d:\0.\tex/generic/pgf/basiclayer\pgfcoretransformations.code.tex
File: pgfcoretransformations.code.tex 2025-08-29 v3.1.11a (3.1.11a)
\pgf@pt@x=\dimen306
\pgf@pt@y=\dimen307
\pgf@pt@temp=\dimen308
)
(d:\0.\tex/generic/pgf/basiclayer\pgfcorequick.code.tex
File: pgfcorequick.code.tex 2025-08-29 v3.1.11a (3.1.11a)
)
(d:\0.\tex/generic/pgf/basiclayer\pgfcoreobjects.code.tex
File: pgfcoreobjects.code.tex 2025-08-29 v3.1.11a (3.1.11a)
)
(d:\0.\tex/generic/pgf/basiclayer\pgfcorepathprocessing.code.tex
File: pgfcorepathprocessing.code.tex 2025-08-29 v3.1.11a (3.1.11a)
)
(d:\0.\tex/generic/pgf/basiclayer\pgfcorearrows.code.tex
File: pgfcorearrows.code.tex 2025-08-29 v3.1.11a (3.1.11a)
\pgfarrowsep=\dimen309
)
(d:\0.\tex/generic/pgf/basiclayer\pgfcoreshade.code.tex
File: pgfcoreshade.code.tex 2025-08-29 v3.1.11a (3.1.11a)
\pgf@max=\dimen310
\pgf@sys@shading@range@num=\count366
\pgf@shadingcount=\count367
)
(d:\0.\tex/generic/pgf/basiclayer\pgfcoreimage.code.tex
File: pgfcoreimage.code.tex 2025-08-29 v3.1.11a (3.1.11a)
)
(d:\0.\tex/generic/pgf/basiclayer\pgfcoreexternal.code.tex
File: pgfcoreexternal.code.tex 2025-08-29 v3.1.11a (3.1.11a)
\pgfexternal@startupbox=\box121
)
(d:\0.\tex/generic/pgf/basiclayer\pgfcorelayers.code.tex
File: pgfcorelayers.code.tex 2025-08-29 v3.1.11a (3.1.11a)
)
(d:\0.\tex/generic/pgf/basiclayer\pgfcoretransparency.code.tex
File: pgfcoretransparency.code.tex 2025-08-29 v3.1.11a (3.1.11a)
)
(d:\0.\tex/generic/pgf/basiclayer\pgfcorepatterns.code.tex
File: pgfcorepatterns.code.tex 2025-08-29 v3.1.11a (3.1.11a)
)
(d:\0.\tex/generic/pgf/basiclayer\pgfcorerdf.code.tex
File: pgfcorerdf.code.tex 2025-08-29 v3.1.11a (3.1.11a)
)))
(d:\0.\tex/generic/pgf/modules\pgfmoduleshapes.code.tex
File: pgfmoduleshapes.code.tex 2025-08-29 v3.1.11a (3.1.11a)
\pgfnodeparttextbox=\box122
)
(d:\0.\tex/generic/pgf/modules\pgfmoduleplot.code.tex
File: pgfmoduleplot.code.tex 2025-08-29 v3.1.11a (3.1.11a)
)
(d:\0.\tex/latex/pgf/compatibility\pgfcomp-version-0-65.sty
Package: pgfcomp-version-0-65 2025-08-29 v3.1.11a (3.1.11a)
\pgf@nodesepstart=\dimen311
\pgf@nodesepend=\dimen312
)
(d:\0.\tex/latex/pgf/compatibility\pgfcomp-version-1-18.sty
Package: pgfcomp-version-1-18 2025-08-29 v3.1.11a (3.1.11a)
))
(d:\0.\tex/latex/pgf/utilities\pgffor.sty
(d:\0.\tex/latex/pgf/utilities\pgfkeys.sty
(d:\0.\tex/generic/pgf/utilities\pgfkeys.code.tex))
(d:\0.\tex/latex/pgf/math\pgfmath.sty
(d:\0.\tex/generic/pgf/math\pgfmath.code.tex))
(d:\0.\tex/generic/pgf/utilities\pgffor.code.tex
Package: pgffor 2025-08-29 v3.1.11a (3.1.11a)
\pgffor@iter=\dimen313
\pgffor@skip=\dimen314
\pgffor@stack=\toks46
\pgffor@toks=\toks47
))
(d:\0.\tex/generic/pgf/frontendlayer/tikz\tikz.code.tex
Package: tikz 2025-08-29 v3.1.11a (3.1.11a)

(d:\0.\tex/generic/pgf/libraries\pgflibraryplothandlers.code.tex
File: pgflibraryplothandlers.code.tex 2025-08-29 v3.1.11a (3.1.11a)
\pgf@plot@mark@count=\count368
\pgfplotmarksize=\dimen315
)
\tikz@lastx=\dimen316
\tikz@lasty=\dimen317
\tikz@lastxsaved=\dimen318
\tikz@lastysaved=\dimen319
\tikz@lastmovetox=\dimen320
\tikz@lastmovetoy=\dimen321
\tikzleveldistance=\dimen322
\tikzsiblingdistance=\dimen323
\tikz@figbox=\box123
\tikz@figbox@bg=\box124
\tikz@tempbox=\box125
\tikz@tempbox@bg=\box126
\tikztreelevel=\count369
\tikznumberofchildren=\count370
\tikznumberofcurrentchild=\count371
\tikz@fig@count=\count372

(d:\0.\tex/generic/pgf/modules\pgfmodulematrix.code.tex
File: pgfmodulematrix.code.tex 2025-08-29 v3.1.11a (3.1.11a)
\pgfmatrixcurrentrow=\count373
\pgfmatrixcurrentcolumn=\count374
\pgf@matrix@numberofcolumns=\count375
)
\tikz@expandcount=\count376

(d:\0.\tex/generic/pgf/frontendlayer/tikz/libraries\tikzlibrarytopaths.code.tex
File: tikzlibrarytopaths.code.tex 2025-08-29 v3.1.11a (3.1.11a)
))) (d:\0.\tex/generic/pgf/libraries\pgflibraryarrows.meta.code.tex
File: pgflibraryarrows.meta.code.tex 2025-08-29 v3.1.11a (3.1.11a)
\pgfarrowinset=\dimen324
\pgfarrowlength=\dimen325
\pgfarrowwidth=\dimen326
\pgfarrowlinewidth=\dimen327
)
(d:\0.\tex/generic/pgf/frontendlayer/tikz/libraries\tikzlibrarypositioning.code
.tex
File: tikzlibrarypositioning.code.tex 2025-08-29 v3.1.11a (3.1.11a)
)
(d:\0.\tex/generic/pgf/frontendlayer/tikz/libraries\tikzlibraryfit.code.tex
File: tikzlibraryfit.code.tex 2025-08-29 v3.1.11a (3.1.11a)
)
(d:\0.\tex/generic/pgf/frontendlayer/tikz/libraries\tikzlibraryshapes.geometric
.code.tex
File: tikzlibraryshapes.geometric.code.tex 2025-08-29 v3.1.11a (3.1.11a)

(d:\0.\tex/generic/pgf/libraries/shapes\pgflibraryshapes.geometric.code.tex
File: pgflibraryshapes.geometric.code.tex 2025-08-29 v3.1.11a (3.1.11a)
))
(d:\0.\tex/generic/pgf/frontendlayer/tikz/libraries\tikzlibrarycalc.code.tex
File: tikzlibrarycalc.code.tex 2025-08-29 v3.1.11a (3.1.11a)
)
(d:\0.\tex/latex/hyperref\hyperref.sty
Package: hyperref 2025-07-12 v7.01o Hypertext links for LaTeX
 (d:\0.\tex/latex/kvsetkeys\kvsetkeys.sty
Package: kvsetkeys 2022-10-05 v1.19 Key value parser (HO)
) (d:\0.\tex/generic/kvdefinekeys\kvdefinekeys.sty
Package: kvdefinekeys 2019-12-19 v1.6 Define keys (HO)
)
(d:\0.\tex/generic/pdfescape\pdfescape.sty
Package: pdfescape 2019/12/09 v1.15 Implements pdfTeX's escape features (HO)
)
(d:\0.\tex/latex/hycolor\hycolor.sty
Package: hycolor 2020-01-27 v1.10 Color options for hyperref/bookmark (HO)
) (d:\0.\tex/latex/hyperref\nameref.sty
Package: nameref 2025-06-21 v2.57 Cross-referencing by name of section

(d:\0.\tex/latex/refcount\refcount.sty
Package: refcount 2019/12/15 v3.6 Data extraction from label references (HO)
)
(d:\0.\tex/generic/gettitlestring\gettitlestring.sty
Package: gettitlestring 2019/12/15 v1.6 Cleanup title references (HO)

(d:\0.\tex/latex/kvoptions\kvoptions.sty
Package: kvoptions 2022-06-15 v3.15 Key value format for package options (HO)
))
\c@section@level=\count377
)
(d:\0.\tex/generic/stringenc\stringenc.sty
Package: stringenc 2019/11/29 v1.12 Convert strings between diff. encodings (HO
)
)
\@linkdim=\dimen328
\Hy@linkcounter=\count378
\Hy@pagecounter=\count379

(d:\0.\tex/latex/hyperref\pd1enc.def
File: pd1enc.def 2025-07-12 v7.01o Hyperref: PDFDocEncoding definition (HO)
Now handling font encoding PD1 ...
... no UTF-8 mapping file for font encoding PD1
) (d:\0.\tex/generic/intcalc\intcalc.sty
Package: intcalc 2019/12/15 v1.3 Expandable calculations with integers (HO)
)
\Hy@SavedSpaceFactor=\count380

(d:\0.\tex/latex/hyperref\puenc.def
File: puenc.def 2025-07-12 v7.01o Hyperref: PDF Unicode definition (HO)
Now handling font encoding PU ...
... no UTF-8 mapping file for font encoding PU
)
Package hyperref Info: Hyper figures OFF on input line 4195.
Package hyperref Info: Link nesting OFF on input line 4200.
Package hyperref Info: Hyper index ON on input line 4203.
Package hyperref Info: Plain pages OFF on input line 4210.
Package hyperref Info: Backreferencing OFF on input line 4215.
Package hyperref Info: Implicit mode ON; LaTeX internals redefined.
Package hyperref Info: Bookmarks ON on input line 4462.
\c@Hy@tempcnt=\count381
 (d:\0.\tex/latex/url\url.sty
\Urlmuskip=\muskip18
Package: url 2013/09/16  ver 3.4  Verb mode for urls, etc.
)
LaTeX Info: Redefining \url on input line 4801.
\XeTeXLinkMargin=\dimen329

(d:\0.\tex/generic/bitset\bitset.sty
Package: bitset 2019/12/09 v1.3 Handle bit-vector datatype (HO)

(d:\0.\tex/generic/bigintcalc\bigintcalc.sty
Package: bigintcalc 2019/12/15 v1.5 Expandable calculations on big integers (HO
)
))
\Fld@menulength=\count382
\Field@Width=\dimen330
\Fld@charsize=\dimen331
Package hyperref Info: Hyper figures OFF on input line 6078.
Package hyperref Info: Link nesting OFF on input line 6083.
Package hyperref Info: Hyper index ON on input line 6086.
Package hyperref Info: backreferencing OFF on input line 6093.
Package hyperref Info: Link coloring OFF on input line 6098.
Package hyperref Info: Link coloring with OCG OFF on input line 6103.
Package hyperref Info: PDF/A mode OFF on input line 6108.
\Hy@abspage=\count383
\c@Item=\count384
\c@Hfootnote=\count385
)
Package hyperref Info: Driver (autodetected): hpdftex.

(d:\0.\tex/latex/hyperref\hpdftex.def
File: hpdftex.def 2025-07-12 v7.01o Hyperref driver for pdfTeX
\Fld@listcount=\count386
\c@bookmark@seq@number=\count387

(d:\0.\tex/latex/rerunfilecheck\rerunfilecheck.sty
Package: rerunfilecheck 2025-06-21 v1.11 Rerun checks for auxiliary files (HO)

(d:\0.\tex/generic/uniquecounter\uniquecounter.sty
Package: uniquecounter 2019/12/15 v1.4 Provide unlimited unique counter (HO)
)
Package uniquecounter Info: New unique counter `rerunfilecheck' on input line 2
84.
)
\Hy@SectionHShift=\skip75
)
(d:\0.\tex/latex/cleveref\cleveref.sty
Package: cleveref 2018/03/27 v0.21.4 Intelligent cross-referencing
Package cleveref Info: `hyperref' support loaded on input line 2370.
LaTeX Info: Redefining \cref on input line 2370.
LaTeX Info: Redefining \Cref on input line 2370.
LaTeX Info: Redefining \crefrange on input line 2370.
LaTeX Info: Redefining \Crefrange on input line 2370.
LaTeX Info: Redefining \cpageref on input line 2370.
LaTeX Info: Redefining \Cpageref on input line 2370.
LaTeX Info: Redefining \cpagerefrange on input line 2370.
LaTeX Info: Redefining \Cpagerefrange on input line 2370.
LaTeX Info: Redefining \labelcref on input line 2370.
LaTeX Info: Redefining \labelcpageref on input line 2370.
Package cleveref Info: `aliascnt' support loaded on input line 3193.
)
==> First Aid for cleveref.sty applied!
Package translations Info: No language package found. I am going to use `englis
h' as default language. on input line 75.
(d:\0.\tex/latex/l3backend\l3backend-pdftex.def
File: l3backend-pdftex.def 2025-10-09 L3 backend support: PDF output (pdfTeX)
\l__color_backend_stack_int=\count388
)
(D:\0. NCS\CODE\p0_project\paper\main_lnns.aux)
\openout1 = `main_lnns.aux'.

LaTeX Font Info:    Checking defaults for OML/cmm/m/it on input line 75.
LaTeX Font Info:    ... okay on input line 75.
LaTeX Font Info:    Checking defaults for OMS/cmsy/m/n on input line 75.
LaTeX Font Info:    ... okay on input line 75.
LaTeX Font Info:    Checking defaults for OT1/cmr/m/n on input line 75.
LaTeX Font Info:    ... okay on input line 75.
LaTeX Font Info:    Checking defaults for T1/cmr/m/n on input line 75.
LaTeX Font Info:    ... okay on input line 75.
LaTeX Font Info:    Checking defaults for TS1/cmr/m/n on input line 75.
LaTeX Font Info:    ... okay on input line 75.
LaTeX Font Info:    Checking defaults for OMX/cmex/m/n on input line 75.
LaTeX Font Info:    ... okay on input line 75.
LaTeX Font Info:    Checking defaults for U/cmr/m/n on input line 75.
LaTeX Font Info:    ... okay on input line 75.
LaTeX Font Info:    Checking defaults for PD1/pdf/m/n on input line 75.
LaTeX Font Info:    ... okay on input line 75.
LaTeX Font Info:    Checking defaults for PU/pdf/m/n on input line 75.
LaTeX Font Info:    ... okay on input line 75.
LaTeX Info: Redefining \microtypecontext on input line 75.
Package microtype Info: Applying patch `item' on input line 75.
Package microtype Info: Applying patch `toc' on input line 75.
Package microtype Info: Applying patch `eqnum' on input line 75.
Package microtype Info: Applying patch `footnote' on input line 75.
Package microtype Info: Applying patch `verbatim' on input line 75.
LaTeX Info: Redefining \microtypesetup on input line 75.
Package microtype Info: Generating PDF output.
Package microtype Info: Character protrusion enabled (level 2).
Package microtype Info: Using default protrusion set `alltext'.
Package microtype Info: No font expansion.
Package microtype Info: No adjustment of tracking.
Package microtype Info: No adjustment of interword spacing.
Package microtype Info: No adjustment of character kerning.

(d:\0.\tex/latex/microtype\mt-cmr.cfg
File: mt-cmr.cfg 2013/05/19 v2.2 microtype config. file: Computer Modern Roman 
(RS)
)
(d:\0.\tex/latex/translations/dicts\translations-basic-dictionary-english.trsl
File: translations-basic-dictionary-english.trsl (english translation file `tra
nslations-basic-dictionary')
)
Package translations Info: loading dictionary `translations-basic-dictionary' f
or `english'. on input line 75.
(d:\0.\tex/context/base/mkii\supp-pdf.mkii
[Loading MPS to PDF converter (version 2006.09.02).]
\scratchcounter=\count389
\scratchdimen=\dimen332
\scratchbox=\box127
\nofMPsegments=\count390
\nofMParguments=\count391
\everyMPshowfont=\toks48
\MPscratchCnt=\count392
\MPscratchDim=\dimen333
\MPnumerator=\count393
\makeMPintoPDFobject=\count394
\everyMPtoPDFconversion=\toks49
) (d:\0.\tex/latex/epstopdf-pkg\epstopdf-base.sty
Package: epstopdf-base 2020-01-24 v2.11 Base part for package epstopdf
Package epstopdf-base Info: Redefining graphics rule for `.eps' on input line 4
85.

(d:\0.\tex/latex/00miktex\epstopdf-sys.cfg
File: epstopdf-sys.cfg 2021/03/18 v2.0 Configuration of epstopdf for MiKTeX
))
Package caption Info: Begin \AtBeginDocument code.
Package caption Info: float package is loaded.
Package caption Info: hyperref package is loaded.
Package caption Info: End \AtBeginDocument code.
Package hyperref Info: Link coloring OFF on input line 75.

(D:\0. NCS\CODE\p0_project\paper\main_lnns.out)
(D:\0. NCS\CODE\p0_project\paper\main_lnns.out)
\@outlinefile=\write4
\openout4 = `main_lnns.out'.

LaTeX Font Info:    Trying to load font information for U+msa on input line 99.


(d:\0.\tex/latex/amsfonts\umsa.fd
File: umsa.fd 2013/01/14 v3.01 AMS symbols A
) (d:\0.\tex/latex/microtype\mt-msa.cfg
File: mt-msa.cfg 2006/02/04 v1.1 microtype config. file: AMS symbols (a) (RS)
)
LaTeX Font Info:    Trying to load font information for U+msb on input line 99.


(d:\0.\tex/latex/amsfonts\umsb.fd
File: umsb.fd 2013/01/14 v3.01 AMS symbols B
) (d:\0.\tex/latex/microtype\mt-msb.cfg
File: mt-msb.cfg 2005/06/01 v1.0 microtype config. file: AMS symbols (b) (RS)
)
Package microtype Info: Loading generic protrusion settings for font family
(microtype)             `cmtt' (encoding: T1).
(microtype)             For optimal results, create family-specific settings.
(microtype)             See the microtype manual for details.

[1

{C:/Users/tuanymc/AppData/Local/MiKTeX/fonts/map/pdftex/pdftex.map}] [2]
[3]
Overfull \hbox (19.59691pt too wide) in paragraph at lines 328--341
\T1/cmr/m/n/10 ants (DKVMN) [[]], and attention-based ar-chi-tec-tures (AKT, si
m-pleKT) [[],[],[],[]].
 []


Overfull \hbox (1.79126pt too wide) in paragraph at lines 328--341
\T1/cmr/m/n/10 se-quence mod-elling. Large-scale sur-veys [[]] doc-u-ment rapid
 ar-chi-tec-tural progress
 []

[4]
Overfull \hbox (10.00926pt too wide) in paragraph at lines 342--353
\T1/cmr/m/n/10 NLL) with-out au-dit-ing aux-il-iary struc-ture. Pre-pro-cess-in
g choices---sequence length,
 []

[5]
Overfull \hbox (1.77676pt too wide) in paragraph at lines 455--464
\T1/cmr/m/it/10 par-al-lel \T1/cmr/m/n/10 audits---they do not re-train models-
--which keeps the pro-to-col lightweight
 []

[6] [7]
Underfull \hbox (badness 10000) in paragraph at lines 565--565
[]|\T1/cmr/m/n/9 Learner iden-
 []


Underfull \hbox (badness 10000) in paragraph at lines 565--565
\T1/cmr/m/n/9 ti-fiers reused
 []


Underfull \hbox (badness 10000) in paragraph at lines 565--565
\T1/cmr/m/n/9 across train,
 []


Underfull \hbox (badness 10000) in paragraph at lines 565--565
\T1/cmr/m/n/9 val-i-da-tion, and
 []


Underfull \hbox (badness 1259) in paragraph at lines 569--569
[]|\T1/cmr/m/n/9 Interactions out-
 []


Underfull \hbox (badness 1178) in paragraph at lines 569--569
\T1/cmr/m/n/9 side $\OMS/cmsy/m/n/9 F[]$ \T1/cmr/m/n/9 used
 []


Underfull \hbox (badness 3333) in paragraph at lines 569--569
\T1/cmr/m/n/9 as ev-i-dence for
 []


Underfull \hbox (badness 2717) in paragraph at lines 570--570
[]|\T1/cmr/m/n/9 Prerequisite or sim-i-lar-ity edge re-
 []


Underfull \hbox (badness 2359) in paragraph at lines 570--570
\T1/cmr/m/n/9 tained be-cause val/test tran-si-tions
 []


Underfull \hbox (badness 4279) in paragraph at lines 570--570
\T1/cmr/m/n/9 in-flate co-occurrence or tran-si-tion
 []


Underfull \hbox (badness 10000) in paragraph at lines 573--573
[]|\T1/cmr/m/n/9 Outcomes or
 []


Underfull \hbox (badness 10000) in paragraph at lines 577--577
[]|\T1/cmr/m/n/9 Violating the
 []


Underfull \hbox (badness 10000) in paragraph at lines 577--577
\T1/cmr/m/n/9 times-tamp
 []


Underfull \hbox (badness 10000) in paragraph at lines 578--578
[]|\T1/cmr/m/n/9 Post-boundary at-tempts in-cluded
 []


Underfull \hbox (badness 10000) in paragraph at lines 580--580
[]|\T1/cmr/m/n/9 Cold-start
 []


Underfull \hbox (badness 10000) in paragraph at lines 580--580
\T1/cmr/m/n/9 neigh-bour-
 []


Underfull \hbox (badness 10000) in paragraph at lines 581--581
[]|\T1/cmr/m/n/9 Tail-knowledge
 []


Underfull \hbox (badness 10000) in paragraph at lines 581--581
\T1/cmr/m/n/9 dom-i-nated by
 []


Underfull \hbox (badness 10000) in paragraph at lines 581--581
\T1/cmr/m/n/9 non-train sup-
 []


Overfull \hbox (3.17342pt too wide) in paragraph at lines 560--586
 [][] 
 []

[8]
Overfull \hbox (4.46684pt too wide) in paragraph at lines 632--638
\T1/cmr/m/n/10 matrix sum-mary re-lat-ing struc-tural edge mass to out-come mas
s; if $[]\OT1/cmr/m/n/10 (\OT1/cmr/bx/n/10 w[]\OML/cmm/m/it/10 ; \OT1/cmr/bx/n/
10 y[]\OT1/cmr/m/n/10 ) =
 []

[9] [10] [11] [12] [13] (results/tables/dataset_stats.tex
Underfull \hbox (badness 10000) in paragraph at lines 5--5
[]\T1/cmr/m/n/10 Table 2: |Dataset statis-tics used in the P0 di-ag-nos-tic pro
-to-col.
 []


Underfull \hbox (badness 10000) in paragraph at lines 5--5
\T1/cmr/m/n/10 Junyi Academy counts re-flect the Chang et al. problem-level log

 []

) [14] (results/tables/leakage_metrics.tex)
(results/tables/dag_audit_summary.tex) [15]
<results/figures/fig_kt_graph_junyi.pdf, id=457, 296.307pt x 223.67941pt>
File: results/figures/fig_kt_graph_junyi.pdf Graphic file (type pdf)
<use results/figures/fig_kt_graph_junyi.pdf>
Package pdftex.def Info: results/figures/fig_kt_graph_junyi.pdf  used on input 
line 977.
(pdftex.def)             Requested size: 111.08206pt x 83.85225pt.
<results/figures/fig_kt_graph_assist2012.pdf, id=458, 296.307pt x 223.67941pt>
File: results/figures/fig_kt_graph_assist2012.pdf Graphic file (type pdf)
<use results/figures/fig_kt_graph_assist2012.pdf>
Package pdftex.def Info: results/figures/fig_kt_graph_assist2012.pdf  used on i
nput line 984.
(pdftex.def)             Requested size: 111.08206pt x 83.85225pt.
<results/figures/fig_kt_graph_xes3g5m.pdf, id=459, 296.307pt x 223.67941pt>
File: results/figures/fig_kt_graph_xes3g5m.pdf Graphic file (type pdf)
<use results/figures/fig_kt_graph_xes3g5m.pdf>
Package pdftex.def Info: results/figures/fig_kt_graph_xes3g5m.pdf  used on inpu
t line 991.
(pdftex.def)             Requested size: 111.08206pt x 83.85225pt.
<results/figures/fig_ddr_junyi.pdf, id=463, 542.025pt x 361.35pt>
File: results/figures/fig_ddr_junyi.pdf Graphic file (type pdf)
<use results/figures/fig_ddr_junyi.pdf>
Package pdftex.def Info: results/figures/fig_ddr_junyi.pdf  used on input line 
1013.
(pdftex.def)             Requested size: 110.73248pt x 73.81808pt.
<results/figures/fig_ddr_assist2012.pdf, id=464, 542.025pt x 361.35pt>
File: results/figures/fig_ddr_assist2012.pdf Graphic file (type pdf)
<use results/figures/fig_ddr_assist2012.pdf>
Package pdftex.def Info: results/figures/fig_ddr_assist2012.pdf  used on input 
line 1020.
(pdftex.def)             Requested size: 110.73248pt x 73.81808pt.
<results/figures/fig_ddr_xes3g5m.pdf, id=465, 542.025pt x 361.35pt>
File: results/figures/fig_ddr_xes3g5m.pdf Graphic file (type pdf)
<use results/figures/fig_ddr_xes3g5m.pdf>
Package pdftex.def Info: results/figures/fig_ddr_xes3g5m.pdf  used on input lin
e 1027.
(pdftex.def)             Requested size: 110.73248pt x 73.81808pt.

Underfull \vbox (badness 2875) has occurred while \output is active []

 [16 <./results/figures/fig_kt_graph_junyi.pdf> <./results/figures/fig_kt_graph
_assist2012.pdf> <./results/figures/fig_kt_graph_xes3g5m.pdf>]
Overfull \hbox (5.09416pt too wide) in paragraph at lines 1060--1061
[]|[]|  
 []

[17 <./results/figures/fig_ddr_junyi.pdf> <./results/figures/fig_ddr_assist2012
.pdf> <./results/figures/fig_ddr_xes3g5m.pdf>]
Overfull \hbox (28.77515pt too wide) in paragraph at lines 1092--1103
[]\T1/cmr/m/n/10 The rel-a-tive or-der-ing $[]\OT1/cmr/m/n/10 ([]) \OML/cmm/m/i
t/10 < []\OT1/cmr/m/n/10 ([]) \OML/cmm/m/it/10 < []\OT1/cmr/m/n/10 ([]) \OML/cm
m/m/it/10 <
 []

(results/tables/cold_start_by_stratum.tex) [18]
(results/tables/baseline_results.tex
Overfull \hbox (0.55345pt too wide) in paragraph at lines 15--15
[]|\T1/cmr/m/it/9 simpleKT|  
 []


Overfull \hbox (0.55345pt too wide) in paragraph at lines 38--38
[]|\T1/cmr/m/it/9 simpleKT|  
 []


Overfull \hbox (0.55345pt too wide) in paragraph at lines 61--61
[]|\T1/cmr/m/it/9 simpleKT|  
 []


Overfull \hbox (0.55345pt too wide) in paragraph at lines 84--84
[]|\T1/cmr/m/it/9 simpleKT|  
 []


Overfull \hbox (0.55345pt too wide) in paragraph at lines 107--107
[]|\T1/cmr/m/it/9 simpleKT|  
 []

) [19] (results/tables/baseline_cv_template.tex)
Overfull \hbox (10.48938pt too wide) in paragraph at lines 1174--1183
\T1/cmr/m/n/10 from the en-tire pre-pro-cessed in-ter-ac-tion ta-ble ($\T1/cmtt
/m/n/10 data / processed / <[]dataset >[] /full \
 []


Overfull \hbox (9.45403pt too wide) in paragraph at lines 1185--1194
\T1/cmr/m/n/10 tamps in the pre-pro-cessed ta-ble while \T1/cmr/m/it/10 keep-in
g \T1/cmr/m/n/10 the same learner-based train/val/test
 []

[20] (results/tables/graph_ablation.tex)
Overfull \hbox (3.14735pt too wide) in paragraph at lines 1196--1211
\T1/cmr/m/n/10 ex-hibits the largest re-leased deltas (GIKT $\OML/cmm/m/it/10 ^
^A[][][]\OT1/cmr/m/n/10 0\OML/cmm/m/it/10 :\OT1/cmr/m/n/10 004$\T1/cmr/m/n/10 ,
 $\OML/cmm/m/it/10 ^^A[][][]\OT1/cmr/m/n/10 0\OML/cmm/m/it/10 :\OT1/cmr/m/n/10 
005$\T1/cmr/m/n/10 ; GKT
 []

[21] [22] (results/tables/gt_validation_table.tex)
<results/figures/fig_pr_curve.pdf, id=779, 433.62pt x 289.08pt>
File: results/figures/fig_pr_curve.pdf Graphic file (type pdf)
<use results/figures/fig_pr_curve.pdf>
Package pdftex.def Info: results/figures/fig_pr_curve.pdf  used on input line 1
259.
(pdftex.def)             Requested size: 225.62817pt x 150.4195pt.

Underfull \hbox (badness 1571) in paragraph at lines 1264--1264
[]\T1/cmr/m/n/10 Fig.5: |Edge-level pre-ci-sion and re-call of train-only in-fe
rred $\OML/cmm/m/it/10 E[]$ \T1/cmr/m/n/10 ver-sus
 []


Underfull \hbox (badness 1087) in paragraph at lines 1264--1264
\T1/cmr/m/n/10 the ex-pert pre-req-ui-site an-no-ta-tion on Junyi, across top-$
\OML/cmm/m/it/10 K$ \T1/cmr/m/n/10 cut-offs $\OML/cmm/m/it/10 K \OMS/cmsy/m/n/1
0 2
 []


Underfull \vbox (badness 3088) has occurred while \output is active []

 [23 <./results/figures/fig_pr_curve.pdf>]
Overfull \hbox (2.84656pt too wide) in paragraph at lines 1299--1320
\T1/cmr/m/n/10 nantly bidi-rec-tional pairs of co-occurring basic-arithmetic sk
ills, e.g. \T1/cmtt/m/n/10 number_line
 []


Overfull \hbox (9.29102pt too wide) in paragraph at lines 1299--1320
\OMS/cmsy/m/n/10 $$ \T1/cmtt/m/n/10 addition_1 \T1/cmr/m/n/10 and \T1/cmtt/m/n/
10 addition_1 $\OMS/cmsy/m/n/10 $$ \T1/cmtt/m/n/10 representing_numbers\T1/cmr/
m/n/10 ; these re-flect temporal-
 []

[24]
Underfull \vbox (badness 3471) has occurred while \output is active []

 [25]
Underfull \vbox (badness 4569) has occurred while \output is active []

 [26]
[27] [28]
Overfull \hbox (1.87459pt too wide) in paragraph at lines 1444--1455
\T1/cmr/m/n/10 lit-er-a-ture; the find-ing per-tains to the pyKT GKT/GIKT/SKT/D
yGKT/DGEKT
 []

[29]
Overfull \hbox (5.65097pt too wide) in paragraph at lines 1504--1519
 []\T1/cmr/m/it/10 Behavioural ver-sus ex-pert pre-req-ui-site cu-ra-tion.[] \T
1/cmr/m/n/10 The ground-truth cross-validation
 []

[30]
Overfull \hbox (9.34753pt too wide) in paragraph at lines 1536--1547
[]\T1/cmr/m/n/10 A prac-ti-cal rec-om-men-da-tion fol-lows. When in-tro-duc-ing
 a new graph-augmented
 []

[31] [32]
Overfull \hbox (27.21631pt too wide) in paragraph at lines 1665--1679
\T1/cmr/m/n/10 tinct struc-tural regimes: $[]\OT1/cmr/m/n/10 ([]) \OML/cmm/m/it
/10 < []\OT1/cmr/m/n/10 ([]) \OML/cmm/m/it/10 < []\OT1/cmr/m/n/10 ([]) \OML/cmm
/m/it/10 <
 []

[33] (D:\0. NCS\CODE\p0_project\paper\main_lnns.bbl [34]
Underfull \hbox (badness 10000) in paragraph at lines 97--100
\T1/cmr/m/n/9 (2015), []$\T1/cmtt/m/n/9 https : / / pslcdatashop . web . cmu . 
edu / DatasetInfo ? datasetId = 1198$[]\T1/cmr/m/n/9 ,
 []


Underfull \hbox (badness 10000) in paragraph at lines 139--145
\T1/cmtt/m/n/9 558778f30960570a241476f4e648c66e-[]Abstract-[]Datasets _ and _ B
enchmarks .
 []


Underfull \hbox (badness 10000) in paragraph at lines 147--153
\T1/cmr/m/n/9 40643--40662 (2023), []$\T1/cmtt/m/n/9 https : / / proceedings . 
neurips . cc / paper _ files / paper /
 []


Underfull \hbox (badness 10000) in paragraph at lines 147--153
\T1/cmtt/m/n/9 2023 / hash / 67fc628f17c2ad53621fb961c6bafcaf-[]Abstract-[]Data
sets _ and _
 []

[35] [36]) [37] (D:\0. NCS\CODE\p0_project\paper\main_lnns.aux)
 ***********
LaTeX2e <2025-11-01>
L3 programming layer <2025-12-24>
 ***********
Package rerunfilecheck Info: File `main_lnns.out' has not changed.
(rerunfilecheck)             Checksum: A2D00FA77438CE63C5999C8140555B54;583.
 ) 
Here is how much of TeX's memory you used:
 31975 strings out of 467871
 645756 string characters out of 5437129
 1122250 words of memory out of 5000000
 60199 multiletter control sequences out of 15000+600000
 648941 words of font info for 87 fonts, out of 8000000 for 9000
 1141 hyphenation exceptions out of 8191
 88i,22n,94p,1201b,1198s stack positions out of 10000i,1000n,20000p,200000b,200000s
 <C:\Users\tuanymc\AppData\Local\MiKTeX\fonts/pk/ljfour/jknappen/ec/dpi600\ec
ti0700.pk> <C:\Users\tuanymc\AppData\Local\MiKTeX\fonts/pk/ljfour/jknappen/ec/d
pi600\ecrm0500.pk> <C:\Users\tuanymc\AppData\Local\MiKTeX\fonts/pk/ljfour/jknap
pen/ec/dpi600\eccc1000.pk> <C:\Users\tuanymc\AppData\Local\MiKTeX\fonts/pk/ljfo
ur/jknappen/ec/dpi600\ectt1000.pk> <C:\Users\tuanymc\AppData\Local\MiKTeX\fonts
/pk/ljfour/jknappen/ec/dpi600\ecti1000.pk> <C:\Users\tuanymc\AppData\Local\MiKT
eX\fonts/pk/ljfour/jknappen/ec/dpi600\ecbx1200.pk> <C:\Users\tuanymc\AppData\Lo
cal\MiKTeX\fonts/pk/ljfour/jknappen/ec/dpi600\tcrm0900.pk> <C:\Users\tuanymc\Ap
pData\Local\MiKTeX\fonts/pk/ljfour/jknappen/ec/dpi600\ecbx1000.pk> <C:\Users\tu
anymc\AppData\Local\MiKTeX\fonts/pk/ljfour/jknappen/ec/dpi600\ecrm0700.pk> <C:\
Users\tuanymc\AppData\Local\MiKTeX\fonts/pk/ljfour/jknappen/ec/dpi600\ecrm0600.
pk> <C:\Users\tuanymc\AppData\Local\MiKTeX\fonts/pk/ljfour/jknappen/ec/dpi600\e
cti0900.pk> <C:\Users\tuanymc\AppData\Local\MiKTeX\fonts/pk/ljfour/jknappen/ec/
dpi600\eccc0900.pk> <C:\Users\tuanymc\AppData\Local\MiKTeX\fonts/pk/ljfour/jkna
ppen/ec/dpi600\ecbx0900.pk> <C:\Users\tuanymc\AppData\Local\MiKTeX\fonts/pk/ljf
our/jknappen/ec/dpi600\ectt0900.pk> <C:\Users\tuanymc\AppData\Local\MiKTeX\font
s/pk/ljfour/jknappen/ec/dpi600\ecrm0900.pk> <C:\Users\tuanymc\AppData\Local\MiK
TeX\fonts/pk/ljfour/jknappen/ec/dpi600\ecrm1000.pk> <C:\Users\tuanymc\AppData\L
ocal\MiKTeX\fonts/pk/ljfour/jknappen/ec/dpi600\ecbx1440.pk><d:/0./fonts/type1/p
ublic/amsfonts/cm/cmbx10.pfb><d:/0./fonts/type1/public/amsfonts/cm/cmex10.pfb><
d:/0./fonts/type1/public/amsfonts/cm/cmmi10.pfb><d:/0./fonts/type1/public/amsfo
nts/cm/cmmi5.pfb><d:/0./fonts/type1/public/amsfonts/cm/cmmi6.pfb><d:/0./fonts/t
ype1/public/amsfonts/cm/cmmi7.pfb><d:/0./fonts/type1/public/amsfonts/cm/cmmi9.p
fb><d:/0./fonts/type1/public/amsfonts/cm/cmr10.pfb><d:/0./fonts/type1/public/am
sfonts/cm/cmr5.pfb><d:/0./fonts/type1/public/amsfonts/cm/cmr6.pfb><d:/0./fonts/
type1/public/amsfonts/cm/cmr7.pfb><d:/0./fonts/type1/public/amsfonts/cm/cmr9.pf
b><d:/0./fonts/type1/public/amsfonts/cm/cmsy10.pfb><d:/0./fonts/type1/public/am
sfonts/cm/cmsy7.pfb><d:/0./fonts/type1/public/amsfonts/cm/cmsy9.pfb><d:/0./font
s/type1/public/amsfonts/symbols/msbm10.pfb>
Output written on "D:\0. NCS\CODE\p0_project\paper\main_lnns.pdf" (37 pages, 66
7072 bytes).
PDF statistics:
 1715 PDF objects out of 1728 (max. 8388607)
 189 named destinations out of 1000 (max. 500000)
 16440 words of extra memory for PDF output out of 17280 (max. 10000000)

